---
http_interactions:
- request:
    method: post
    uri: https://legal-framework-api-staging.cloud-platform.service.justice.gov.uk/proceeding_type_defaults
    body:
      encoding: UTF-8
      string: '{"proceeding_type_ccms_code":"DA001","delegated_functions_used":true,"client_involvement_type":"A"}'
    headers:
      Content-Type:
      - application/json
      User-Agent:
      - Faraday v2.13.2
      Accept-Encoding:
      - gzip;q=1.0,deflate;q=0.6,identity;q=0.3
      Accept:
      - "*/*"
  response:
    status:
      code: 200
      message: OK
    headers:
      Date:
      - Mon, 14 Jul 2025 11:57:47 GMT
      Content-Type:
      - application/json; charset=utf-8
      Content-Length:
      - '477'
      Connection:
      - keep-alive
      X-Frame-Options:
      - SAMEORIGIN
      X-Xss-Protection:
      - '0'
      X-Content-Type-Options:
      - nosniff
      X-Permitted-Cross-Domain-Policies:
      - none
      Referrer-Policy:
      - strict-origin-when-cross-origin
      Vary:
      - Accept, Origin
      Etag:
      - W/"394350725076183ab4ae0116449123c3"
      Cache-Control:
      - max-age=0, private, must-revalidate
      X-Request-Id:
      - 5420cad662e97a2ad4ba4f1708ef2c6c
      X-Runtime:
      - '0.007044'
      Strict-Transport-Security:
      - max-age=31536000; includeSubDomains
    body:
      encoding: UTF-8
      string: '{"success":true,"requested_params":{"proceeding_type_ccms_code":"DA001","delegated_functions_used":true,"client_involvement_type":"A"},"default_level_of_service":{"level":3,"name":"Full
        Representation","stage":8},"default_scope":{"code":"CV117","meaning":"Interim
        order inc. return date","description":"Limited to all steps necessary to apply
        for an interim order; where application is made without notice to include
        representation on the return date.","additional_params":[]}}'
  recorded_at: Mon, 14 Jul 2025 11:57:47 GMT
- request:
    method: post
    uri: https://legal-framework-api-staging.cloud-platform.service.justice.gov.uk/proceeding_type_defaults
    body:
      encoding: UTF-8
      string: '{"proceeding_type_ccms_code":"SE014","delegated_functions_used":true,"client_involvement_type":"A"}'
    headers:
      Content-Type:
      - application/json
      User-Agent:
      - Faraday v2.13.2
      Accept-Encoding:
      - gzip;q=1.0,deflate;q=0.6,identity;q=0.3
      Accept:
      - "*/*"
  response:
    status:
      code: 200
      message: OK
    headers:
      Date:
      - Mon, 14 Jul 2025 11:57:47 GMT
      Content-Type:
      - application/json; charset=utf-8
      Content-Length:
      - '478'
      Connection:
      - keep-alive
      X-Frame-Options:
      - SAMEORIGIN
      X-Xss-Protection:
      - '0'
      X-Content-Type-Options:
      - nosniff
      X-Permitted-Cross-Domain-Policies:
      - none
      Referrer-Policy:
      - strict-origin-when-cross-origin
      Vary:
      - Accept, Origin
      Etag:
      - W/"e3662e528ef090ff8b1405f4c4132dfd"
      Cache-Control:
      - max-age=0, private, must-revalidate
      X-Request-Id:
      - 924da5c8865d7ccbf85771a39fbfec70
      X-Runtime:
      - '0.004934'
      Strict-Transport-Security:
      - max-age=31536000; includeSubDomains
    body:
      encoding: UTF-8
      string: '{"success":true,"requested_params":{"proceeding_type_ccms_code":"SE014","delegated_functions_used":true,"client_involvement_type":"A"},"default_level_of_service":{"level":1,"name":"Family
        Help (Higher)","stage":1},"default_scope":{"code":"CV117","meaning":"Interim
        order inc. return date","description":"Limited to all steps necessary to apply
        for an interim order; where application is made without notice to include
        representation on the return date.","additional_params":[]}}'
  recorded_at: Mon, 14 Jul 2025 11:57:47 GMT
- request:
    method: post
    uri: https://legal-framework-api-staging.cloud-platform.service.justice.gov.uk/proceeding_type_defaults
    body:
      encoding: UTF-8
      string: '{"proceeding_type_ccms_code":"DA001","delegated_functions_used":false,"client_involvement_type":"A"}'
    headers:
      Content-Type:
      - application/json
      User-Agent:
      - Faraday v2.13.2
      Accept-Encoding:
      - gzip;q=1.0,deflate;q=0.6,identity;q=0.3
      Accept:
      - "*/*"
  response:
    status:
      code: 200
      message: OK
    headers:
      Date:
      - Mon, 14 Jul 2025 11:57:48 GMT
      Content-Type:
      - application/json; charset=utf-8
      Content-Length:
      - '708'
      Connection:
      - keep-alive
      X-Frame-Options:
      - SAMEORIGIN
      X-Xss-Protection:
      - '0'
      X-Content-Type-Options:
      - nosniff
      X-Permitted-Cross-Domain-Policies:
      - none
      Referrer-Policy:
      - strict-origin-when-cross-origin
      Vary:
      - Accept, Origin
      Etag:
      - W/"738a2e1692d7caa18f9ac20fab29e586"
      Cache-Control:
      - max-age=0, private, must-revalidate
      X-Request-Id:
      - 238f9d470b8b250f157ed871a21a9dce
      X-Runtime:
      - '0.006976'
      Strict-Transport-Security:
      - max-age=31536000; includeSubDomains
    body:
      encoding: UTF-8
      string: '{"success":true,"requested_params":{"proceeding_type_ccms_code":"DA001","delegated_functions_used":false,"client_involvement_type":"A"},"default_level_of_service":{"level":3,"name":"Full
        Representation","stage":8},"default_scope":{"code":"AA019","meaning":"Injunction
        FLA-to final hearing","description":"As to proceedings under Part IV Family
        Law Act 1996 limited to all steps up to and including obtaining and serving
        a final order and in the event of breach leading to the exercise of a power
        of arrest to representation on the consideration of the breach by the court
        (but excluding applying for a warrant of arrest, if not attached, and representation
        in contempt proceedings).","additional_params":[]}}'
  recorded_at: Mon, 14 Jul 2025 11:57:48 GMT
- request:
    method: post
    uri: https://legal-framework-api-staging.cloud-platform.service.justice.gov.uk/proceeding_type_defaults
    body:
      encoding: UTF-8
      string: '{"proceeding_type_ccms_code":"SE014","delegated_functions_used":false,"client_involvement_type":"A"}'
    headers:
      Content-Type:
      - application/json
      User-Agent:
      - Faraday v2.13.2
      Accept-Encoding:
      - gzip;q=1.0,deflate;q=0.6,identity;q=0.3
      Accept:
      - "*/*"
  response:
    status:
      code: 200
      message: OK
    headers:
      Date:
      - Mon, 14 Jul 2025 11:57:48 GMT
      Content-Type:
      - application/json; charset=utf-8
      Content-Length:
      - '540'
      Connection:
      - keep-alive
      X-Frame-Options:
      - SAMEORIGIN
      X-Xss-Protection:
      - '0'
      X-Content-Type-Options:
      - nosniff
      X-Permitted-Cross-Domain-Policies:
      - none
      Referrer-Policy:
      - strict-origin-when-cross-origin
      Vary:
      - Accept, Origin
      Etag:
      - W/"1886b353521eb91de6839b95785fe23e"
      Cache-Control:
      - max-age=0, private, must-revalidate
      X-Request-Id:
      - 0a4cd7f8b869f5177e4c5affda3fbaaf
      X-Runtime:
      - '0.009883'
      Strict-Transport-Security:
      - max-age=31536000; includeSubDomains
    body:
      encoding: UTF-8
      string: '{"success":true,"requested_params":{"proceeding_type_ccms_code":"SE014","delegated_functions_used":false,"client_involvement_type":"A"},"default_level_of_service":{"level":1,"name":"Family
        Help (Higher)","stage":1},"default_scope":{"code":"FM059","meaning":"FHH Children","description":"Limited
        to Family Help (Higher) and to all steps necessary to negotiate and conclude
        a settlement. To include the issue of proceedings and representation in those
        proceedings save in relation to or at a contested final hearing.","additional_params":[]}}'
  recorded_at: Mon, 14 Jul 2025 11:57:48 GMT
- request:
    method: get
    uri: https://legal-framework-api-staging.cloud-platform.service.justice.gov.uk/client_involvement_types/DA001
    body:
      encoding: US-ASCII
      string: ''
    headers:
      Content-Type:
      - application/json
      User-Agent:
      - Faraday v2.13.2
      Accept-Encoding:
      - gzip;q=1.0,deflate;q=0.6,identity;q=0.3
      Accept:
      - "*/*"
  response:
    status:
      code: 200
      message: OK
    headers:
      Date:
      - Mon, 14 Jul 2025 11:57:48 GMT
      Content-Type:
      - application/json; charset=utf-8
      Content-Length:
      - '320'
      Connection:
      - keep-alive
      X-Frame-Options:
      - SAMEORIGIN
      X-Xss-Protection:
      - '0'
      X-Content-Type-Options:
      - nosniff
      X-Permitted-Cross-Domain-Policies:
      - none
      Referrer-Policy:
      - strict-origin-when-cross-origin
      Vary:
      - Accept, Origin
      Etag:
      - W/"634b8c627a1b078b5d1fffcb51ca2121"
      Cache-Control:
      - max-age=0, private, must-revalidate
      X-Request-Id:
      - 69dba1f5561e496ba2a5afa9b511b1f4
      X-Runtime:
      - '0.002786'
      Strict-Transport-Security:
      - max-age=31536000; includeSubDomains
    body:
      encoding: UTF-8
      string: '{"success":true,"client_involvement_type":[{"ccms_code":"A","description":"Applicant/claimant/petitioner"},{"ccms_code":"D","description":"Defendant/respondent"},{"ccms_code":"W","description":"Subject
        of proceedings (child)"},{"ccms_code":"I","description":"Intervenor"},{"ccms_code":"Z","description":"Joined
        party"}]}'
  recorded_at: Mon, 14 Jul 2025 11:57:48 GMT
- request:
    method: get
    uri: https://legal-framework-api-staging.cloud-platform.service.justice.gov.uk/client_involvement_types/SE014
    body:
      encoding: US-ASCII
      string: ''
    headers:
      Content-Type:
      - application/json
      User-Agent:
      - Faraday v2.13.2
      Accept-Encoding:
      - gzip;q=1.0,deflate;q=0.6,identity;q=0.3
      Accept:
      - "*/*"
  response:
    status:
      code: 200
      message: OK
    headers:
      Date:
      - Mon, 14 Jul 2025 11:57:48 GMT
      Content-Type:
      - application/json; charset=utf-8
      Content-Length:
      - '320'
      Connection:
      - keep-alive
      X-Frame-Options:
      - SAMEORIGIN
      X-Xss-Protection:
      - '0'
      X-Content-Type-Options:
      - nosniff
      X-Permitted-Cross-Domain-Policies:
      - none
      Referrer-Policy:
      - strict-origin-when-cross-origin
      Vary:
      - Accept, Origin
      Etag:
      - W/"634b8c627a1b078b5d1fffcb51ca2121"
      Cache-Control:
      - max-age=0, private, must-revalidate
      X-Request-Id:
      - df7a7708ecd4fe4f8a3cd58a777e9a7e
      X-Runtime:
      - '0.001781'
      Strict-Transport-Security:
      - max-age=31536000; includeSubDomains
    body:
      encoding: UTF-8
      string: '{"success":true,"client_involvement_type":[{"ccms_code":"A","description":"Applicant/claimant/petitioner"},{"ccms_code":"D","description":"Defendant/respondent"},{"ccms_code":"W","description":"Subject
        of proceedings (child)"},{"ccms_code":"I","description":"Intervenor"},{"ccms_code":"Z","description":"Joined
        party"}]}'
  recorded_at: Mon, 14 Jul 2025 11:57:48 GMT
recorded_with: VCR 6.3.1
