---
http_interactions:
- request:
    method: post
    uri: https://legal-framework-api-staging.cloud-platform.service.justice.gov.uk/proceeding_type_defaults
    body:
      encoding: UTF-8
      string: '{"proceeding_type_ccms_code":"DA001","delegated_functions_used":true,"client_involvement_type":"A"}'
    headers:
      Content-Type:
      - application/json
      User-Agent:
      - Faraday v2.13.1
      Accept-Encoding:
      - gzip;q=1.0,deflate;q=0.6,identity;q=0.3
      Accept:
      - "*/*"
  response:
    status:
      code: 200
      message: OK
    headers:
      Date:
      - Tue, 08 Jul 2025 08:15:17 GMT
      Content-Type:
      - application/json; charset=utf-8
      Content-Length:
      - '477'
      Connection:
      - keep-alive
      X-Frame-Options:
      - SAMEORIGIN
      X-Xss-Protection:
      - '0'
      X-Content-Type-Options:
      - nosniff
      X-Permitted-Cross-Domain-Policies:
      - none
      Referrer-Policy:
      - strict-origin-when-cross-origin
      Vary:
      - Accept, Origin
      Etag:
      - W/"394350725076183ab4ae0116449123c3"
      Cache-Control:
      - max-age=0, private, must-revalidate
      X-Request-Id:
      - 4c6b83ddc5a3af9715ee68704eb0501f
      X-Runtime:
      - '0.010092'
      Strict-Transport-Security:
      - max-age=31536000; includeSubDomains
    body:
      encoding: UTF-8
      string: '{"success":true,"requested_params":{"proceeding_type_ccms_code":"DA001","delegated_functions_used":true,"client_involvement_type":"A"},"default_level_of_service":{"level":3,"name":"Full
        Representation","stage":8},"default_scope":{"code":"CV117","meaning":"Interim
        order inc. return date","description":"Limited to all steps necessary to apply
        for an interim order; where application is made without notice to include
        representation on the return date.","additional_params":[]}}'
  recorded_at: Tue, 08 Jul 2025 08:15:17 GMT
- request:
    method: post
    uri: https://legal-framework-api-staging.cloud-platform.service.justice.gov.uk/proceeding_type_defaults
    body:
      encoding: UTF-8
      string: '{"proceeding_type_ccms_code":"SE014","delegated_functions_used":true,"client_involvement_type":"A"}'
    headers:
      Content-Type:
      - application/json
      User-Agent:
      - Faraday v2.13.1
      Accept-Encoding:
      - gzip;q=1.0,deflate;q=0.6,identity;q=0.3
      Accept:
      - "*/*"
  response:
    status:
      code: 200
      message: OK
    headers:
      Date:
      - Tue, 08 Jul 2025 08:15:17 GMT
      Content-Type:
      - application/json; charset=utf-8
      Content-Length:
      - '478'
      Connection:
      - keep-alive
      X-Frame-Options:
      - SAMEORIGIN
      X-Xss-Protection:
      - '0'
      X-Content-Type-Options:
      - nosniff
      X-Permitted-Cross-Domain-Policies:
      - none
      Referrer-Policy:
      - strict-origin-when-cross-origin
      Vary:
      - Accept, Origin
      Etag:
      - W/"e3662e528ef090ff8b1405f4c4132dfd"
      Cache-Control:
      - max-age=0, private, must-revalidate
      X-Request-Id:
      - 5f1b508f6a90a099f0e45e0143525a5d
      X-Runtime:
      - '0.011631'
      Strict-Transport-Security:
      - max-age=31536000; includeSubDomains
    body:
      encoding: UTF-8
      string: '{"success":true,"requested_params":{"proceeding_type_ccms_code":"SE014","delegated_functions_used":true,"client_involvement_type":"A"},"default_level_of_service":{"level":1,"name":"Family
        Help (Higher)","stage":1},"default_scope":{"code":"CV117","meaning":"Interim
        order inc. return date","description":"Limited to all steps necessary to apply
        for an interim order; where application is made without notice to include
        representation on the return date.","additional_params":[]}}'
  recorded_at: Tue, 08 Jul 2025 08:15:17 GMT
- request:
    method: get
    uri: https://legal-framework-api-staging.cloud-platform.service.justice.gov.uk/client_involvement_types/DA001
    body:
      encoding: US-ASCII
      string: ''
    headers:
      Content-Type:
      - application/json
      User-Agent:
      - Faraday v2.13.1
      Accept-Encoding:
      - gzip;q=1.0,deflate;q=0.6,identity;q=0.3
      Accept:
      - "*/*"
  response:
    status:
      code: 200
      message: OK
    headers:
      Date:
      - Tue, 08 Jul 2025 08:15:18 GMT
      Content-Type:
      - application/json; charset=utf-8
      Content-Length:
      - '320'
      Connection:
      - keep-alive
      X-Frame-Options:
      - SAMEORIGIN
      X-Xss-Protection:
      - '0'
      X-Content-Type-Options:
      - nosniff
      X-Permitted-Cross-Domain-Policies:
      - none
      Referrer-Policy:
      - strict-origin-when-cross-origin
      Vary:
      - Accept, Origin
      Etag:
      - W/"634b8c627a1b078b5d1fffcb51ca2121"
      Cache-Control:
      - max-age=0, private, must-revalidate
      X-Request-Id:
      - 96c7c290ac977d8fc460293205160946
      X-Runtime:
      - '0.003338'
      Strict-Transport-Security:
      - max-age=31536000; includeSubDomains
    body:
      encoding: UTF-8
      string: '{"success":true,"client_involvement_type":[{"ccms_code":"A","description":"Applicant/claimant/petitioner"},{"ccms_code":"D","description":"Defendant/respondent"},{"ccms_code":"W","description":"Subject
        of proceedings (child)"},{"ccms_code":"I","description":"Intervenor"},{"ccms_code":"Z","description":"Joined
        party"}]}'
  recorded_at: Tue, 08 Jul 2025 08:15:18 GMT
- request:
    method: get
    uri: https://legal-framework-api-staging.cloud-platform.service.justice.gov.uk/client_involvement_types/SE014
    body:
      encoding: US-ASCII
      string: ''
    headers:
      Content-Type:
      - application/json
      User-Agent:
      - Faraday v2.13.1
      Accept-Encoding:
      - gzip;q=1.0,deflate;q=0.6,identity;q=0.3
      Accept:
      - "*/*"
  response:
    status:
      code: 200
      message: OK
    headers:
      Date:
      - Tue, 08 Jul 2025 08:15:18 GMT
      Content-Type:
      - application/json; charset=utf-8
      Content-Length:
      - '320'
      Connection:
      - keep-alive
      X-Frame-Options:
      - SAMEORIGIN
      X-Xss-Protection:
      - '0'
      X-Content-Type-Options:
      - nosniff
      X-Permitted-Cross-Domain-Policies:
      - none
      Referrer-Policy:
      - strict-origin-when-cross-origin
      Vary:
      - Accept, Origin
      Etag:
      - W/"634b8c627a1b078b5d1fffcb51ca2121"
      Cache-Control:
      - max-age=0, private, must-revalidate
      X-Request-Id:
      - 04b5b21112bf2c1566761f55b7d693ff
      X-Runtime:
      - '0.003921'
      Strict-Transport-Security:
      - max-age=31536000; includeSubDomains
    body:
      encoding: UTF-8
      string: '{"success":true,"client_involvement_type":[{"ccms_code":"A","description":"Applicant/claimant/petitioner"},{"ccms_code":"D","description":"Defendant/respondent"},{"ccms_code":"W","description":"Subject
        of proceedings (child)"},{"ccms_code":"I","description":"Intervenor"},{"ccms_code":"Z","description":"Joined
        party"}]}'
  recorded_at: Tue, 08 Jul 2025 08:15:18 GMT
recorded_with: VCR 6.3.1
