---
http_interactions:
- request:
    method: post
    uri: https://check-financial-eligibility-staging.cloud-platform.service.justice.gov.uk/assessments
    body:
      encoding: UTF-8
      string: '{"client_reference_id":"L-3ER-A0F","submission_date":"2022-04-30","proceeding_types":{"ccms_codes":["DA001","DA005"]}}'
    headers:
      Content-Type:
      - application/json
      Accept:
      - application/json;version=4
      User-Agent:
      - Faraday v1.10.0
      Accept-Encoding:
      - gzip;q=1.0,deflate;q=0.6,identity;q=0.3
  response:
    status:
      code: 200
      message: OK
    headers:
      Date:
      - Tue, 10 May 2022 19:47:11 GMT
      Content-Type:
      - application/json; charset=utf-8
      Transfer-Encoding:
      - chunked
      Connection:
      - keep-alive
      Vary:
      - Accept
      Etag:
      - W/"4e947e4e45bbedcdc546500f4a1a34ee"
      Cache-Control:
      - max-age=0, private, must-revalidate
      X-Request-Id:
      - 1bbe2d29b1eeec563b8eb5fbd03e6db2
      X-Runtime:
      - '0.163722'
      Strict-Transport-Security:
      - max-age=15724800; includeSubDomains
      X-Frame-Options:
      - sameorigin
      X-Content-Type-Options:
      - nosniff
      X-Xss-Protection:
      - 1; mode=block
      X-Download-Options:
      - noopen
      X-Permitted-Cross-Domain-Policies:
      - none
      Content-Security-Policy:
      - default-src 'self'; img-src 'self' data:; script-src 'self'; style-src 'self'
        'unsafe-inline'
    body:
      encoding: UTF-8
      string: '{"success":true,"assessment_id":"21a1868f-ca93-46fc-9982-7a64f635c476","errors":[]}'
  recorded_at: Tue, 10 May 2022 19:47:11 GMT
- request:
    method: post
    uri: https://check-financial-eligibility-staging.cloud-platform.service.justice.gov.uk/assessments/21a1868f-ca93-46fc-9982-7a64f635c476/applicant
    body:
      encoding: UTF-8
      string: '{"applicant":{"date_of_birth":"1977-06-18","involvement_type":"applicant","has_partner_opponent":false,"receives_qualifying_benefit":false}}'
    headers:
      Content-Type:
      - application/json
      Accept:
      - application/json;version=4
      User-Agent:
      - Faraday v1.10.0
      Accept-Encoding:
      - gzip;q=1.0,deflate;q=0.6,identity;q=0.3
  response:
    status:
      code: 200
      message: OK
    headers:
      Date:
      - Tue, 10 May 2022 19:47:11 GMT
      Content-Type:
      - application/json; charset=utf-8
      Transfer-Encoding:
      - chunked
      Connection:
      - keep-alive
      Vary:
      - Accept
      Etag:
      - W/"e156c1de751f0fc41f3ce5edefd256d2"
      Cache-Control:
      - max-age=0, private, must-revalidate
      X-Request-Id:
      - dd9a86ef656e6a53bc013ce4d33899ea
      X-Runtime:
      - '0.019300'
      Strict-Transport-Security:
      - max-age=15724800; includeSubDomains
      X-Frame-Options:
      - sameorigin
      X-Content-Type-Options:
      - nosniff
      X-Xss-Protection:
      - 1; mode=block
      X-Download-Options:
      - noopen
      X-Permitted-Cross-Domain-Policies:
      - none
      Content-Security-Policy:
      - default-src 'self'; img-src 'self' data:; script-src 'self'; style-src 'self'
        'unsafe-inline'
    body:
      encoding: UTF-8
      string: '{"success":true,"errors":[]}'
  recorded_at: Tue, 10 May 2022 19:47:11 GMT
- request:
    method: post
    uri: https://check-financial-eligibility-staging.cloud-platform.service.justice.gov.uk/assessments/21a1868f-ca93-46fc-9982-7a64f635c476/capitals
    body:
      encoding: UTF-8
      string: '{"bank_accounts":[{"description":"Money not in a bank account","value":"4000.0"},{"description":"Online
        current accounts","value":"1391460.44"},{"description":"Online savings accounts","value":"685838.0"}],"non_liquid_capital":[]}'
    headers:
      Content-Type:
      - application/json
      Accept:
      - application/json;version=4
      User-Agent:
      - Faraday v1.10.0
      Accept-Encoding:
      - gzip;q=1.0,deflate;q=0.6,identity;q=0.3
  response:
    status:
      code: 200
      message: OK
    headers:
      Date:
      - Tue, 10 May 2022 19:47:11 GMT
      Content-Type:
      - application/json; charset=utf-8
      Transfer-Encoding:
      - chunked
      Connection:
      - keep-alive
      Vary:
      - Accept
      Etag:
      - W/"e156c1de751f0fc41f3ce5edefd256d2"
      Cache-Control:
      - max-age=0, private, must-revalidate
      X-Request-Id:
      - becc1d5c9ad42fb2d213f01e6ce834e3
      X-Runtime:
      - '0.076402'
      Strict-Transport-Security:
      - max-age=15724800; includeSubDomains
      X-Frame-Options:
      - sameorigin
      X-Content-Type-Options:
      - nosniff
      X-Xss-Protection:
      - 1; mode=block
      X-Download-Options:
      - noopen
      X-Permitted-Cross-Domain-Policies:
      - none
      Content-Security-Policy:
      - default-src 'self'; img-src 'self' data:; script-src 'self'; style-src 'self'
        'unsafe-inline'
    body:
      encoding: UTF-8
      string: '{"success":true,"errors":[]}'
  recorded_at: Tue, 10 May 2022 19:47:11 GMT
- request:
    method: post
    uri: https://check-financial-eligibility-staging.cloud-platform.service.justice.gov.uk/assessments/21a1868f-ca93-46fc-9982-7a64f635c476/vehicles
    body:
      encoding: UTF-8
      string: '{"vehicles":[]}'
    headers:
      Content-Type:
      - application/json
      Accept:
      - application/json;version=4
      User-Agent:
      - Faraday v1.10.0
      Accept-Encoding:
      - gzip;q=1.0,deflate;q=0.6,identity;q=0.3
  response:
    status:
      code: 200
      message: OK
    headers:
      Date:
      - Tue, 10 May 2022 19:47:11 GMT
      Content-Type:
      - application/json; charset=utf-8
      Transfer-Encoding:
      - chunked
      Connection:
      - keep-alive
      Vary:
      - Accept
      Etag:
      - W/"e156c1de751f0fc41f3ce5edefd256d2"
      Cache-Control:
      - max-age=0, private, must-revalidate
      X-Request-Id:
      - 53384383b1e7657d1c7e7904c8fdeee2
      X-Runtime:
      - '0.022947'
      Strict-Transport-Security:
      - max-age=15724800; includeSubDomains
      X-Frame-Options:
      - sameorigin
      X-Content-Type-Options:
      - nosniff
      X-Xss-Protection:
      - 1; mode=block
      X-Download-Options:
      - noopen
      X-Permitted-Cross-Domain-Policies:
      - none
      Content-Security-Policy:
      - default-src 'self'; img-src 'self' data:; script-src 'self'; style-src 'self'
        'unsafe-inline'
    body:
      encoding: UTF-8
      string: '{"success":true,"errors":[]}'
  recorded_at: Tue, 10 May 2022 19:47:11 GMT
- request:
    method: post
    uri: https://check-financial-eligibility-staging.cloud-platform.service.justice.gov.uk/assessments/21a1868f-ca93-46fc-9982-7a64f635c476/properties
    body:
      encoding: UTF-8
      string: '{"properties":{"main_home":{"value":0.0,"outstanding_mortgage":0.0,"percentage_owned":0.0,"shared_with_housing_assoc":false},"additional_properties":[{"value":0,"outstanding_mortgage":0,"percentage_owned":0,"shared_with_housing_assoc":false}]}}'
    headers:
      Content-Type:
      - application/json
      Accept:
      - application/json;version=4
      User-Agent:
      - Faraday v1.10.0
      Accept-Encoding:
      - gzip;q=1.0,deflate;q=0.6,identity;q=0.3
  response:
    status:
      code: 200
      message: OK
    headers:
      Date:
      - Tue, 10 May 2022 19:47:11 GMT
      Content-Type:
      - application/json; charset=utf-8
      Transfer-Encoding:
      - chunked
      Connection:
      - keep-alive
      Vary:
      - Accept
      Etag:
      - W/"e156c1de751f0fc41f3ce5edefd256d2"
      Cache-Control:
      - max-age=0, private, must-revalidate
      X-Request-Id:
      - 5c3f2c79a980fdbed7d4ec601ad4f7c3
      X-Runtime:
      - '0.038111'
      Strict-Transport-Security:
      - max-age=15724800; includeSubDomains
      X-Frame-Options:
      - sameorigin
      X-Content-Type-Options:
      - nosniff
      X-Xss-Protection:
      - 1; mode=block
      X-Download-Options:
      - noopen
      X-Permitted-Cross-Domain-Policies:
      - none
      Content-Security-Policy:
      - default-src 'self'; img-src 'self' data:; script-src 'self'; style-src 'self'
        'unsafe-inline'
    body:
      encoding: UTF-8
      string: '{"success":true,"errors":[]}'
  recorded_at: Tue, 10 May 2022 19:47:11 GMT
- request:
    method: post
    uri: https://check-financial-eligibility-staging.cloud-platform.service.justice.gov.uk/assessments/21a1868f-ca93-46fc-9982-7a64f635c476/explicit_remarks
    body:
      encoding: UTF-8
      string: '{"explicit_remarks":[{"category":"policy_disregards","details":[]}]}'
    headers:
      Content-Type:
      - application/json
      Accept:
      - application/json;version=4
      User-Agent:
      - Faraday v1.10.0
      Accept-Encoding:
      - gzip;q=1.0,deflate;q=0.6,identity;q=0.3
  response:
    status:
      code: 200
      message: OK
    headers:
      Date:
      - Tue, 10 May 2022 19:47:12 GMT
      Content-Type:
      - application/json; charset=utf-8
      Transfer-Encoding:
      - chunked
      Connection:
      - keep-alive
      Vary:
      - Accept
      Etag:
      - W/"e156c1de751f0fc41f3ce5edefd256d2"
      Cache-Control:
      - max-age=0, private, must-revalidate
      X-Request-Id:
      - 68463b20fad57112e3376dd45544142c
      X-Runtime:
      - '0.015101'
      Strict-Transport-Security:
      - max-age=15724800; includeSubDomains
      X-Frame-Options:
      - sameorigin
      X-Content-Type-Options:
      - nosniff
      X-Xss-Protection:
      - 1; mode=block
      X-Download-Options:
      - noopen
      X-Permitted-Cross-Domain-Policies:
      - none
      Content-Security-Policy:
      - default-src 'self'; img-src 'self' data:; script-src 'self'; style-src 'self'
        'unsafe-inline'
    body:
      encoding: UTF-8
      string: '{"success":true,"errors":[]}'
  recorded_at: Tue, 10 May 2022 19:47:12 GMT
- request:
    method: post
    uri: https://check-financial-eligibility-staging.cloud-platform.service.justice.gov.uk/assessments/21a1868f-ca93-46fc-9982-7a64f635c476/dependants
    body:
      encoding: UTF-8
      string: '{"dependants":[]}'
    headers:
      Content-Type:
      - application/json
      Accept:
      - application/json;version=4
      User-Agent:
      - Faraday v1.10.0
      Accept-Encoding:
      - gzip;q=1.0,deflate;q=0.6,identity;q=0.3
  response:
    status:
      code: 200
      message: OK
    headers:
      Date:
      - Tue, 10 May 2022 19:47:12 GMT
      Content-Type:
      - application/json; charset=utf-8
      Transfer-Encoding:
      - chunked
      Connection:
      - keep-alive
      Vary:
      - Accept
      Etag:
      - W/"e156c1de751f0fc41f3ce5edefd256d2"
      Cache-Control:
      - max-age=0, private, must-revalidate
      X-Request-Id:
      - 4c52c7ae7768652e1b6f4da30bba9cd6
      X-Runtime:
      - '0.017554'
      Strict-Transport-Security:
      - max-age=15724800; includeSubDomains
      X-Frame-Options:
      - sameorigin
      X-Content-Type-Options:
      - nosniff
      X-Xss-Protection:
      - 1; mode=block
      X-Download-Options:
      - noopen
      X-Permitted-Cross-Domain-Policies:
      - none
      Content-Security-Policy:
      - default-src 'self'; img-src 'self' data:; script-src 'self'; style-src 'self'
        'unsafe-inline'
    body:
      encoding: UTF-8
      string: '{"success":true,"errors":[]}'
  recorded_at: Tue, 10 May 2022 19:47:12 GMT
- request:
    method: post
    uri: https://check-financial-eligibility-staging.cloud-platform.service.justice.gov.uk/assessments/21a1868f-ca93-46fc-9982-7a64f635c476/outgoings
    body:
      encoding: UTF-8
      string: '{"outgoings":[]}'
    headers:
      Content-Type:
      - application/json
      Accept:
      - application/json;version=4
      User-Agent:
      - Faraday v1.10.0
      Accept-Encoding:
      - gzip;q=1.0,deflate;q=0.6,identity;q=0.3
  response:
    status:
      code: 200
      message: OK
    headers:
      Date:
      - Tue, 10 May 2022 19:47:12 GMT
      Content-Type:
      - application/json; charset=utf-8
      Transfer-Encoding:
      - chunked
      Connection:
      - keep-alive
      Vary:
      - Accept
      Etag:
      - W/"e156c1de751f0fc41f3ce5edefd256d2"
      Cache-Control:
      - max-age=0, private, must-revalidate
      X-Request-Id:
      - f5be980f0a2cb498cfdf0e8907cd5df5
      X-Runtime:
      - '0.016325'
      Strict-Transport-Security:
      - max-age=15724800; includeSubDomains
      X-Frame-Options:
      - sameorigin
      X-Content-Type-Options:
      - nosniff
      X-Xss-Protection:
      - 1; mode=block
      X-Download-Options:
      - noopen
      X-Permitted-Cross-Domain-Policies:
      - none
      Content-Security-Policy:
      - default-src 'self'; img-src 'self' data:; script-src 'self'; style-src 'self'
        'unsafe-inline'
    body:
      encoding: UTF-8
      string: '{"success":true,"errors":[]}'
  recorded_at: Tue, 10 May 2022 19:47:12 GMT
- request:
    method: post
    uri: https://check-financial-eligibility-staging.cloud-platform.service.justice.gov.uk/assessments/21a1868f-ca93-46fc-9982-7a64f635c476/state_benefits
    body:
      encoding: UTF-8
      string: '{"state_benefits":[]}'
    headers:
      Content-Type:
      - application/json
      Accept:
      - application/json;version=4
      User-Agent:
      - Faraday v1.10.0
      Accept-Encoding:
      - gzip;q=1.0,deflate;q=0.6,identity;q=0.3
  response:
    status:
      code: 200
      message: OK
    headers:
      Date:
      - Tue, 10 May 2022 19:47:12 GMT
      Content-Type:
      - application/json; charset=utf-8
      Transfer-Encoding:
      - chunked
      Connection:
      - keep-alive
      Vary:
      - Accept
      Etag:
      - W/"e156c1de751f0fc41f3ce5edefd256d2"
      Cache-Control:
      - max-age=0, private, must-revalidate
      X-Request-Id:
      - ce17fdfb682aaaa920ef75dddd837eec
      X-Runtime:
      - '0.021663'
      Strict-Transport-Security:
      - max-age=15724800; includeSubDomains
      X-Frame-Options:
      - sameorigin
      X-Content-Type-Options:
      - nosniff
      X-Xss-Protection:
      - 1; mode=block
      X-Download-Options:
      - noopen
      X-Permitted-Cross-Domain-Policies:
      - none
      Content-Security-Policy:
      - default-src 'self'; img-src 'self' data:; script-src 'self'; style-src 'self'
        'unsafe-inline'
    body:
      encoding: UTF-8
      string: '{"success":true,"errors":[]}'
  recorded_at: Tue, 10 May 2022 19:47:12 GMT
- request:
    method: post
    uri: https://check-financial-eligibility-staging.cloud-platform.service.justice.gov.uk/assessments/21a1868f-ca93-46fc-9982-7a64f635c476/other_incomes
    body:
      encoding: UTF-8
      string: '{"other_incomes":[]}'
    headers:
      Content-Type:
      - application/json
      Accept:
      - application/json;version=4
      User-Agent:
      - Faraday v1.10.0
      Accept-Encoding:
      - gzip;q=1.0,deflate;q=0.6,identity;q=0.3
  response:
    status:
      code: 200
      message: OK
    headers:
      Date:
      - Tue, 10 May 2022 19:47:12 GMT
      Content-Type:
      - application/json; charset=utf-8
      Transfer-Encoding:
      - chunked
      Connection:
      - keep-alive
      Vary:
      - Accept
      Etag:
      - W/"e156c1de751f0fc41f3ce5edefd256d2"
      Cache-Control:
      - max-age=0, private, must-revalidate
      X-Request-Id:
      - 2ddcec55ed202d76f6e260d97f925459
      X-Runtime:
      - '0.015826'
      Strict-Transport-Security:
      - max-age=15724800; includeSubDomains
      X-Frame-Options:
      - sameorigin
      X-Content-Type-Options:
      - nosniff
      X-Xss-Protection:
      - 1; mode=block
      X-Download-Options:
      - noopen
      X-Permitted-Cross-Domain-Policies:
      - none
      Content-Security-Policy:
      - default-src 'self'; img-src 'self' data:; script-src 'self'; style-src 'self'
        'unsafe-inline'
    body:
      encoding: UTF-8
      string: '{"success":true,"errors":[]}'
  recorded_at: Tue, 10 May 2022 19:47:12 GMT
- request:
    method: post
    uri: https://check-financial-eligibility-staging.cloud-platform.service.justice.gov.uk/assessments/21a1868f-ca93-46fc-9982-7a64f635c476/irregular_incomes
    body:
      encoding: UTF-8
      string: '{"payments":[]}'
    headers:
      Content-Type:
      - application/json
      Accept:
      - application/json;version=4
      User-Agent:
      - Faraday v1.10.0
      Accept-Encoding:
      - gzip;q=1.0,deflate;q=0.6,identity;q=0.3
  response:
    status:
      code: 200
      message: OK
    headers:
      Date:
      - Tue, 10 May 2022 19:47:12 GMT
      Content-Type:
      - application/json; charset=utf-8
      Transfer-Encoding:
      - chunked
      Connection:
      - keep-alive
      Vary:
      - Accept
      Etag:
      - W/"e156c1de751f0fc41f3ce5edefd256d2"
      Cache-Control:
      - max-age=0, private, must-revalidate
      X-Request-Id:
      - 9a98800a4fbdae526a71fa79db4a9647
      X-Runtime:
      - '0.020562'
      Strict-Transport-Security:
      - max-age=15724800; includeSubDomains
      X-Frame-Options:
      - sameorigin
      X-Content-Type-Options:
      - nosniff
      X-Xss-Protection:
      - 1; mode=block
      X-Download-Options:
      - noopen
      X-Permitted-Cross-Domain-Policies:
      - none
      Content-Security-Policy:
      - default-src 'self'; img-src 'self' data:; script-src 'self'; style-src 'self'
        'unsafe-inline'
    body:
      encoding: UTF-8
      string: '{"success":true,"errors":[]}'
  recorded_at: Tue, 10 May 2022 19:47:12 GMT
- request:
    method: post
    uri: https://check-financial-eligibility-staging.cloud-platform.service.justice.gov.uk/assessments/21a1868f-ca93-46fc-9982-7a64f635c476/employments
    body:
      encoding: UTF-8
      string: '{"employment_income":[]}'
    headers:
      Content-Type:
      - application/json
      Accept:
      - application/json;version=4
      User-Agent:
      - Faraday v1.10.0
      Accept-Encoding:
      - gzip;q=1.0,deflate;q=0.6,identity;q=0.3
  response:
    status:
      code: 200
      message: OK
    headers:
      Date:
      - Tue, 10 May 2022 19:47:13 GMT
      Content-Type:
      - application/json; charset=utf-8
      Transfer-Encoding:
      - chunked
      Connection:
      - keep-alive
      Vary:
      - Accept
      Etag:
      - W/"e156c1de751f0fc41f3ce5edefd256d2"
      Cache-Control:
      - max-age=0, private, must-revalidate
      X-Request-Id:
      - 1dd34460c86d58392369d1bbb2954e37
      X-Runtime:
      - '0.020442'
      Strict-Transport-Security:
      - max-age=15724800; includeSubDomains
      X-Frame-Options:
      - sameorigin
      X-Content-Type-Options:
      - nosniff
      X-Xss-Protection:
      - 1; mode=block
      X-Download-Options:
      - noopen
      X-Permitted-Cross-Domain-Policies:
      - none
      Content-Security-Policy:
      - default-src 'self'; img-src 'self' data:; script-src 'self'; style-src 'self'
        'unsafe-inline'
    body:
      encoding: UTF-8
      string: '{"success":true,"errors":[]}'
  recorded_at: Tue, 10 May 2022 19:47:12 GMT
- request:
    method: post
    uri: https://check-financial-eligibility-staging.cloud-platform.service.justice.gov.uk/assessments/21a1868f-ca93-46fc-9982-7a64f635c476/cash_transactions
    body:
      encoding: UTF-8
      string: '{"income":[],"outgoings":[]}'
    headers:
      Content-Type:
      - application/json
      Accept:
      - application/json;version=4
      User-Agent:
      - Faraday v1.10.0
      Accept-Encoding:
      - gzip;q=1.0,deflate;q=0.6,identity;q=0.3
  response:
    status:
      code: 200
      message: OK
    headers:
      Date:
      - Tue, 10 May 2022 19:47:13 GMT
      Content-Type:
      - application/json; charset=utf-8
      Transfer-Encoding:
      - chunked
      Connection:
      - keep-alive
      Vary:
      - Accept
      Etag:
      - W/"e156c1de751f0fc41f3ce5edefd256d2"
      Cache-Control:
      - max-age=0, private, must-revalidate
      X-Request-Id:
      - 59216049c132589d491efe3541a26488
      X-Runtime:
      - '0.013926'
      Strict-Transport-Security:
      - max-age=15724800; includeSubDomains
      X-Frame-Options:
      - sameorigin
      X-Content-Type-Options:
      - nosniff
      X-Xss-Protection:
      - 1; mode=block
      X-Download-Options:
      - noopen
      X-Permitted-Cross-Domain-Policies:
      - none
      Content-Security-Policy:
      - default-src 'self'; img-src 'self' data:; script-src 'self'; style-src 'self'
        'unsafe-inline'
    body:
      encoding: UTF-8
      string: '{"success":true,"errors":[]}'
  recorded_at: Tue, 10 May 2022 19:47:13 GMT
- request:
    method: get
    uri: https://check-financial-eligibility-staging.cloud-platform.service.justice.gov.uk/assessments/21a1868f-ca93-46fc-9982-7a64f635c476
    body:
      encoding: US-ASCII
      string: ''
    headers:
      Content-Type:
      - application/json
      Accept:
      - application/json;version=4
      User-Agent:
      - Faraday v1.10.0
      Accept-Encoding:
      - gzip;q=1.0,deflate;q=0.6,identity;q=0.3
  response:
    status:
      code: 200
      message: OK
    headers:
      Date:
      - Tue, 10 May 2022 19:47:13 GMT
      Content-Type:
      - application/json; charset=utf-8
      Transfer-Encoding:
      - chunked
      Connection:
      - keep-alive
      Vary:
      - Accept
      Etag:
      - W/"71b2e9591a4220cf7e2c6f7d2cd94855"
      Cache-Control:
      - max-age=0, private, must-revalidate
      X-Request-Id:
      - 722b47a0905558d5e91f7190467bfd1c
      X-Runtime:
      - '0.210275'
      Strict-Transport-Security:
      - max-age=15724800; includeSubDomains
      X-Frame-Options:
      - sameorigin
      X-Content-Type-Options:
      - nosniff
      X-Xss-Protection:
      - 1; mode=block
      X-Download-Options:
      - noopen
      X-Permitted-Cross-Domain-Policies:
      - none
      Content-Security-Policy:
      - default-src 'self'; img-src 'self' data:; script-src 'self'; style-src 'self'
        'unsafe-inline'
    body:
      encoding: UTF-8
      string: '{"version":"4","timestamp":"2022-05-10T19:47:13.518Z","success":true,"result_summary":{"overall_result":{"result":"contribution_required","capital_contribution":2078298.44,"income_contribution":0.0,"matter_types":[{"matter_type":"domestic_abuse","result":"contribution_required"}],"proceeding_types":[{"ccms_code":"DA001","result":"contribution_required"},{"ccms_code":"DA005","result":"contribution_required"}]},"gross_income":{"total_gross_income":0.0,"proceeding_types":[{"ccms_code":"DA001","upper_threshold":999999999999.0,"result":"eligible"},{"ccms_code":"DA005","upper_threshold":999999999999.0,"result":"eligible"}]},"disposable_income":{"dependant_allowance":0.0,"gross_housing_costs":0.0,"housing_benefit":0.0,"net_housing_costs":0.0,"maintenance_allowance":0.0,"total_outgoings_and_allowances":0.0,"total_disposable_income":0.0,"employment_income":{"gross_income":0.0,"benefits_in_kind":0.0,"tax":0.0,"national_insurance":0.0,"fixed_employment_deduction":0.0,"net_employment_income":0.0},"income_contribution":0.0,"proceeding_types":[{"ccms_code":"DA001","upper_threshold":999999999999.0,"lower_threshold":315.0,"result":"eligible"},{"ccms_code":"DA005","upper_threshold":999999999999.0,"lower_threshold":315.0,"result":"eligible"}]},"capital":{"total_liquid":2081298.44,"total_non_liquid":0.0,"total_vehicle":0.0,"total_property":0.0,"total_mortgage_allowance":999999999999.0,"total_capital":2081298.44,"pensioner_capital_disregard":0.0,"capital_contribution":2078298.44,"assessed_capital":2081298.44,"proceeding_types":[{"ccms_code":"DA001","lower_threshold":3000.0,"upper_threshold":999999999999.0,"result":"contribution_required"},{"ccms_code":"DA005","lower_threshold":3000.0,"upper_threshold":999999999999.0,"result":"contribution_required"}]}},"assessment":{"id":"21a1868f-ca93-46fc-9982-7a64f635c476","client_reference_id":"L-3ER-A0F","submission_date":"2022-04-30","applicant":{"date_of_birth":"1977-06-18","involvement_type":"applicant","has_partner_opponent":false,"receives_qualifying_benefit":false,"self_employed":false},"gross_income":{"employment_income":[],"irregular_income":{"monthly_equivalents":{"student_loan":0.0}},"state_benefits":{"monthly_equivalents":{"all_sources":0.0,"cash_transactions":0.0,"bank_transactions":[]}},"other_income":{"monthly_equivalents":{"all_sources":{"friends_or_family":0.0,"maintenance_in":0.0,"property_or_lodger":0.0,"pension":0.0},"bank_transactions":{"friends_or_family":0.0,"maintenance_in":0.0,"property_or_lodger":0.0,"pension":0.0},"cash_transactions":{"friends_or_family":0.0,"maintenance_in":0.0,"property_or_lodger":0.0,"pension":0.0}}}},"disposable_income":{"monthly_equivalents":{"all_sources":{"child_care":0.0,"rent_or_mortgage":0.0,"maintenance_out":0.0,"legal_aid":0.0},"bank_transactions":{"child_care":0.0,"rent_or_mortgage":0.0,"maintenance_out":0.0,"legal_aid":0.0},"cash_transactions":{"child_care":0.0,"rent_or_mortgage":0.0,"maintenance_out":0.0,"legal_aid":0.0}},"childcare_allowance":0.0,"deductions":{"dependants_allowance":0.0,"disregarded_state_benefits":0.0}},"capital":{"capital_items":{"liquid":[{"description":"Money
        not in a bank account","value":4000.0},{"description":"Online current accounts","value":1391460.44},{"description":"Online
        savings accounts","value":685838.0}],"non_liquid":[],"vehicles":[],"properties":{"main_home":{"value":0.0,"outstanding_mortgage":0.0,"percentage_owned":0.0,"main_home":true,"shared_with_housing_assoc":false,"transaction_allowance":0.0,"allowable_outstanding_mortgage":0.0,"net_value":0.0,"net_equity":0.0,"main_home_equity_disregard":100000.0,"assessed_equity":0.0},"additional_properties":[{"value":0.0,"outstanding_mortgage":0.0,"percentage_owned":0.0,"main_home":false,"shared_with_housing_assoc":false,"transaction_allowance":0.0,"allowable_outstanding_mortgage":0.0,"net_value":0.0,"net_equity":0.0,"main_home_equity_disregard":0.0,"assessed_equity":0.0}]}}},"remarks":{}}}'
  recorded_at: Tue, 10 May 2022 19:47:13 GMT
- request:
    method: post
    uri: https://legal-framework-api-staging.cloud-platform.service.justice.gov.uk/merits_tasks
    body:
      encoding: UTF-8
      string: '{"request_id":"602d0f5e-9d6c-4fca-8127-968f46a4ebe8","proceeding_types":["DA001","DA005"]}'
    headers:
      Content-Type:
      - application/json
      User-Agent:
      - Faraday v1.10.0
      Accept-Encoding:
      - gzip;q=1.0,deflate;q=0.6,identity;q=0.3
      Accept:
      - "*/*"
  response:
    status:
      code: 200
      message: OK
    headers:
      Date:
      - Tue, 10 May 2022 19:47:14 GMT
      Content-Type:
      - application/json; charset=utf-8
      Transfer-Encoding:
      - chunked
      Connection:
      - keep-alive
      X-Frame-Options:
      - SAMEORIGIN
      X-Xss-Protection:
      - 1; mode=block
      X-Content-Type-Options:
      - nosniff
      X-Download-Options:
      - noopen
      X-Permitted-Cross-Domain-Policies:
      - none
      Referrer-Policy:
      - strict-origin-when-cross-origin
      Vary:
      - Accept, Origin
      Etag:
      - W/"9f48575515edb8325f4a6c8182df2872"
      Cache-Control:
      - max-age=0, private, must-revalidate
      X-Request-Id:
      - e28def6eb49f16fa416dd465724e8aa1
      X-Runtime:
      - '0.046143'
      Strict-Transport-Security:
      - max-age=15724800; includeSubDomains
    body:
      encoding: UTF-8
      string: '{"request_id":"602d0f5e-9d6c-4fca-8127-968f46a4ebe8","success":true,"application":{"tasks":{"latest_incident_details":[],"opponent_details":[],"statement_of_case":[]}},"proceeding_types":[{"ccms_code":"DA001","tasks":{"chances_of_success":[]}},{"ccms_code":"DA005","tasks":{"chances_of_success":[]}}]}'
  recorded_at: Tue, 10 May 2022 19:47:14 GMT
recorded_with: VCR 6.1.0
