---
http_interactions:
- request:
    method: post
    uri: https://check-financial-eligibility-staging.cloud-platform.service.justice.gov.uk/assessments
    body:
      encoding: UTF-8
      string: '{"client_reference_id":"L-3ER-A0F","submission_date":"2022-04-30","proceeding_types":{"ccms_codes":["DA001","DA005"]}}'
    headers:
      Content-Type:
      - application/json
      Accept:
      - application/json;version=4
      User-Agent:
      - Faraday v1.10.0
      Accept-Encoding:
      - gzip;q=1.0,deflate;q=0.6,identity;q=0.3
  response:
    status:
      code: 200
      message: OK
    headers:
      Date:
      - Tue, 10 May 2022 19:47:11 GMT
      Content-Type:
      - application/json; charset=utf-8
      Transfer-Encoding:
      - chunked
      Connection:
      - keep-alive
      Vary:
      - Accept
      Etag:
      - W/"4e947e4e45bbedcdc546500f4a1a34ee"
      Cache-Control:
      - max-age=0, private, must-revalidate
      X-Request-Id:
      - 1bbe2d29b1eeec563b8eb5fbd03e6db2
      X-Runtime:
      - '0.163722'
      Strict-Transport-Security:
      - max-age=15724800; includeSubDomains
      X-Frame-Options:
      - sameorigin
      X-Content-Type-Options:
      - nosniff
      X-Xss-Protection:
      - 1; mode=block
      X-Download-Options:
      - noopen
      X-Permitted-Cross-Domain-Policies:
      - none
      Content-Security-Policy:
      - default-src 'self'; img-src 'self' data:; script-src 'self'; style-src 'self'
        'unsafe-inline'
    body:
      encoding: UTF-8
      string: '{"success":true,"assessment_id":"21a1868f-ca93-46fc-9982-7a64f635c476","errors":[]}'
  recorded_at: Tue, 10 May 2022 19:47:11 GMT
- request:
    method: post
    uri: https://check-financial-eligibility-staging.cloud-platform.service.justice.gov.uk/assessments/21a1868f-ca93-46fc-9982-7a64f635c476/applicant
    body:
      encoding: UTF-8
      string: '{"applicant":{"date_of_birth":"1977-06-18","involvement_type":"applicant","has_partner_opponent":false,"receives_qualifying_benefit":false}}'
    headers:
      Content-Type:
      - application/json
      Accept:
      - application/json;version=4
      User-Agent:
      - Faraday v1.10.0
      Accept-Encoding:
      - gzip;q=1.0,deflate;q=0.6,identity;q=0.3
  response:
    status:
      code: 200
      message: OK
    headers:
      Date:
      - Tue, 10 May 2022 19:47:11 GMT
      Content-Type:
      - application/json; charset=utf-8
      Transfer-Encoding:
      - chunked
      Connection:
      - keep-alive
      Vary:
      - Accept
      Etag:
      - W/"e156c1de751f0fc41f3ce5edefd256d2"
      Cache-Control:
      - max-age=0, private, must-revalidate
      X-Request-Id:
      - dd9a86ef656e6a53bc013ce4d33899ea
      X-Runtime:
      - '0.019300'
      Strict-Transport-Security:
      - max-age=15724800; includeSubDomains
      X-Frame-Options:
      - sameorigin
      X-Content-Type-Options:
      - nosniff
      X-Xss-Protection:
      - 1; mode=block
      X-Download-Options:
      - noopen
      X-Permitted-Cross-Domain-Policies:
      - none
      Content-Security-Policy:
      - default-src 'self'; img-src 'self' data:; script-src 'self'; style-src 'self'
        'unsafe-inline'
    body:
      encoding: UTF-8
      string: '{"success":true,"errors":[]}'
  recorded_at: Tue, 10 May 2022 19:47:11 GMT
- request:
    method: post
    uri: https://check-financial-eligibility-staging.cloud-platform.service.justice.gov.uk/assessments/21a1868f-ca93-46fc-9982-7a64f635c476/capitals
    body:
      encoding: UTF-8
      string: '{"bank_accounts":[{"description":"Money not in a bank account","value":"4000.0"},{"description":"Online
        current accounts","value":"1391460.44"},{"description":"Online savings accounts","value":"685838.0"}],"non_liquid_capital":[]}'
    headers:
      Content-Type:
      - application/json
      Accept:
      - application/json;version=4
      User-Agent:
      - Faraday v1.10.0
      Accept-Encoding:
      - gzip;q=1.0,deflate;q=0.6,identity;q=0.3
  response:
    status:
      code: 200
      message: OK
    headers:
      Date:
      - Tue, 10 May 2022 19:47:11 GMT
      Content-Type:
      - application/json; charset=utf-8
      Transfer-Encoding:
      - chunked
      Connection:
      - keep-alive
      Vary:
      - Accept
      Etag:
      - W/"e156c1de751f0fc41f3ce5edefd256d2"
      Cache-Control:
      - max-age=0, private, must-revalidate
      X-Request-Id:
      - becc1d5c9ad42fb2d213f01e6ce834e3
      X-Runtime:
      - '0.076402'
      Strict-Transport-Security:
      - max-age=15724800; includeSubDomains
      X-Frame-Options:
      - sameorigin
      X-Content-Type-Options:
      - nosniff
      X-Xss-Protection:
      - 1; mode=block
      X-Download-Options:
      - noopen
      X-Permitted-Cross-Domain-Policies:
      - none
      Content-Security-Policy:
      - default-src 'self'; img-src 'self' data:; script-src 'self'; style-src 'self'
        'unsafe-inline'
    body:
      encoding: UTF-8
      string: '{"success":true,"errors":[]}'
  recorded_at: Tue, 10 May 2022 19:47:11 GMT
- request:
    method: post
    uri: https://check-financial-eligibility-staging.cloud-platform.service.justice.gov.uk/assessments/21a1868f-ca93-46fc-9982-7a64f635c476/vehicles
    body:
      encoding: UTF-8
      string: '{"vehicles":[]}'
    headers:
      Content-Type:
      - application/json
      Accept:
      - application/json;version=4
      User-Agent:
      - Faraday v1.10.0
      Accept-Encoding:
      - gzip;q=1.0,deflate;q=0.6,identity;q=0.3
  response:
    status:
      code: 200
      message: OK
    headers:
      Date:
      - Tue, 10 May 2022 19:47:11 GMT
      Content-Type:
      - application/json; charset=utf-8
      Transfer-Encoding:
      - chunked
      Connection:
      - keep-alive
      Vary:
      - Accept
      Etag:
      - W/"e156c1de751f0fc41f3ce5edefd256d2"
      Cache-Control:
      - max-age=0, private, must-revalidate
      X-Request-Id:
      - 53384383b1e7657d1c7e7904c8fdeee2
      X-Runtime:
      - '0.022947'
      Strict-Transport-Security:
      - max-age=15724800; includeSubDomains
      X-Frame-Options:
      - sameorigin
      X-Content-Type-Options:
      - nosniff
      X-Xss-Protection:
      - 1; mode=block
      X-Download-Options:
      - noopen
      X-Permitted-Cross-Domain-Policies:
      - none
      Content-Security-Policy:
      - default-src 'self'; img-src 'self' data:; script-src 'self'; style-src 'self'
        'unsafe-inline'
    body:
      encoding: UTF-8
      string: '{"success":true,"errors":[]}'
  recorded_at: Tue, 10 May 2022 19:47:11 GMT
- request:
    method: post
    uri: https://check-financial-eligibility-staging.cloud-platform.service.justice.gov.uk/assessments/21a1868f-ca93-46fc-9982-7a64f635c476/properties
    body:
      encoding: UTF-8
      string: '{"properties":{"main_home":{"value":0.0,"outstanding_mortgage":0.0,"percentage_owned":0.0,"shared_with_housing_assoc":false},"additional_properties":[{"value":0,"outstanding_mortgage":0,"percentage_owned":0,"shared_with_housing_assoc":false}]}}'
    headers:
      Content-Type:
      - application/json
      Accept:
      - application/json;version=4
      User-Agent:
      - Faraday v1.10.0
      Accept-Encoding:
      - gzip;q=1.0,deflate;q=0.6,identity;q=0.3
  response:
    status:
      code: 200
      message: OK
    headers:
      Date:
      - Tue, 10 May 2022 19:47:11 GMT
      Content-Type:
      - application/json; charset=utf-8
      Transfer-Encoding:
      - chunked
      Connection:
      - keep-alive
      Vary:
      - Accept
      Etag:
      - W/"e156c1de751f0fc41f3ce5edefd256d2"
      Cache-Control:
      - max-age=0, private, must-revalidate
      X-Request-Id:
      - 5c3f2c79a980fdbed7d4ec601ad4f7c3
      X-Runtime:
      - '0.038111'
      Strict-Transport-Security:
      - max-age=15724800; includeSubDomains
      X-Frame-Options:
      - sameorigin
      X-Content-Type-Options:
      - nosniff
      X-Xss-Protection:
      - 1; mode=block
      X-Download-Options:
      - noopen
      X-Permitted-Cross-Domain-Policies:
      - none
      Content-Security-Policy:
      - default-src 'self'; img-src 'self' data:; script-src 'self'; style-src 'self'
        'unsafe-inline'
    body:
      encoding: UTF-8
      string: '{"success":true,"errors":[]}'
  recorded_at: Tue, 10 May 2022 19:47:11 GMT
- request:
    method: post
    uri: https://check-financial-eligibility-staging.cloud-platform.service.justice.gov.uk/assessments/21a1868f-ca93-46fc-9982-7a64f635c476/explicit_remarks
    body:
      encoding: UTF-8
      string: '{"explicit_remarks":[{"category":"policy_disregards","details":[]}]}'
    headers:
      Content-Type:
      - application/json
      Accept:
      - application/json;version=4
      User-Agent:
      - Faraday v1.10.0
      Accept-Encoding:
      - gzip;q=1.0,deflate;q=0.6,identity;q=0.3
  response:
    status:
      code: 200
      message: OK
    headers:
      Date:
      - Tue, 10 May 2022 19:47:12 GMT
      Content-Type:
      - application/json; charset=utf-8
      Transfer-Encoding:
      - chunked
      Connection:
      - keep-alive
      Vary:
      - Accept
      Etag:
      - W/"e156c1de751f0fc41f3ce5edefd256d2"
      Cache-Control:
      - max-age=0, private, must-revalidate
      X-Request-Id:
      - 68463b20fad57112e3376dd45544142c
      X-Runtime:
      - '0.015101'
      Strict-Transport-Security:
      - max-age=15724800; includeSubDomains
      X-Frame-Options:
      - sameorigin
      X-Content-Type-Options:
      - nosniff
      X-Xss-Protection:
      - 1; mode=block
      X-Download-Options:
      - noopen
      X-Permitted-Cross-Domain-Policies:
      - none
      Content-Security-Policy:
      - default-src 'self'; img-src 'self' data:; script-src 'self'; style-src 'self'
        'unsafe-inline'
    body:
      encoding: UTF-8
      string: '{"success":true,"errors":[]}'
  recorded_at: Tue, 10 May 2022 19:47:12 GMT
- request:
    method: post
    uri: https://check-financial-eligibility-staging.cloud-platform.service.justice.gov.uk/assessments/21a1868f-ca93-46fc-9982-7a64f635c476/dependants
    body:
      encoding: UTF-8
      string: '{"dependants":[]}'
    headers:
      Content-Type:
      - application/json
      Accept:
      - application/json;version=4
      User-Agent:
      - Faraday v1.10.0
      Accept-Encoding:
      - gzip;q=1.0,deflate;q=0.6,identity;q=0.3
  response:
    status:
      code: 200
      message: OK
    headers:
      Date:
      - Tue, 10 May 2022 19:47:12 GMT
      Content-Type:
      - application/json; charset=utf-8
      Transfer-Encoding:
      - chunked
      Connection:
      - keep-alive
      Vary:
      - Accept
      Etag:
      - W/"e156c1de751f0fc41f3ce5edefd256d2"
      Cache-Control:
      - max-age=0, private, must-revalidate
      X-Request-Id:
      - 4c52c7ae7768652e1b6f4da30bba9cd6
      X-Runtime:
      - '0.017554'
      Strict-Transport-Security:
      - max-age=15724800; includeSubDomains
      X-Frame-Options:
      - sameorigin
      X-Content-Type-Options:
      - nosniff
      X-Xss-Protection:
      - 1; mode=block
      X-Download-Options:
      - noopen
      X-Permitted-Cross-Domain-Policies:
      - none
      Content-Security-Policy:
      - default-src 'self'; img-src 'self' data:; script-src 'self'; style-src 'self'
        'unsafe-inline'
    body:
      encoding: UTF-8
      string: '{"success":true,"errors":[]}'
  recorded_at: Tue, 10 May 2022 19:47:12 GMT
- request:
    method: post
    uri: https://check-financial-eligibility-staging.cloud-platform.service.justice.gov.uk/assessments/21a1868f-ca93-46fc-9982-7a64f635c476/outgoings
    body:
      encoding: UTF-8
      string: '{"outgoings":[]}'
    headers:
      Content-Type:
      - application/json
      Accept:
      - application/json;version=4
      User-Agent:
      - Faraday v1.10.0
      Accept-Encoding:
      - gzip;q=1.0,deflate;q=0.6,identity;q=0.3
  response:
    status:
      code: 200
      message: OK
    headers:
      Date:
      - Tue, 10 May 2022 19:47:12 GMT
      Content-Type:
      - application/json; charset=utf-8
      Transfer-Encoding:
      - chunked
      Connection:
      - keep-alive
      Vary:
      - Accept
      Etag:
      - W/"e156c1de751f0fc41f3ce5edefd256d2"
      Cache-Control:
      - max-age=0, private, must-revalidate
      X-Request-Id:
      - f5be980f0a2cb498cfdf0e8907cd5df5
      X-Runtime:
      - '0.016325'
      Strict-Transport-Security:
      - max-age=15724800; includeSubDomains
      X-Frame-Options:
      - sameorigin
      X-Content-Type-Options:
      - nosniff
      X-Xss-Protection:
      - 1; mode=block
      X-Download-Options:
      - noopen
      X-Permitted-Cross-Domain-Policies:
      - none
      Content-Security-Policy:
      - default-src 'self'; img-src 'self' data:; script-src 'self'; style-src 'self'
        'unsafe-inline'
    body:
      encoding: UTF-8
      string: '{"success":true,"errors":[]}'
  recorded_at: Tue, 10 May 2022 19:47:12 GMT
- request:
    method: post
    uri: https://check-financial-eligibility-staging.cloud-platform.service.justice.gov.uk/assessments/21a1868f-ca93-46fc-9982-7a64f635c476/state_benefits
    body:
      encoding: UTF-8
      string: '{"state_benefits":[]}'
    headers:
      Content-Type:
      - application/json
      Accept:
      - application/json;version=4
      User-Agent:
      - Faraday v1.10.0
      Accept-Encoding:
      - gzip;q=1.0,deflate;q=0.6,identity;q=0.3
  response:
    status:
      code: 200
      message: OK
    headers:
      Date:
      - Tue, 10 May 2022 19:47:12 GMT
      Content-Type:
      - application/json; charset=utf-8
      Transfer-Encoding:
      - chunked
      Connection:
      - keep-alive
      Vary:
      - Accept
      Etag:
      - W/"e156c1de751f0fc41f3ce5edefd256d2"
      Cache-Control:
      - max-age=0, private, must-revalidate
      X-Request-Id:
      - ce17fdfb682aaaa920ef75dddd837eec
      X-Runtime:
      - '0.021663'
      Strict-Transport-Security:
      - max-age=15724800; includeSubDomains
      X-Frame-Options:
      - sameorigin
      X-Content-Type-Options:
      - nosniff
      X-Xss-Protection:
      - 1; mode=block
      X-Download-Options:
      - noopen
      X-Permitted-Cross-Domain-Policies:
      - none
      Content-Security-Policy:
      - default-src 'self'; img-src 'self' data:; script-src 'self'; style-src 'self'
        'unsafe-inline'
    body:
      encoding: UTF-8
      string: '{"success":true,"errors":[]}'
  recorded_at: Tue, 10 May 2022 19:47:12 GMT
- request:
    method: post
    uri: https://check-financial-eligibility-staging.cloud-platform.service.justice.gov.uk/assessments/21a1868f-ca93-46fc-9982-7a64f635c476/other_incomes
    body:
      encoding: UTF-8
      string: '{"other_incomes":[]}'
    headers:
      Content-Type:
      - application/json
      Accept:
      - application/json;version=4
      User-Agent:
      - Faraday v1.10.0
      Accept-Encoding:
      - gzip;q=1.0,deflate;q=0.6,identity;q=0.3
  response:
    status:
      code: 200
      message: OK
    headers:
      Date:
      - Tue, 10 May 2022 19:47:12 GMT
      Content-Type:
      - application/json; charset=utf-8
      Transfer-Encoding:
      - chunked
      Connection:
      - keep-alive
      Vary:
      - Accept
      Etag:
      - W/"e156c1de751f0fc41f3ce5edefd256d2"
      Cache-Control:
      - max-age=0, private, must-revalidate
      X-Request-Id:
      - 2ddcec55ed202d76f6e260d97f925459
      X-Runtime:
      - '0.015826'
      Strict-Transport-Security:
      - max-age=15724800; includeSubDomains
      X-Frame-Options:
      - sameorigin
      X-Content-Type-Options:
      - nosniff
      X-Xss-Protection:
      - 1; mode=block
      X-Download-Options:
      - noopen
      X-Permitted-Cross-Domain-Policies:
      - none
      Content-Security-Policy:
      - default-src 'self'; img-src 'self' data:; script-src 'self'; style-src 'self'
        'unsafe-inline'
    body:
      encoding: UTF-8
      string: '{"success":true,"errors":[]}'
  recorded_at: Tue, 10 May 2022 19:47:12 GMT
- request:
    method: post
    uri: https://check-financial-eligibility-staging.cloud-platform.service.justice.gov.uk/assessments/21a1868f-ca93-46fc-9982-7a64f635c476/irregular_incomes
    body:
      encoding: UTF-8
      string: '{"payments":[]}'
    headers:
      Content-Type:
      - application/json
      Accept:
      - application/json;version=4
      User-Agent:
      - Faraday v1.10.0
      Accept-Encoding:
      - gzip;q=1.0,deflate;q=0.6,identity;q=0.3
  response:
    status:
      code: 200
      message: OK
    headers:
      Date:
      - Tue, 10 May 2022 19:47:12 GMT
      Content-Type:
      - application/json; charset=utf-8
      Transfer-Encoding:
      - chunked
      Connection:
      - keep-alive
      Vary:
      - Accept
      Etag:
      - W/"e156c1de751f0fc41f3ce5edefd256d2"
      Cache-Control:
      - max-age=0, private, must-revalidate
      X-Request-Id:
      - 9a98800a4fbdae526a71fa79db4a9647
      X-Runtime:
      - '0.020562'
      Strict-Transport-Security:
      - max-age=15724800; includeSubDomains
      X-Frame-Options:
      - sameorigin
      X-Content-Type-Options:
      - nosniff
      X-Xss-Protection:
      - 1; mode=block
      X-Download-Options:
      - noopen
      X-Permitted-Cross-Domain-Policies:
      - none
      Content-Security-Policy:
      - default-src 'self'; img-src 'self' data:; script-src 'self'; style-src 'self'
        'unsafe-inline'
    body:
      encoding: UTF-8
      string: '{"success":true,"errors":[]}'
  recorded_at: Tue, 10 May 2022 19:47:12 GMT
- request:
    method: post
    uri: https://check-financial-eligibility-staging.cloud-platform.service.justice.gov.uk/assessments/21a1868f-ca93-46fc-9982-7a64f635c476/employments
    body:
      encoding: UTF-8
      string: '{"employment_income":[]}'
    headers:
      Content-Type:
      - application/json
      Accept:
      - application/json;version=4
      User-Agent:
      - Faraday v1.10.0
      Accept-Encoding:
      - gzip;q=1.0,deflate;q=0.6,identity;q=0.3
  response:
    status:
      code: 200
      message: OK
    headers:
      Date:
      - Tue, 10 May 2022 19:47:13 GMT
      Content-Type:
      - application/json; charset=utf-8
      Transfer-Encoding:
      - chunked
      Connection:
      - keep-alive
      Vary:
      - Accept
      Etag:
      - W/"e156c1de751f0fc41f3ce5edefd256d2"
      Cache-Control:
      - max-age=0, private, must-revalidate
      X-Request-Id:
      - 1dd34460c86d58392369d1bbb2954e37
      X-Runtime:
      - '0.020442'
      Strict-Transport-Security:
      - max-age=15724800; includeSubDomains
      X-Frame-Options:
      - sameorigin
      X-Content-Type-Options:
      - nosniff
      X-Xss-Protection:
      - 1; mode=block
      X-Download-Options:
      - noopen
      X-Permitted-Cross-Domain-Policies:
      - none
      Content-Security-Policy:
      - default-src 'self'; img-src 'self' data:; script-src 'self'; style-src 'self'
        'unsafe-inline'
    body:
      encoding: UTF-8
      string: '{"success":true,"errors":[]}'
  recorded_at: Tue, 10 May 2022 19:47:12 GMT
- request:
    method: post
    uri: https://check-financial-eligibility-staging.cloud-platform.service.justice.gov.uk/assessments/21a1868f-ca93-46fc-9982-7a64f635c476/cash_transactions
    body:
      encoding: UTF-8
      string: '{"income":[],"outgoings":[]}'
    headers:
      Content-Type:
      - application/json
      Accept:
      - application/json;version=4
      User-Agent:
      - Faraday v1.10.0
      Accept-Encoding:
      - gzip;q=1.0,deflate;q=0.6,identity;q=0.3
  response:
    status:
      code: 200
      message: OK
    headers:
      Date:
      - Tue, 10 May 2022 19:47:13 GMT
      Content-Type:
      - application/json; charset=utf-8
      Transfer-Encoding:
      - chunked
      Connection:
      - keep-alive
      Vary:
      - Accept
      Etag:
      - W/"e156c1de751f0fc41f3ce5edefd256d2"
      Cache-Control:
      - max-age=0, private, must-revalidate
      X-Request-Id:
      - 59216049c132589d491efe3541a26488
      X-Runtime:
      - '0.013926'
      Strict-Transport-Security:
      - max-age=15724800; includeSubDomains
      X-Frame-Options:
      - sameorigin
      X-Content-Type-Options:
      - nosniff
      X-Xss-Protection:
      - 1; mode=block
      X-Download-Options:
      - noopen
      X-Permitted-Cross-Domain-Policies:
      - none
      Content-Security-Policy:
      - default-src 'self'; img-src 'self' data:; script-src 'self'; style-src 'self'
        'unsafe-inline'
    body:
      encoding: UTF-8
      string: '{"success":true,"errors":[]}'
  recorded_at: Tue, 10 May 2022 19:47:13 GMT
- request:
    method: get
    uri: https://check-financial-eligibility-staging.cloud-platform.service.justice.gov.uk/assessments/21a1868f-ca93-46fc-9982-7a64f635c476
    body:
      encoding: US-ASCII
      string: ''
    headers:
      Content-Type:
      - application/json
      Accept:
      - application/json;version=4
      User-Agent:
      - Faraday v1.10.0
      Accept-Encoding:
      - gzip;q=1.0,deflate;q=0.6,identity;q=0.3
  response:
    status:
      code: 200
      message: OK
    headers:
      Date:
      - Tue, 10 May 2022 19:47:13 GMT
      Content-Type:
      - application/json; charset=utf-8
      Transfer-Encoding:
      - chunked
      Connection:
      - keep-alive
      Vary:
      - Accept
      Etag:
      - W/"71b2e9591a4220cf7e2c6f7d2cd94855"
      Cache-Control:
      - max-age=0, private, must-revalidate
      X-Request-Id:
      - 722b47a0905558d5e91f7190467bfd1c
      X-Runtime:
      - '0.210275'
      Strict-Transport-Security:
      - max-age=15724800; includeSubDomains
      X-Frame-Options:
      - sameorigin
      X-Content-Type-Options:
      - nosniff
      X-Xss-Protection:
      - 1; mode=block
      X-Download-Options:
      - noopen
      X-Permitted-Cross-Domain-Policies:
      - none
      Content-Security-Policy:
      - default-src 'self'; img-src 'self' data:; script-src 'self'; style-src 'self'
        'unsafe-inline'
    body:
      encoding: UTF-8
      string: '{"version":"4","timestamp":"2022-05-10T19:47:13.518Z","success":true,"result_summary":{"overall_result":{"result":"contribution_required","capital_contribution":2078298.44,"income_contribution":0.0,"matter_types":[{"matter_type":"domestic_abuse","result":"contribution_required"}],"proceeding_types":[{"ccms_code":"DA001","result":"contribution_required"},{"ccms_code":"DA005","result":"contribution_required"}]},"gross_income":{"total_gross_income":0.0,"proceeding_types":[{"ccms_code":"DA001","upper_threshold":999999999999.0,"result":"eligible"},{"ccms_code":"DA005","upper_threshold":999999999999.0,"result":"eligible"}]},"disposable_income":{"dependant_allowance":0.0,"gross_housing_costs":0.0,"housing_benefit":0.0,"net_housing_costs":0.0,"maintenance_allowance":0.0,"total_outgoings_and_allowances":0.0,"total_disposable_income":0.0,"employment_income":{"gross_income":0.0,"benefits_in_kind":0.0,"tax":0.0,"national_insurance":0.0,"fixed_employment_deduction":0.0,"net_employment_income":0.0},"income_contribution":0.0,"proceeding_types":[{"ccms_code":"DA001","upper_threshold":999999999999.0,"lower_threshold":315.0,"result":"eligible"},{"ccms_code":"DA005","upper_threshold":999999999999.0,"lower_threshold":315.0,"result":"eligible"}]},"capital":{"total_liquid":2081298.44,"total_non_liquid":0.0,"total_vehicle":0.0,"total_property":0.0,"total_mortgage_allowance":999999999999.0,"total_capital":2081298.44,"pensioner_capital_disregard":0.0,"capital_contribution":2078298.44,"assessed_capital":2081298.44,"proceeding_types":[{"ccms_code":"DA001","lower_threshold":3000.0,"upper_threshold":999999999999.0,"result":"contribution_required"},{"ccms_code":"DA005","lower_threshold":3000.0,"upper_threshold":999999999999.0,"result":"contribution_required"}]}},"assessment":{"id":"21a1868f-ca93-46fc-9982-7a64f635c476","client_reference_id":"L-3ER-A0F","submission_date":"2022-04-30","applicant":{"date_of_birth":"1977-06-18","involvement_type":"applicant","has_partner_opponent":false,"receives_qualifying_benefit":false,"self_employed":false},"gross_income":{"employment_income":[],"irregular_income":{"monthly_equivalents":{"student_loan":0.0}},"state_benefits":{"monthly_equivalents":{"all_sources":0.0,"cash_transactions":0.0,"bank_transactions":[]}},"other_income":{"monthly_equivalents":{"all_sources":{"friends_or_family":0.0,"maintenance_in":0.0,"property_or_lodger":0.0,"pension":0.0},"bank_transactions":{"friends_or_family":0.0,"maintenance_in":0.0,"property_or_lodger":0.0,"pension":0.0},"cash_transactions":{"friends_or_family":0.0,"maintenance_in":0.0,"property_or_lodger":0.0,"pension":0.0}}}},"disposable_income":{"monthly_equivalents":{"all_sources":{"child_care":0.0,"rent_or_mortgage":0.0,"maintenance_out":0.0,"legal_aid":0.0},"bank_transactions":{"child_care":0.0,"rent_or_mortgage":0.0,"maintenance_out":0.0,"legal_aid":0.0},"cash_transactions":{"child_care":0.0,"rent_or_mortgage":0.0,"maintenance_out":0.0,"legal_aid":0.0}},"childcare_allowance":0.0,"deductions":{"dependants_allowance":0.0,"disregarded_state_benefits":0.0}},"capital":{"capital_items":{"liquid":[{"description":"Money
        not in a bank account","value":4000.0},{"description":"Online current accounts","value":1391460.44},{"description":"Online
        savings accounts","value":685838.0}],"non_liquid":[],"vehicles":[],"properties":{"main_home":{"value":0.0,"outstanding_mortgage":0.0,"percentage_owned":0.0,"main_home":true,"shared_with_housing_assoc":false,"transaction_allowance":0.0,"allowable_outstanding_mortgage":0.0,"net_value":0.0,"net_equity":0.0,"main_home_equity_disregard":100000.0,"assessed_equity":0.0},"additional_properties":[{"value":0.0,"outstanding_mortgage":0.0,"percentage_owned":0.0,"main_home":false,"shared_with_housing_assoc":false,"transaction_allowance":0.0,"allowable_outstanding_mortgage":0.0,"net_value":0.0,"net_equity":0.0,"main_home_equity_disregard":0.0,"assessed_equity":0.0}]}}},"remarks":{}}}'
  recorded_at: Tue, 10 May 2022 19:47:13 GMT
- request:
    method: post
    uri: https://ap-3297-client-involvement-cal-check-financial-uat.cloud-platform.service.justice.gov.uk/assessments/0dd12e0b-cf4c-4e2f-9570-561a09d99df0/applicant
    body:
      encoding: UTF-8
      string: '{"applicant":{"date_of_birth":"1961-09-23","involvement_type":"applicant","has_partner_opponent":false,"receives_qualifying_benefit":false}}'
    headers:
      Content-Type:
      - application/json
      Accept:
      - application/json;version=4
      User-Agent:
      - Faraday v1.10.0
      Accept-Encoding:
      - gzip;q=1.0,deflate;q=0.6,identity;q=0.3
  response:
    status:
      code: 200
      message: OK
    headers:
      Date:
      - Sat, 16 Jul 2022 11:20:06 GMT
      Content-Type:
      - application/json; charset=utf-8
      Transfer-Encoding:
      - chunked
      Connection:
      - keep-alive
      X-Frame-Options:
      - SAMEORIGIN
      X-Xss-Protection:
      - '0'
      X-Content-Type-Options:
      - nosniff
      X-Download-Options:
      - noopen
      X-Permitted-Cross-Domain-Policies:
      - none
      Referrer-Policy:
      - strict-origin-when-cross-origin
      Vary:
      - Accept
      Etag:
      - W/"e156c1de751f0fc41f3ce5edefd256d2"
      Cache-Control:
      - max-age=0, private, must-revalidate
      X-Request-Id:
      - 3e08a471871f8a22dcda405db1b4157a
      X-Runtime:
      - '0.103472'
      Strict-Transport-Security:
      - max-age=15724800; includeSubDomains
    body:
      encoding: UTF-8
      string: '{"success":true,"errors":[]}'
  recorded_at: Sat, 16 Jul 2022 11:20:06 GMT
- request:
    method: post
    uri: https://ap-3297-client-involvement-cal-check-financial-uat.cloud-platform.service.justice.gov.uk/assessments/0dd12e0b-cf4c-4e2f-9570-561a09d99df0/capitals
    body:
      encoding: UTF-8
      string: '{"bank_accounts":[{"description":"Money not in a bank account","value":"4000.0"},{"description":"Online
        current accounts","value":"644638.03"},{"description":"Online savings accounts","value":"512379.99"}],"non_liquid_capital":[]}'
    headers:
      Content-Type:
      - application/json
      Accept:
      - application/json;version=4
      User-Agent:
      - Faraday v1.10.0
      Accept-Encoding:
      - gzip;q=1.0,deflate;q=0.6,identity;q=0.3
  response:
    status:
      code: 200
      message: OK
    headers:
      Date:
      - Sat, 16 Jul 2022 11:20:06 GMT
      Content-Type:
      - application/json; charset=utf-8
      Transfer-Encoding:
      - chunked
      Connection:
      - keep-alive
      X-Frame-Options:
      - SAMEORIGIN
      X-Xss-Protection:
      - '0'
      X-Content-Type-Options:
      - nosniff
      X-Download-Options:
      - noopen
      X-Permitted-Cross-Domain-Policies:
      - none
      Referrer-Policy:
      - strict-origin-when-cross-origin
      Vary:
      - Accept
      Etag:
      - W/"e156c1de751f0fc41f3ce5edefd256d2"
      Cache-Control:
      - max-age=0, private, must-revalidate
      X-Request-Id:
      - fadf8d5c685c4267ce63d3a9dfa53c72
      X-Runtime:
      - '0.180750'
      Strict-Transport-Security:
      - max-age=15724800; includeSubDomains
    body:
      encoding: UTF-8
      string: '{"success":true,"errors":[]}'
  recorded_at: Sat, 16 Jul 2022 11:20:06 GMT
- request:
    method: post
    uri: https://ap-3297-client-involvement-cal-check-financial-uat.cloud-platform.service.justice.gov.uk/assessments/0dd12e0b-cf4c-4e2f-9570-561a09d99df0/vehicles
    body:
      encoding: UTF-8
      string: '{"vehicles":[]}'
    headers:
      Content-Type:
      - application/json
      Accept:
      - application/json;version=4
      User-Agent:
      - Faraday v1.10.0
      Accept-Encoding:
      - gzip;q=1.0,deflate;q=0.6,identity;q=0.3
  response:
    status:
      code: 200
      message: OK
    headers:
      Date:
      - Sat, 16 Jul 2022 11:20:06 GMT
      Content-Type:
      - application/json; charset=utf-8
      Transfer-Encoding:
      - chunked
      Connection:
      - keep-alive
      X-Frame-Options:
      - SAMEORIGIN
      X-Xss-Protection:
      - '0'
      X-Content-Type-Options:
      - nosniff
      X-Download-Options:
      - noopen
      X-Permitted-Cross-Domain-Policies:
      - none
      Referrer-Policy:
      - strict-origin-when-cross-origin
      Vary:
      - Accept
      Etag:
      - W/"e156c1de751f0fc41f3ce5edefd256d2"
      Cache-Control:
      - max-age=0, private, must-revalidate
      X-Request-Id:
      - 5036fd4fef6476376d6b13c8d5d89397
      X-Runtime:
      - '0.011965'
      Strict-Transport-Security:
      - max-age=15724800; includeSubDomains
    body:
      encoding: UTF-8
      string: '{"success":true,"errors":[]}'
  recorded_at: Sat, 16 Jul 2022 11:20:06 GMT
- request:
    method: post
    uri: https://ap-3297-client-involvement-cal-check-financial-uat.cloud-platform.service.justice.gov.uk/assessments/0dd12e0b-cf4c-4e2f-9570-561a09d99df0/properties
    body:
      encoding: UTF-8
      string: '{"properties":{"main_home":{"value":0.0,"outstanding_mortgage":0.0,"percentage_owned":0.0,"shared_with_housing_assoc":false},"additional_properties":[{"value":0,"outstanding_mortgage":0,"percentage_owned":0,"shared_with_housing_assoc":false}]}}'
    headers:
      Content-Type:
      - application/json
      Accept:
      - application/json;version=4
      User-Agent:
      - Faraday v1.10.0
      Accept-Encoding:
      - gzip;q=1.0,deflate;q=0.6,identity;q=0.3
  response:
    status:
      code: 200
      message: OK
    headers:
      Date:
      - Sat, 16 Jul 2022 11:20:07 GMT
      Content-Type:
      - application/json; charset=utf-8
      Transfer-Encoding:
      - chunked
      Connection:
      - keep-alive
      X-Frame-Options:
      - SAMEORIGIN
      X-Xss-Protection:
      - '0'
      X-Content-Type-Options:
      - nosniff
      X-Download-Options:
      - noopen
      X-Permitted-Cross-Domain-Policies:
      - none
      Referrer-Policy:
      - strict-origin-when-cross-origin
      Vary:
      - Accept
      Etag:
      - W/"e156c1de751f0fc41f3ce5edefd256d2"
      Cache-Control:
      - max-age=0, private, must-revalidate
      X-Request-Id:
      - ca906c63bfa391f622b9b68fe1643ed9
      X-Runtime:
      - '0.025465'
      Strict-Transport-Security:
      - max-age=15724800; includeSubDomains
    body:
      encoding: UTF-8
      string: '{"success":true,"errors":[]}'
  recorded_at: Sat, 16 Jul 2022 11:20:07 GMT
- request:
    method: post
    uri: https://ap-3297-client-involvement-cal-check-financial-uat.cloud-platform.service.justice.gov.uk/assessments/0dd12e0b-cf4c-4e2f-9570-561a09d99df0/explicit_remarks
    body:
      encoding: UTF-8
      string: '{"explicit_remarks":[{"category":"policy_disregards","details":[]}]}'
    headers:
      Content-Type:
      - application/json
      Accept:
      - application/json;version=4
      User-Agent:
      - Faraday v1.10.0
      Accept-Encoding:
      - gzip;q=1.0,deflate;q=0.6,identity;q=0.3
  response:
    status:
      code: 200
      message: OK
    headers:
      Date:
      - Sat, 16 Jul 2022 11:20:07 GMT
      Content-Type:
      - application/json; charset=utf-8
      Transfer-Encoding:
      - chunked
      Connection:
      - keep-alive
      X-Frame-Options:
      - SAMEORIGIN
      X-Xss-Protection:
      - '0'
      X-Content-Type-Options:
      - nosniff
      X-Download-Options:
      - noopen
      X-Permitted-Cross-Domain-Policies:
      - none
      Referrer-Policy:
      - strict-origin-when-cross-origin
      Vary:
      - Accept
      Etag:
      - W/"e156c1de751f0fc41f3ce5edefd256d2"
      Cache-Control:
      - max-age=0, private, must-revalidate
      X-Request-Id:
      - 0f5e134616d21893dc7c9f15bf78b508
      X-Runtime:
      - '0.017665'
      Strict-Transport-Security:
      - max-age=15724800; includeSubDomains
    body:
      encoding: UTF-8
      string: '{"success":true,"errors":[]}'
  recorded_at: Sat, 16 Jul 2022 11:20:07 GMT
- request:
    method: post
    uri: https://ap-3297-client-involvement-cal-check-financial-uat.cloud-platform.service.justice.gov.uk/assessments/0dd12e0b-cf4c-4e2f-9570-561a09d99df0/dependants
    body:
      encoding: UTF-8
      string: '{"dependants":[]}'
    headers:
      Content-Type:
      - application/json
      Accept:
      - application/json;version=4
      User-Agent:
      - Faraday v1.10.0
      Accept-Encoding:
      - gzip;q=1.0,deflate;q=0.6,identity;q=0.3
  response:
    status:
      code: 200
      message: OK
    headers:
      Date:
      - Sat, 16 Jul 2022 11:20:07 GMT
      Content-Type:
      - application/json; charset=utf-8
      Transfer-Encoding:
      - chunked
      Connection:
      - keep-alive
      X-Frame-Options:
      - SAMEORIGIN
      X-Xss-Protection:
      - '0'
      X-Content-Type-Options:
      - nosniff
      X-Download-Options:
      - noopen
      X-Permitted-Cross-Domain-Policies:
      - none
      Referrer-Policy:
      - strict-origin-when-cross-origin
      Vary:
      - Accept
      Etag:
      - W/"e156c1de751f0fc41f3ce5edefd256d2"
      Cache-Control:
      - max-age=0, private, must-revalidate
      X-Request-Id:
      - cb0a6622593f50332a4d2607910403ff
      X-Runtime:
      - '0.016633'
      Strict-Transport-Security:
      - max-age=15724800; includeSubDomains
    body:
      encoding: UTF-8
      string: '{"success":true,"errors":[]}'
  recorded_at: Sat, 16 Jul 2022 11:20:07 GMT
- request:
    method: post
    uri: https://ap-3297-client-involvement-cal-check-financial-uat.cloud-platform.service.justice.gov.uk/assessments/0dd12e0b-cf4c-4e2f-9570-561a09d99df0/outgoings
    body:
      encoding: UTF-8
      string: '{"outgoings":[]}'
    headers:
      Content-Type:
      - application/json
      Accept:
      - application/json;version=4
      User-Agent:
      - Faraday v1.10.0
      Accept-Encoding:
      - gzip;q=1.0,deflate;q=0.6,identity;q=0.3
  response:
    status:
      code: 200
      message: OK
    headers:
      Date:
      - Sat, 16 Jul 2022 11:20:07 GMT
      Content-Type:
      - application/json; charset=utf-8
      Transfer-Encoding:
      - chunked
      Connection:
      - keep-alive
      X-Frame-Options:
      - SAMEORIGIN
      X-Xss-Protection:
      - '0'
      X-Content-Type-Options:
      - nosniff
      X-Download-Options:
      - noopen
      X-Permitted-Cross-Domain-Policies:
      - none
      Referrer-Policy:
      - strict-origin-when-cross-origin
      Vary:
      - Accept
      Etag:
      - W/"e156c1de751f0fc41f3ce5edefd256d2"
      Cache-Control:
      - max-age=0, private, must-revalidate
      X-Request-Id:
      - 72fe54fc0bf0d6ac0490856e7918d5c3
      X-Runtime:
      - '0.019536'
      Strict-Transport-Security:
      - max-age=15724800; includeSubDomains
    body:
      encoding: UTF-8
      string: '{"success":true,"errors":[]}'
  recorded_at: Sat, 16 Jul 2022 11:20:07 GMT
- request:
    method: post
    uri: https://ap-3297-client-involvement-cal-check-financial-uat.cloud-platform.service.justice.gov.uk/assessments/0dd12e0b-cf4c-4e2f-9570-561a09d99df0/state_benefits
    body:
      encoding: UTF-8
      string: '{"state_benefits":[]}'
    headers:
      Content-Type:
      - application/json
      Accept:
      - application/json;version=4
      User-Agent:
      - Faraday v1.10.0
      Accept-Encoding:
      - gzip;q=1.0,deflate;q=0.6,identity;q=0.3
  response:
    status:
      code: 200
      message: OK
    headers:
      Date:
      - Sat, 16 Jul 2022 11:20:07 GMT
      Content-Type:
      - application/json; charset=utf-8
      Transfer-Encoding:
      - chunked
      Connection:
      - keep-alive
      X-Frame-Options:
      - SAMEORIGIN
      X-Xss-Protection:
      - '0'
      X-Content-Type-Options:
      - nosniff
      X-Download-Options:
      - noopen
      X-Permitted-Cross-Domain-Policies:
      - none
      Referrer-Policy:
      - strict-origin-when-cross-origin
      Vary:
      - Accept
      Etag:
      - W/"e156c1de751f0fc41f3ce5edefd256d2"
      Cache-Control:
      - max-age=0, private, must-revalidate
      X-Request-Id:
      - bb54d4372a39d3c0425b40c1a1af153b
      X-Runtime:
      - '0.012697'
      Strict-Transport-Security:
      - max-age=15724800; includeSubDomains
    body:
      encoding: UTF-8
      string: '{"success":true,"errors":[]}'
  recorded_at: Sat, 16 Jul 2022 11:20:07 GMT
- request:
    method: post
    uri: https://ap-3297-client-involvement-cal-check-financial-uat.cloud-platform.service.justice.gov.uk/assessments/0dd12e0b-cf4c-4e2f-9570-561a09d99df0/other_incomes
    body:
      encoding: UTF-8
      string: '{"other_incomes":[]}'
    headers:
      Content-Type:
      - application/json
      Accept:
      - application/json;version=4
      User-Agent:
      - Faraday v1.10.0
      Accept-Encoding:
      - gzip;q=1.0,deflate;q=0.6,identity;q=0.3
  response:
    status:
      code: 200
      message: OK
    headers:
      Date:
      - Sat, 16 Jul 2022 11:20:07 GMT
      Content-Type:
      - application/json; charset=utf-8
      Transfer-Encoding:
      - chunked
      Connection:
      - keep-alive
      X-Frame-Options:
      - SAMEORIGIN
      X-Xss-Protection:
      - '0'
      X-Content-Type-Options:
      - nosniff
      X-Download-Options:
      - noopen
      X-Permitted-Cross-Domain-Policies:
      - none
      Referrer-Policy:
      - strict-origin-when-cross-origin
      Vary:
      - Accept
      Etag:
      - W/"e156c1de751f0fc41f3ce5edefd256d2"
      Cache-Control:
      - max-age=0, private, must-revalidate
      X-Request-Id:
      - db519a2602530540d8173cad13524cd7
      X-Runtime:
      - '0.018149'
      Strict-Transport-Security:
      - max-age=15724800; includeSubDomains
    body:
      encoding: UTF-8
      string: '{"success":true,"errors":[]}'
  recorded_at: Sat, 16 Jul 2022 11:20:07 GMT
- request:
    method: post
    uri: https://ap-3297-client-involvement-cal-check-financial-uat.cloud-platform.service.justice.gov.uk/assessments/0dd12e0b-cf4c-4e2f-9570-561a09d99df0/irregular_incomes
    body:
      encoding: UTF-8
      string: '{"payments":[]}'
    headers:
      Content-Type:
      - application/json
      Accept:
      - application/json;version=4
      User-Agent:
      - Faraday v1.10.0
      Accept-Encoding:
      - gzip;q=1.0,deflate;q=0.6,identity;q=0.3
  response:
    status:
      code: 200
      message: OK
    headers:
      Date:
      - Sat, 16 Jul 2022 11:20:07 GMT
      Content-Type:
      - application/json; charset=utf-8
      Transfer-Encoding:
      - chunked
      Connection:
      - keep-alive
      X-Frame-Options:
      - SAMEORIGIN
      X-Xss-Protection:
      - '0'
      X-Content-Type-Options:
      - nosniff
      X-Download-Options:
      - noopen
      X-Permitted-Cross-Domain-Policies:
      - none
      Referrer-Policy:
      - strict-origin-when-cross-origin
      Vary:
      - Accept
      Etag:
      - W/"e156c1de751f0fc41f3ce5edefd256d2"
      Cache-Control:
      - max-age=0, private, must-revalidate
      X-Request-Id:
      - f4fc95e8ba897d8fba1533cb9fb55895
      X-Runtime:
      - '0.017656'
      Strict-Transport-Security:
      - max-age=15724800; includeSubDomains
    body:
      encoding: UTF-8
      string: '{"success":true,"errors":[]}'
  recorded_at: Sat, 16 Jul 2022 11:20:07 GMT
- request:
    method: post
    uri: https://ap-3297-client-involvement-cal-check-financial-uat.cloud-platform.service.justice.gov.uk/assessments/0dd12e0b-cf4c-4e2f-9570-561a09d99df0/employments
    body:
      encoding: UTF-8
      string: '{"employment_income":[]}'
    headers:
      Content-Type:
      - application/json
      Accept:
      - application/json;version=4
      User-Agent:
      - Faraday v1.10.0
      Accept-Encoding:
      - gzip;q=1.0,deflate;q=0.6,identity;q=0.3
  response:
    status:
      code: 200
      message: OK
    headers:
      Date:
      - Sat, 16 Jul 2022 11:20:07 GMT
      Content-Type:
      - application/json; charset=utf-8
      Transfer-Encoding:
      - chunked
      Connection:
      - keep-alive
      X-Frame-Options:
      - SAMEORIGIN
      X-Xss-Protection:
      - '0'
      X-Content-Type-Options:
      - nosniff
      X-Download-Options:
      - noopen
      X-Permitted-Cross-Domain-Policies:
      - none
      Referrer-Policy:
      - strict-origin-when-cross-origin
      Vary:
      - Accept
      Etag:
      - W/"e156c1de751f0fc41f3ce5edefd256d2"
      Cache-Control:
      - max-age=0, private, must-revalidate
      X-Request-Id:
      - b32528d420dcd27e6be4186b04923910
      X-Runtime:
      - '0.030036'
      Strict-Transport-Security:
      - max-age=15724800; includeSubDomains
    body:
      encoding: UTF-8
      string: '{"success":true,"errors":[]}'
  recorded_at: Sat, 16 Jul 2022 11:20:07 GMT
- request:
    method: post
    uri: https://ap-3297-client-involvement-cal-check-financial-uat.cloud-platform.service.justice.gov.uk/assessments/0dd12e0b-cf4c-4e2f-9570-561a09d99df0/cash_transactions
    body:
      encoding: UTF-8
      string: '{"income":[],"outgoings":[]}'
    headers:
      Content-Type:
      - application/json
      Accept:
      - application/json;version=4
      User-Agent:
      - Faraday v1.10.0
      Accept-Encoding:
      - gzip;q=1.0,deflate;q=0.6,identity;q=0.3
  response:
    status:
      code: 200
      message: OK
    headers:
      Date:
      - Sat, 16 Jul 2022 11:20:07 GMT
      Content-Type:
      - application/json; charset=utf-8
      Transfer-Encoding:
      - chunked
      Connection:
      - keep-alive
      X-Frame-Options:
      - SAMEORIGIN
      X-Xss-Protection:
      - '0'
      X-Content-Type-Options:
      - nosniff
      X-Download-Options:
      - noopen
      X-Permitted-Cross-Domain-Policies:
      - none
      Referrer-Policy:
      - strict-origin-when-cross-origin
      Vary:
      - Accept
      Etag:
      - W/"e156c1de751f0fc41f3ce5edefd256d2"
      Cache-Control:
      - max-age=0, private, must-revalidate
      X-Request-Id:
      - d59aa3b4ef8469c97cb5446c2aade700
      X-Runtime:
      - '0.023752'
      Strict-Transport-Security:
      - max-age=15724800; includeSubDomains
    body:
      encoding: UTF-8
      string: '{"success":true,"errors":[]}'
  recorded_at: Sat, 16 Jul 2022 11:20:07 GMT
- request:
    method: get
    uri: https://ap-3297-client-involvement-cal-check-financial-uat.cloud-platform.service.justice.gov.uk/assessments/0dd12e0b-cf4c-4e2f-9570-561a09d99df0
    body:
      encoding: US-ASCII
      string: ''
    headers:
      Content-Type:
      - application/json
      Accept:
      - application/json;version=4
      User-Agent:
      - Faraday v1.10.0
      Accept-Encoding:
      - gzip;q=1.0,deflate;q=0.6,identity;q=0.3
  response:
    status:
      code: 200
      message: OK
    headers:
      Date:
      - Sat, 16 Jul 2022 11:20:08 GMT
      Content-Type:
      - application/json; charset=utf-8
      Transfer-Encoding:
      - chunked
      Connection:
      - keep-alive
      X-Frame-Options:
      - SAMEORIGIN
      X-Xss-Protection:
      - '0'
      X-Content-Type-Options:
      - nosniff
      X-Download-Options:
      - noopen
      X-Permitted-Cross-Domain-Policies:
      - none
      Referrer-Policy:
      - strict-origin-when-cross-origin
      Vary:
      - Accept
      Etag:
      - W/"7da04afc85767bc43717e63353e39d22"
      Cache-Control:
      - max-age=0, private, must-revalidate
      X-Request-Id:
      - f65841ae7ca724b0440aa5ba4d701675
      X-Runtime:
      - '0.157969'
      Strict-Transport-Security:
      - max-age=15724800; includeSubDomains
    body:
      encoding: UTF-8
      string: '{"version":"4","timestamp":"2022-07-16T11:20:08.087Z","success":true,"result_summary":{"overall_result":{"result":"contribution_required","capital_contribution":1058018.02,"income_contribution":0.0,"matter_types":[{"matter_type":"domestic_abuse","result":"contribution_required"}],"proceeding_types":[{"ccms_code":"DA005","result":"contribution_required"},{"ccms_code":"DA001","result":"contribution_required"}]},"gross_income":{"total_gross_income":0.0,"proceeding_types":[{"ccms_code":"DA005","upper_threshold":999999999999.0,"result":"eligible"},{"ccms_code":"DA001","upper_threshold":999999999999.0,"result":"eligible"}]},"disposable_income":{"dependant_allowance":0.0,"gross_housing_costs":0.0,"housing_benefit":0.0,"net_housing_costs":0.0,"maintenance_allowance":0.0,"total_outgoings_and_allowances":0.0,"total_disposable_income":0.0,"employment_income":{"gross_income":0.0,"benefits_in_kind":0.0,"tax":0.0,"national_insurance":0.0,"fixed_employment_deduction":0.0,"net_employment_income":0.0},"income_contribution":0.0,"proceeding_types":[{"ccms_code":"DA005","upper_threshold":999999999999.0,"lower_threshold":315.0,"result":"eligible"},{"ccms_code":"DA001","upper_threshold":999999999999.0,"lower_threshold":315.0,"result":"eligible"}]},"capital":{"total_liquid":1161018.02,"total_non_liquid":0.0,"total_vehicle":0.0,"total_property":0.0,"total_mortgage_allowance":999999999999.0,"total_capital":1161018.02,"pensioner_capital_disregard":100000.0,"capital_contribution":1058018.02,"assessed_capital":1061018.02,"proceeding_types":[{"ccms_code":"DA005","lower_threshold":3000.0,"upper_threshold":999999999999.0,"result":"contribution_required"},{"ccms_code":"DA001","lower_threshold":3000.0,"upper_threshold":999999999999.0,"result":"contribution_required"}]}},"assessment":{"id":"0dd12e0b-cf4c-4e2f-9570-561a09d99df0","client_reference_id":"L-C4L-8VW","submission_date":"2022-07-07","applicant":{"date_of_birth":"1961-09-23","involvement_type":"applicant","has_partner_opponent":false,"receives_qualifying_benefit":false,"self_employed":false},"gross_income":{"employment_income":[],"irregular_income":{"monthly_equivalents":{"student_loan":0.0}},"state_benefits":{"monthly_equivalents":{"all_sources":0.0,"cash_transactions":0.0,"bank_transactions":[]}},"other_income":{"monthly_equivalents":{"all_sources":{"friends_or_family":0.0,"maintenance_in":0.0,"property_or_lodger":0.0,"pension":0.0},"bank_transactions":{"friends_or_family":0.0,"maintenance_in":0.0,"property_or_lodger":0.0,"pension":0.0},"cash_transactions":{"friends_or_family":0.0,"maintenance_in":0.0,"property_or_lodger":0.0,"pension":0.0}}}},"disposable_income":{"monthly_equivalents":{"all_sources":{"child_care":0.0,"rent_or_mortgage":0.0,"maintenance_out":0.0,"legal_aid":0.0},"bank_transactions":{"child_care":0.0,"rent_or_mortgage":0.0,"maintenance_out":0.0,"legal_aid":0.0},"cash_transactions":{"child_care":0.0,"rent_or_mortgage":0.0,"maintenance_out":0.0,"legal_aid":0.0}},"childcare_allowance":0.0,"deductions":{"dependants_allowance":0.0,"disregarded_state_benefits":0.0}},"capital":{"capital_items":{"liquid":[{"description":"Money
        not in a bank account","value":4000.0},{"description":"Online current accounts","value":644638.03},{"description":"Online
        savings accounts","value":512379.99}],"non_liquid":[],"vehicles":[],"properties":{"main_home":{"value":0.0,"outstanding_mortgage":0.0,"percentage_owned":0.0,"main_home":true,"shared_with_housing_assoc":false,"transaction_allowance":0.0,"allowable_outstanding_mortgage":0.0,"net_value":0.0,"net_equity":0.0,"main_home_equity_disregard":100000.0,"assessed_equity":0.0},"additional_properties":[{"value":0.0,"outstanding_mortgage":0.0,"percentage_owned":0.0,"main_home":false,"shared_with_housing_assoc":false,"transaction_allowance":0.0,"allowable_outstanding_mortgage":0.0,"net_value":0.0,"net_equity":0.0,"main_home_equity_disregard":0.0,"assessed_equity":0.0}]}}},"remarks":{}}}'
  recorded_at: Sat, 16 Jul 2022 11:20:08 GMT
- request:
    method: post
    uri: https://ap-3297-client-involvement-cal-check-financial-uat.cloud-platform.service.justice.gov.uk/assessments/800dc6bb-07b3-445a-b37d-a059764667b2/applicant
    body:
      encoding: UTF-8
      string: '{"applicant":{"date_of_birth":"1959-02-15","involvement_type":"applicant","has_partner_opponent":false,"receives_qualifying_benefit":false}}'
    headers:
      Content-Type:
      - application/json
      Accept:
      - application/json;version=4
      User-Agent:
      - Faraday v1.10.0
      Accept-Encoding:
      - gzip;q=1.0,deflate;q=0.6,identity;q=0.3
  response:
    status:
      code: 200
      message: OK
    headers:
      Date:
      - Sat, 16 Jul 2022 12:40:12 GMT
      Content-Type:
      - application/json; charset=utf-8
      Transfer-Encoding:
      - chunked
      Connection:
      - keep-alive
      X-Frame-Options:
      - SAMEORIGIN
      X-Xss-Protection:
      - '0'
      X-Content-Type-Options:
      - nosniff
      X-Download-Options:
      - noopen
      X-Permitted-Cross-Domain-Policies:
      - none
      Referrer-Policy:
      - strict-origin-when-cross-origin
      Vary:
      - Accept
      Etag:
      - W/"e156c1de751f0fc41f3ce5edefd256d2"
      Cache-Control:
      - max-age=0, private, must-revalidate
      X-Request-Id:
      - 2b32b17429aa95e479c30b2cf569170f
      X-Runtime:
      - '0.024380'
      Strict-Transport-Security:
      - max-age=15724800; includeSubDomains
    body:
      encoding: UTF-8
      string: '{"success":true,"errors":[]}'
  recorded_at: Sat, 16 Jul 2022 12:40:12 GMT
- request:
    method: post
    uri: https://ap-3297-client-involvement-cal-check-financial-uat.cloud-platform.service.justice.gov.uk/assessments/800dc6bb-07b3-445a-b37d-a059764667b2/capitals
    body:
      encoding: UTF-8
      string: '{"bank_accounts":[{"description":"Money not in a bank account","value":"4000.0"},{"description":"Online
        current accounts","value":"985258.02"},{"description":"Online savings accounts","value":"580249.75"}],"non_liquid_capital":[]}'
    headers:
      Content-Type:
      - application/json
      Accept:
      - application/json;version=4
      User-Agent:
      - Faraday v1.10.0
      Accept-Encoding:
      - gzip;q=1.0,deflate;q=0.6,identity;q=0.3
  response:
    status:
      code: 200
      message: OK
    headers:
      Date:
      - Sat, 16 Jul 2022 12:40:13 GMT
      Content-Type:
      - application/json; charset=utf-8
      Transfer-Encoding:
      - chunked
      Connection:
      - keep-alive
      X-Frame-Options:
      - SAMEORIGIN
      X-Xss-Protection:
      - '0'
      X-Content-Type-Options:
      - nosniff
      X-Download-Options:
      - noopen
      X-Permitted-Cross-Domain-Policies:
      - none
      Referrer-Policy:
      - strict-origin-when-cross-origin
      Vary:
      - Accept
      Etag:
      - W/"e156c1de751f0fc41f3ce5edefd256d2"
      Cache-Control:
      - max-age=0, private, must-revalidate
      X-Request-Id:
      - a0bf60044eb5ecd266a40baaf9481dc8
      X-Runtime:
      - '0.020529'
      Strict-Transport-Security:
      - max-age=15724800; includeSubDomains
    body:
      encoding: UTF-8
      string: '{"success":true,"errors":[]}'
  recorded_at: Sat, 16 Jul 2022 12:40:13 GMT
- request:
    method: post
    uri: https://ap-3297-client-involvement-cal-check-financial-uat.cloud-platform.service.justice.gov.uk/assessments/800dc6bb-07b3-445a-b37d-a059764667b2/vehicles
    body:
      encoding: UTF-8
      string: '{"vehicles":[]}'
    headers:
      Content-Type:
      - application/json
      Accept:
      - application/json;version=4
      User-Agent:
      - Faraday v1.10.0
      Accept-Encoding:
      - gzip;q=1.0,deflate;q=0.6,identity;q=0.3
  response:
    status:
      code: 200
      message: OK
    headers:
      Date:
      - Sat, 16 Jul 2022 12:40:13 GMT
      Content-Type:
      - application/json; charset=utf-8
      Transfer-Encoding:
      - chunked
      Connection:
      - keep-alive
      X-Frame-Options:
      - SAMEORIGIN
      X-Xss-Protection:
      - '0'
      X-Content-Type-Options:
      - nosniff
      X-Download-Options:
      - noopen
      X-Permitted-Cross-Domain-Policies:
      - none
      Referrer-Policy:
      - strict-origin-when-cross-origin
      Vary:
      - Accept
      Etag:
      - W/"e156c1de751f0fc41f3ce5edefd256d2"
      Cache-Control:
      - max-age=0, private, must-revalidate
      X-Request-Id:
      - c7753000d16a6bdd41372ba74a24610d
      X-Runtime:
      - '0.011139'
      Strict-Transport-Security:
      - max-age=15724800; includeSubDomains
    body:
      encoding: UTF-8
      string: '{"success":true,"errors":[]}'
  recorded_at: Sat, 16 Jul 2022 12:40:13 GMT
- request:
    method: post
    uri: https://ap-3297-client-involvement-cal-check-financial-uat.cloud-platform.service.justice.gov.uk/assessments/800dc6bb-07b3-445a-b37d-a059764667b2/properties
    body:
      encoding: UTF-8
      string: '{"properties":{"main_home":{"value":0.0,"outstanding_mortgage":0.0,"percentage_owned":0.0,"shared_with_housing_assoc":false},"additional_properties":[{"value":0,"outstanding_mortgage":0,"percentage_owned":0,"shared_with_housing_assoc":false}]}}'
    headers:
      Content-Type:
      - application/json
      Accept:
      - application/json;version=4
      User-Agent:
      - Faraday v1.10.0
      Accept-Encoding:
      - gzip;q=1.0,deflate;q=0.6,identity;q=0.3
  response:
    status:
      code: 200
      message: OK
    headers:
      Date:
      - Sat, 16 Jul 2022 12:40:13 GMT
      Content-Type:
      - application/json; charset=utf-8
      Transfer-Encoding:
      - chunked
      Connection:
      - keep-alive
      X-Frame-Options:
      - SAMEORIGIN
      X-Xss-Protection:
      - '0'
      X-Content-Type-Options:
      - nosniff
      X-Download-Options:
      - noopen
      X-Permitted-Cross-Domain-Policies:
      - none
      Referrer-Policy:
      - strict-origin-when-cross-origin
      Vary:
      - Accept
      Etag:
      - W/"e156c1de751f0fc41f3ce5edefd256d2"
      Cache-Control:
      - max-age=0, private, must-revalidate
      X-Request-Id:
      - 2039a3efef3b7352016e7b0b1b26f3d2
      X-Runtime:
      - '0.021850'
      Strict-Transport-Security:
      - max-age=15724800; includeSubDomains
    body:
      encoding: UTF-8
      string: '{"success":true,"errors":[]}'
  recorded_at: Sat, 16 Jul 2022 12:40:13 GMT
- request:
    method: post
    uri: https://ap-3297-client-involvement-cal-check-financial-uat.cloud-platform.service.justice.gov.uk/assessments/800dc6bb-07b3-445a-b37d-a059764667b2/explicit_remarks
    body:
      encoding: UTF-8
      string: '{"explicit_remarks":[{"category":"policy_disregards","details":[]}]}'
    headers:
      Content-Type:
      - application/json
      Accept:
      - application/json;version=4
      User-Agent:
      - Faraday v1.10.0
      Accept-Encoding:
      - gzip;q=1.0,deflate;q=0.6,identity;q=0.3
  response:
    status:
      code: 200
      message: OK
    headers:
      Date:
      - Sat, 16 Jul 2022 12:40:13 GMT
      Content-Type:
      - application/json; charset=utf-8
      Transfer-Encoding:
      - chunked
      Connection:
      - keep-alive
      X-Frame-Options:
      - SAMEORIGIN
      X-Xss-Protection:
      - '0'
      X-Content-Type-Options:
      - nosniff
      X-Download-Options:
      - noopen
      X-Permitted-Cross-Domain-Policies:
      - none
      Referrer-Policy:
      - strict-origin-when-cross-origin
      Vary:
      - Accept
      Etag:
      - W/"e156c1de751f0fc41f3ce5edefd256d2"
      Cache-Control:
      - max-age=0, private, must-revalidate
      X-Request-Id:
      - 56cf2d0de630d557b370d711914b15f1
      X-Runtime:
      - '0.011194'
      Strict-Transport-Security:
      - max-age=15724800; includeSubDomains
    body:
      encoding: UTF-8
      string: '{"success":true,"errors":[]}'
  recorded_at: Sat, 16 Jul 2022 12:40:13 GMT
- request:
    method: post
    uri: https://ap-3297-client-involvement-cal-check-financial-uat.cloud-platform.service.justice.gov.uk/assessments/800dc6bb-07b3-445a-b37d-a059764667b2/dependants
    body:
      encoding: UTF-8
      string: '{"dependants":[]}'
    headers:
      Content-Type:
      - application/json
      Accept:
      - application/json;version=4
      User-Agent:
      - Faraday v1.10.0
      Accept-Encoding:
      - gzip;q=1.0,deflate;q=0.6,identity;q=0.3
  response:
    status:
      code: 200
      message: OK
    headers:
      Date:
      - Sat, 16 Jul 2022 12:40:13 GMT
      Content-Type:
      - application/json; charset=utf-8
      Transfer-Encoding:
      - chunked
      Connection:
      - keep-alive
      X-Frame-Options:
      - SAMEORIGIN
      X-Xss-Protection:
      - '0'
      X-Content-Type-Options:
      - nosniff
      X-Download-Options:
      - noopen
      X-Permitted-Cross-Domain-Policies:
      - none
      Referrer-Policy:
      - strict-origin-when-cross-origin
      Vary:
      - Accept
      Etag:
      - W/"e156c1de751f0fc41f3ce5edefd256d2"
      Cache-Control:
      - max-age=0, private, must-revalidate
      X-Request-Id:
      - 026c40fded529490c7ddf0ec0d40a889
      X-Runtime:
      - '0.010642'
      Strict-Transport-Security:
      - max-age=15724800; includeSubDomains
    body:
      encoding: UTF-8
      string: '{"success":true,"errors":[]}'
  recorded_at: Sat, 16 Jul 2022 12:40:13 GMT
- request:
    method: post
    uri: https://ap-3297-client-involvement-cal-check-financial-uat.cloud-platform.service.justice.gov.uk/assessments/800dc6bb-07b3-445a-b37d-a059764667b2/outgoings
    body:
      encoding: UTF-8
      string: '{"outgoings":[]}'
    headers:
      Content-Type:
      - application/json
      Accept:
      - application/json;version=4
      User-Agent:
      - Faraday v1.10.0
      Accept-Encoding:
      - gzip;q=1.0,deflate;q=0.6,identity;q=0.3
  response:
    status:
      code: 200
      message: OK
    headers:
      Date:
      - Sat, 16 Jul 2022 12:40:13 GMT
      Content-Type:
      - application/json; charset=utf-8
      Transfer-Encoding:
      - chunked
      Connection:
      - keep-alive
      X-Frame-Options:
      - SAMEORIGIN
      X-Xss-Protection:
      - '0'
      X-Content-Type-Options:
      - nosniff
      X-Download-Options:
      - noopen
      X-Permitted-Cross-Domain-Policies:
      - none
      Referrer-Policy:
      - strict-origin-when-cross-origin
      Vary:
      - Accept
      Etag:
      - W/"e156c1de751f0fc41f3ce5edefd256d2"
      Cache-Control:
      - max-age=0, private, must-revalidate
      X-Request-Id:
      - 8f9ec73df323493495fe9f4978a8c695
      X-Runtime:
      - '0.009815'
      Strict-Transport-Security:
      - max-age=15724800; includeSubDomains
    body:
      encoding: UTF-8
      string: '{"success":true,"errors":[]}'
  recorded_at: Sat, 16 Jul 2022 12:40:13 GMT
- request:
    method: post
    uri: https://ap-3297-client-involvement-cal-check-financial-uat.cloud-platform.service.justice.gov.uk/assessments/800dc6bb-07b3-445a-b37d-a059764667b2/state_benefits
    body:
      encoding: UTF-8
      string: '{"state_benefits":[]}'
    headers:
      Content-Type:
      - application/json
      Accept:
      - application/json;version=4
      User-Agent:
      - Faraday v1.10.0
      Accept-Encoding:
      - gzip;q=1.0,deflate;q=0.6,identity;q=0.3
  response:
    status:
      code: 200
      message: OK
    headers:
      Date:
      - Sat, 16 Jul 2022 12:40:13 GMT
      Content-Type:
      - application/json; charset=utf-8
      Transfer-Encoding:
      - chunked
      Connection:
      - keep-alive
      X-Frame-Options:
      - SAMEORIGIN
      X-Xss-Protection:
      - '0'
      X-Content-Type-Options:
      - nosniff
      X-Download-Options:
      - noopen
      X-Permitted-Cross-Domain-Policies:
      - none
      Referrer-Policy:
      - strict-origin-when-cross-origin
      Vary:
      - Accept
      Etag:
      - W/"e156c1de751f0fc41f3ce5edefd256d2"
      Cache-Control:
      - max-age=0, private, must-revalidate
      X-Request-Id:
      - c879973f88dcb159bc0eb998d549b909
      X-Runtime:
      - '0.011948'
      Strict-Transport-Security:
      - max-age=15724800; includeSubDomains
    body:
      encoding: UTF-8
      string: '{"success":true,"errors":[]}'
  recorded_at: Sat, 16 Jul 2022 12:40:13 GMT
- request:
    method: post
    uri: https://ap-3297-client-involvement-cal-check-financial-uat.cloud-platform.service.justice.gov.uk/assessments/800dc6bb-07b3-445a-b37d-a059764667b2/other_incomes
    body:
      encoding: UTF-8
      string: '{"other_incomes":[]}'
    headers:
      Content-Type:
      - application/json
      Accept:
      - application/json;version=4
      User-Agent:
      - Faraday v1.10.0
      Accept-Encoding:
      - gzip;q=1.0,deflate;q=0.6,identity;q=0.3
  response:
    status:
      code: 200
      message: OK
    headers:
      Date:
      - Sat, 16 Jul 2022 12:40:13 GMT
      Content-Type:
      - application/json; charset=utf-8
      Transfer-Encoding:
      - chunked
      Connection:
      - keep-alive
      X-Frame-Options:
      - SAMEORIGIN
      X-Xss-Protection:
      - '0'
      X-Content-Type-Options:
      - nosniff
      X-Download-Options:
      - noopen
      X-Permitted-Cross-Domain-Policies:
      - none
      Referrer-Policy:
      - strict-origin-when-cross-origin
      Vary:
      - Accept
      Etag:
      - W/"e156c1de751f0fc41f3ce5edefd256d2"
      Cache-Control:
      - max-age=0, private, must-revalidate
      X-Request-Id:
      - 22c66eb8bcdca19fb0a559f41f207459
      X-Runtime:
      - '0.014133'
      Strict-Transport-Security:
      - max-age=15724800; includeSubDomains
    body:
      encoding: UTF-8
      string: '{"success":true,"errors":[]}'
  recorded_at: Sat, 16 Jul 2022 12:40:13 GMT
- request:
    method: post
    uri: https://ap-3297-client-involvement-cal-check-financial-uat.cloud-platform.service.justice.gov.uk/assessments/800dc6bb-07b3-445a-b37d-a059764667b2/irregular_incomes
    body:
      encoding: UTF-8
      string: '{"payments":[]}'
    headers:
      Content-Type:
      - application/json
      Accept:
      - application/json;version=4
      User-Agent:
      - Faraday v1.10.0
      Accept-Encoding:
      - gzip;q=1.0,deflate;q=0.6,identity;q=0.3
  response:
    status:
      code: 200
      message: OK
    headers:
      Date:
      - Sat, 16 Jul 2022 12:40:13 GMT
      Content-Type:
      - application/json; charset=utf-8
      Transfer-Encoding:
      - chunked
      Connection:
      - keep-alive
      X-Frame-Options:
      - SAMEORIGIN
      X-Xss-Protection:
      - '0'
      X-Content-Type-Options:
      - nosniff
      X-Download-Options:
      - noopen
      X-Permitted-Cross-Domain-Policies:
      - none
      Referrer-Policy:
      - strict-origin-when-cross-origin
      Vary:
      - Accept
      Etag:
      - W/"e156c1de751f0fc41f3ce5edefd256d2"
      Cache-Control:
      - max-age=0, private, must-revalidate
      X-Request-Id:
      - 5eb063fde1404508ce5868f707d228eb
      X-Runtime:
      - '0.010973'
      Strict-Transport-Security:
      - max-age=15724800; includeSubDomains
    body:
      encoding: UTF-8
      string: '{"success":true,"errors":[]}'
  recorded_at: Sat, 16 Jul 2022 12:40:13 GMT
- request:
    method: post
    uri: https://ap-3297-client-involvement-cal-check-financial-uat.cloud-platform.service.justice.gov.uk/assessments/800dc6bb-07b3-445a-b37d-a059764667b2/employments
    body:
      encoding: UTF-8
      string: '{"employment_income":[]}'
    headers:
      Content-Type:
      - application/json
      Accept:
      - application/json;version=4
      User-Agent:
      - Faraday v1.10.0
      Accept-Encoding:
      - gzip;q=1.0,deflate;q=0.6,identity;q=0.3
  response:
    status:
      code: 200
      message: OK
    headers:
      Date:
      - Sat, 16 Jul 2022 12:40:13 GMT
      Content-Type:
      - application/json; charset=utf-8
      Transfer-Encoding:
      - chunked
      Connection:
      - keep-alive
      X-Frame-Options:
      - SAMEORIGIN
      X-Xss-Protection:
      - '0'
      X-Content-Type-Options:
      - nosniff
      X-Download-Options:
      - noopen
      X-Permitted-Cross-Domain-Policies:
      - none
      Referrer-Policy:
      - strict-origin-when-cross-origin
      Vary:
      - Accept
      Etag:
      - W/"e156c1de751f0fc41f3ce5edefd256d2"
      Cache-Control:
      - max-age=0, private, must-revalidate
      X-Request-Id:
      - 8d3d329678c9bb8d81e600605bed9a7e
      X-Runtime:
      - '0.012586'
      Strict-Transport-Security:
      - max-age=15724800; includeSubDomains
    body:
      encoding: UTF-8
      string: '{"success":true,"errors":[]}'
  recorded_at: Sat, 16 Jul 2022 12:40:13 GMT
- request:
    method: post
    uri: https://ap-3297-client-involvement-cal-check-financial-uat.cloud-platform.service.justice.gov.uk/assessments/800dc6bb-07b3-445a-b37d-a059764667b2/cash_transactions
    body:
      encoding: UTF-8
      string: '{"income":[],"outgoings":[]}'
    headers:
      Content-Type:
      - application/json
      Accept:
      - application/json;version=4
      User-Agent:
      - Faraday v1.10.0
      Accept-Encoding:
      - gzip;q=1.0,deflate;q=0.6,identity;q=0.3
  response:
    status:
      code: 200
      message: OK
    headers:
      Date:
      - Sat, 16 Jul 2022 12:40:13 GMT
      Content-Type:
      - application/json; charset=utf-8
      Transfer-Encoding:
      - chunked
      Connection:
      - keep-alive
      X-Frame-Options:
      - SAMEORIGIN
      X-Xss-Protection:
      - '0'
      X-Content-Type-Options:
      - nosniff
      X-Download-Options:
      - noopen
      X-Permitted-Cross-Domain-Policies:
      - none
      Referrer-Policy:
      - strict-origin-when-cross-origin
      Vary:
      - Accept
      Etag:
      - W/"e156c1de751f0fc41f3ce5edefd256d2"
      Cache-Control:
      - max-age=0, private, must-revalidate
      X-Request-Id:
      - f32b2cbe42559610883aa583e61e2c20
      X-Runtime:
      - '0.013575'
      Strict-Transport-Security:
      - max-age=15724800; includeSubDomains
    body:
      encoding: UTF-8
      string: '{"success":true,"errors":[]}'
  recorded_at: Sat, 16 Jul 2022 12:40:13 GMT
- request:
    method: get
    uri: https://ap-3297-client-involvement-cal-check-financial-uat.cloud-platform.service.justice.gov.uk/assessments/800dc6bb-07b3-445a-b37d-a059764667b2
    body:
      encoding: US-ASCII
      string: ''
    headers:
      Content-Type:
      - application/json
      Accept:
      - application/json;version=4
      User-Agent:
      - Faraday v1.10.0
      Accept-Encoding:
      - gzip;q=1.0,deflate;q=0.6,identity;q=0.3
  response:
    status:
      code: 200
      message: OK
    headers:
      Date:
      - Sat, 16 Jul 2022 12:40:14 GMT
      Content-Type:
      - application/json; charset=utf-8
      Transfer-Encoding:
      - chunked
      Connection:
      - keep-alive
      X-Frame-Options:
      - SAMEORIGIN
      X-Xss-Protection:
      - '0'
      X-Content-Type-Options:
      - nosniff
      X-Download-Options:
      - noopen
      X-Permitted-Cross-Domain-Policies:
      - none
      Referrer-Policy:
      - strict-origin-when-cross-origin
      Vary:
      - Accept
      Etag:
      - W/"80085a46e7baf5a43062642b594f0ef7"
      Cache-Control:
      - max-age=0, private, must-revalidate
      X-Request-Id:
      - '02049bdc92f12f1fdd25455dba043dcb'
      X-Runtime:
      - '0.153988'
      Strict-Transport-Security:
      - max-age=15724800; includeSubDomains
    body:
      encoding: UTF-8
      string: '{"version":"4","timestamp":"2022-07-16T12:40:14.198Z","success":true,"result_summary":{"overall_result":{"result":"contribution_required","capital_contribution":1466507.77,"income_contribution":0.0,"matter_types":[{"matter_type":"domestic_abuse","result":"contribution_required"}],"proceeding_types":[{"ccms_code":"DA005","result":"contribution_required"},{"ccms_code":"DA001","result":"contribution_required"}]},"gross_income":{"total_gross_income":0.0,"proceeding_types":[{"ccms_code":"DA005","upper_threshold":999999999999.0,"result":"eligible"},{"ccms_code":"DA001","upper_threshold":999999999999.0,"result":"eligible"}]},"disposable_income":{"dependant_allowance":0.0,"gross_housing_costs":0.0,"housing_benefit":0.0,"net_housing_costs":0.0,"maintenance_allowance":0.0,"total_outgoings_and_allowances":0.0,"total_disposable_income":0.0,"employment_income":{"gross_income":0.0,"benefits_in_kind":0.0,"tax":0.0,"national_insurance":0.0,"fixed_employment_deduction":0.0,"net_employment_income":0.0},"income_contribution":0.0,"proceeding_types":[{"ccms_code":"DA005","upper_threshold":999999999999.0,"lower_threshold":315.0,"result":"eligible"},{"ccms_code":"DA001","upper_threshold":999999999999.0,"lower_threshold":315.0,"result":"eligible"}]},"capital":{"total_liquid":1569507.77,"total_non_liquid":0.0,"total_vehicle":0.0,"total_property":0.0,"total_mortgage_allowance":999999999999.0,"total_capital":1569507.77,"pensioner_capital_disregard":100000.0,"capital_contribution":1466507.77,"assessed_capital":1469507.77,"proceeding_types":[{"ccms_code":"DA005","lower_threshold":3000.0,"upper_threshold":999999999999.0,"result":"contribution_required"},{"ccms_code":"DA001","lower_threshold":3000.0,"upper_threshold":999999999999.0,"result":"contribution_required"}]}},"assessment":{"id":"800dc6bb-07b3-445a-b37d-a059764667b2","client_reference_id":"L-Y8C-CNW","submission_date":"2022-07-11","applicant":{"date_of_birth":"1959-02-15","involvement_type":"applicant","has_partner_opponent":false,"receives_qualifying_benefit":false,"self_employed":false},"gross_income":{"employment_income":[],"irregular_income":{"monthly_equivalents":{"student_loan":0.0}},"state_benefits":{"monthly_equivalents":{"all_sources":0.0,"cash_transactions":0.0,"bank_transactions":[]}},"other_income":{"monthly_equivalents":{"all_sources":{"friends_or_family":0.0,"maintenance_in":0.0,"property_or_lodger":0.0,"pension":0.0},"bank_transactions":{"friends_or_family":0.0,"maintenance_in":0.0,"property_or_lodger":0.0,"pension":0.0},"cash_transactions":{"friends_or_family":0.0,"maintenance_in":0.0,"property_or_lodger":0.0,"pension":0.0}}}},"disposable_income":{"monthly_equivalents":{"all_sources":{"child_care":0.0,"rent_or_mortgage":0.0,"maintenance_out":0.0,"legal_aid":0.0},"bank_transactions":{"child_care":0.0,"rent_or_mortgage":0.0,"maintenance_out":0.0,"legal_aid":0.0},"cash_transactions":{"child_care":0.0,"rent_or_mortgage":0.0,"maintenance_out":0.0,"legal_aid":0.0}},"childcare_allowance":0.0,"deductions":{"dependants_allowance":0.0,"disregarded_state_benefits":0.0}},"capital":{"capital_items":{"liquid":[{"description":"Money
        not in a bank account","value":4000.0},{"description":"Online current accounts","value":985258.02},{"description":"Online
        savings accounts","value":580249.75}],"non_liquid":[],"vehicles":[],"properties":{"main_home":{"value":0.0,"outstanding_mortgage":0.0,"percentage_owned":0.0,"main_home":true,"shared_with_housing_assoc":false,"transaction_allowance":0.0,"allowable_outstanding_mortgage":0.0,"net_value":0.0,"net_equity":0.0,"main_home_equity_disregard":100000.0,"assessed_equity":0.0},"additional_properties":[{"value":0.0,"outstanding_mortgage":0.0,"percentage_owned":0.0,"main_home":false,"shared_with_housing_assoc":false,"transaction_allowance":0.0,"allowable_outstanding_mortgage":0.0,"net_value":0.0,"net_equity":0.0,"main_home_equity_disregard":0.0,"assessed_equity":0.0}]}}},"remarks":{}}}'
  recorded_at: Sat, 16 Jul 2022 12:40:14 GMT
- request:
    method: post
    uri: https://ap-3297-client-involvement-cal-check-financial-uat.cloud-platform.service.justice.gov.uk/assessments
    body:
      encoding: UTF-8
      string: '{"client_reference_id":"L-JYD-25M","submission_date":"2022-07-13","proceeding_types":{"ccms_codes":["DA005","DA001"]}}'
    headers:
      Content-Type:
      - application/json
      Accept:
      - application/json;version=4
      User-Agent:
      - Faraday v1.10.0
      Accept-Encoding:
      - gzip;q=1.0,deflate;q=0.6,identity;q=0.3
  response:
    status:
      code: 200
      message: OK
    headers:
      Date:
      - Sat, 16 Jul 2022 15:50:51 GMT
      Content-Type:
      - application/json; charset=utf-8
      Transfer-Encoding:
      - chunked
      Connection:
      - keep-alive
      X-Frame-Options:
      - SAMEORIGIN
      X-Xss-Protection:
      - '0'
      X-Content-Type-Options:
      - nosniff
      X-Download-Options:
      - noopen
      X-Permitted-Cross-Domain-Policies:
      - none
      Referrer-Policy:
      - strict-origin-when-cross-origin
      Vary:
      - Accept
      Etag:
      - W/"176bf892ecaccf4ea10575196e134b72"
      Cache-Control:
      - max-age=0, private, must-revalidate
      X-Request-Id:
      - d958616241f8eb9b703439960e1316b6
      X-Runtime:
      - '0.041612'
      Strict-Transport-Security:
      - max-age=15724800; includeSubDomains
    body:
      encoding: UTF-8
      string: '{"success":true,"assessment_id":"eac2c4fa-0ab2-4d3a-9245-768caaf5e072","errors":[]}'
  recorded_at: Sat, 16 Jul 2022 15:50:51 GMT
- request:
    method: post
    uri: https://ap-3297-client-involvement-cal-check-financial-uat.cloud-platform.service.justice.gov.uk/assessments/eac2c4fa-0ab2-4d3a-9245-768caaf5e072/applicant
    body:
      encoding: UTF-8
      string: '{"applicant":{"date_of_birth":"1982-07-30","involvement_type":"applicant","has_partner_opponent":false,"receives_qualifying_benefit":false}}'
    headers:
      Content-Type:
      - application/json
      Accept:
      - application/json;version=4
      User-Agent:
      - Faraday v1.10.0
      Accept-Encoding:
      - gzip;q=1.0,deflate;q=0.6,identity;q=0.3
  response:
    status:
      code: 200
      message: OK
    headers:
      Date:
      - Sat, 16 Jul 2022 15:50:51 GMT
      Content-Type:
      - application/json; charset=utf-8
      Transfer-Encoding:
      - chunked
      Connection:
      - keep-alive
      X-Frame-Options:
      - SAMEORIGIN
      X-Xss-Protection:
      - '0'
      X-Content-Type-Options:
      - nosniff
      X-Download-Options:
      - noopen
      X-Permitted-Cross-Domain-Policies:
      - none
      Referrer-Policy:
      - strict-origin-when-cross-origin
      Vary:
      - Accept
      Etag:
      - W/"e156c1de751f0fc41f3ce5edefd256d2"
      Cache-Control:
      - max-age=0, private, must-revalidate
      X-Request-Id:
      - 0e2d391ab4b6d386c32f7f7ff008b54a
      X-Runtime:
      - '0.015862'
      Strict-Transport-Security:
      - max-age=15724800; includeSubDomains
    body:
      encoding: UTF-8
      string: '{"success":true,"errors":[]}'
  recorded_at: Sat, 16 Jul 2022 15:50:51 GMT
- request:
    method: post
    uri: https://ap-3297-client-involvement-cal-check-financial-uat.cloud-platform.service.justice.gov.uk/assessments/eac2c4fa-0ab2-4d3a-9245-768caaf5e072/capitals
    body:
      encoding: UTF-8
      string: '{"bank_accounts":[{"description":"Money not in a bank account","value":"4000.0"},{"description":"Online
        current accounts","value":"1364926.04"},{"description":"Online savings accounts","value":"576482.1"}],"non_liquid_capital":[]}'
    headers:
      Content-Type:
      - application/json
      Accept:
      - application/json;version=4
      User-Agent:
      - Faraday v1.10.0
      Accept-Encoding:
      - gzip;q=1.0,deflate;q=0.6,identity;q=0.3
  response:
    status:
      code: 200
      message: OK
    headers:
      Date:
      - Sat, 16 Jul 2022 15:50:51 GMT
      Content-Type:
      - application/json; charset=utf-8
      Transfer-Encoding:
      - chunked
      Connection:
      - keep-alive
      X-Frame-Options:
      - SAMEORIGIN
      X-Xss-Protection:
      - '0'
      X-Content-Type-Options:
      - nosniff
      X-Download-Options:
      - noopen
      X-Permitted-Cross-Domain-Policies:
      - none
      Referrer-Policy:
      - strict-origin-when-cross-origin
      Vary:
      - Accept
      Etag:
      - W/"e156c1de751f0fc41f3ce5edefd256d2"
      Cache-Control:
      - max-age=0, private, must-revalidate
      X-Request-Id:
      - 518b9516b12cd4c5658462c9ac4f3441
      X-Runtime:
      - '0.018952'
      Strict-Transport-Security:
      - max-age=15724800; includeSubDomains
    body:
      encoding: UTF-8
      string: '{"success":true,"errors":[]}'
  recorded_at: Sat, 16 Jul 2022 15:50:51 GMT
- request:
    method: post
    uri: https://ap-3297-client-involvement-cal-check-financial-uat.cloud-platform.service.justice.gov.uk/assessments/eac2c4fa-0ab2-4d3a-9245-768caaf5e072/vehicles
    body:
      encoding: UTF-8
      string: '{"vehicles":[]}'
    headers:
      Content-Type:
      - application/json
      Accept:
      - application/json;version=4
      User-Agent:
      - Faraday v1.10.0
      Accept-Encoding:
      - gzip;q=1.0,deflate;q=0.6,identity;q=0.3
  response:
    status:
      code: 200
      message: OK
    headers:
      Date:
      - Sat, 16 Jul 2022 15:50:51 GMT
      Content-Type:
      - application/json; charset=utf-8
      Transfer-Encoding:
      - chunked
      Connection:
      - keep-alive
      X-Frame-Options:
      - SAMEORIGIN
      X-Xss-Protection:
      - '0'
      X-Content-Type-Options:
      - nosniff
      X-Download-Options:
      - noopen
      X-Permitted-Cross-Domain-Policies:
      - none
      Referrer-Policy:
      - strict-origin-when-cross-origin
      Vary:
      - Accept
      Etag:
      - W/"e156c1de751f0fc41f3ce5edefd256d2"
      Cache-Control:
      - max-age=0, private, must-revalidate
      X-Request-Id:
      - c2bde03e5a96d54b9695f3d980a4c44a
      X-Runtime:
      - '0.013642'
      Strict-Transport-Security:
      - max-age=15724800; includeSubDomains
    body:
      encoding: UTF-8
      string: '{"success":true,"errors":[]}'
  recorded_at: Sat, 16 Jul 2022 15:50:51 GMT
- request:
    method: post
    uri: https://ap-3297-client-involvement-cal-check-financial-uat.cloud-platform.service.justice.gov.uk/assessments/eac2c4fa-0ab2-4d3a-9245-768caaf5e072/properties
    body:
      encoding: UTF-8
      string: '{"properties":{"main_home":{"value":0.0,"outstanding_mortgage":0.0,"percentage_owned":0.0,"shared_with_housing_assoc":false},"additional_properties":[{"value":0,"outstanding_mortgage":0,"percentage_owned":0,"shared_with_housing_assoc":false}]}}'
    headers:
      Content-Type:
      - application/json
      Accept:
      - application/json;version=4
      User-Agent:
      - Faraday v1.10.0
      Accept-Encoding:
      - gzip;q=1.0,deflate;q=0.6,identity;q=0.3
  response:
    status:
      code: 200
      message: OK
    headers:
      Date:
      - Sat, 16 Jul 2022 15:50:52 GMT
      Content-Type:
      - application/json; charset=utf-8
      Transfer-Encoding:
      - chunked
      Connection:
      - keep-alive
      X-Frame-Options:
      - SAMEORIGIN
      X-Xss-Protection:
      - '0'
      X-Content-Type-Options:
      - nosniff
      X-Download-Options:
      - noopen
      X-Permitted-Cross-Domain-Policies:
      - none
      Referrer-Policy:
      - strict-origin-when-cross-origin
      Vary:
      - Accept
      Etag:
      - W/"e156c1de751f0fc41f3ce5edefd256d2"
      Cache-Control:
      - max-age=0, private, must-revalidate
      X-Request-Id:
      - ad902c550ddf71471a40f70b048c241e
      X-Runtime:
      - '0.029094'
      Strict-Transport-Security:
      - max-age=15724800; includeSubDomains
    body:
      encoding: UTF-8
      string: '{"success":true,"errors":[]}'
  recorded_at: Sat, 16 Jul 2022 15:50:52 GMT
- request:
    method: post
    uri: https://ap-3297-client-involvement-cal-check-financial-uat.cloud-platform.service.justice.gov.uk/assessments/eac2c4fa-0ab2-4d3a-9245-768caaf5e072/explicit_remarks
    body:
      encoding: UTF-8
      string: '{"explicit_remarks":[{"category":"policy_disregards","details":[]}]}'
    headers:
      Content-Type:
      - application/json
      Accept:
      - application/json;version=4
      User-Agent:
      - Faraday v1.10.0
      Accept-Encoding:
      - gzip;q=1.0,deflate;q=0.6,identity;q=0.3
  response:
    status:
      code: 200
      message: OK
    headers:
      Date:
      - Sat, 16 Jul 2022 15:50:52 GMT
      Content-Type:
      - application/json; charset=utf-8
      Transfer-Encoding:
      - chunked
      Connection:
      - keep-alive
      X-Frame-Options:
      - SAMEORIGIN
      X-Xss-Protection:
      - '0'
      X-Content-Type-Options:
      - nosniff
      X-Download-Options:
      - noopen
      X-Permitted-Cross-Domain-Policies:
      - none
      Referrer-Policy:
      - strict-origin-when-cross-origin
      Vary:
      - Accept
      Etag:
      - W/"e156c1de751f0fc41f3ce5edefd256d2"
      Cache-Control:
      - max-age=0, private, must-revalidate
      X-Request-Id:
      - 2118248cf71dc18d88173ca54074de0a
      X-Runtime:
      - '0.010790'
      Strict-Transport-Security:
      - max-age=15724800; includeSubDomains
    body:
      encoding: UTF-8
      string: '{"success":true,"errors":[]}'
  recorded_at: Sat, 16 Jul 2022 15:50:52 GMT
- request:
    method: post
    uri: https://ap-3297-client-involvement-cal-check-financial-uat.cloud-platform.service.justice.gov.uk/assessments/eac2c4fa-0ab2-4d3a-9245-768caaf5e072/dependants
    body:
      encoding: UTF-8
      string: '{"dependants":[]}'
    headers:
      Content-Type:
      - application/json
      Accept:
      - application/json;version=4
      User-Agent:
      - Faraday v1.10.0
      Accept-Encoding:
      - gzip;q=1.0,deflate;q=0.6,identity;q=0.3
  response:
    status:
      code: 200
      message: OK
    headers:
      Date:
      - Sat, 16 Jul 2022 15:50:52 GMT
      Content-Type:
      - application/json; charset=utf-8
      Transfer-Encoding:
      - chunked
      Connection:
      - keep-alive
      X-Frame-Options:
      - SAMEORIGIN
      X-Xss-Protection:
      - '0'
      X-Content-Type-Options:
      - nosniff
      X-Download-Options:
      - noopen
      X-Permitted-Cross-Domain-Policies:
      - none
      Referrer-Policy:
      - strict-origin-when-cross-origin
      Vary:
      - Accept
      Etag:
      - W/"e156c1de751f0fc41f3ce5edefd256d2"
      Cache-Control:
      - max-age=0, private, must-revalidate
      X-Request-Id:
      - 8c065add6abb3c313b60950f76286eb6
      X-Runtime:
      - '0.027408'
      Strict-Transport-Security:
      - max-age=15724800; includeSubDomains
    body:
      encoding: UTF-8
      string: '{"success":true,"errors":[]}'
  recorded_at: Sat, 16 Jul 2022 15:50:52 GMT
- request:
    method: post
    uri: https://ap-3297-client-involvement-cal-check-financial-uat.cloud-platform.service.justice.gov.uk/assessments/eac2c4fa-0ab2-4d3a-9245-768caaf5e072/outgoings
    body:
      encoding: UTF-8
      string: '{"outgoings":[]}'
    headers:
      Content-Type:
      - application/json
      Accept:
      - application/json;version=4
      User-Agent:
      - Faraday v1.10.0
      Accept-Encoding:
      - gzip;q=1.0,deflate;q=0.6,identity;q=0.3
  response:
    status:
      code: 200
      message: OK
    headers:
      Date:
      - Sat, 16 Jul 2022 15:50:52 GMT
      Content-Type:
      - application/json; charset=utf-8
      Transfer-Encoding:
      - chunked
      Connection:
      - keep-alive
      X-Frame-Options:
      - SAMEORIGIN
      X-Xss-Protection:
      - '0'
      X-Content-Type-Options:
      - nosniff
      X-Download-Options:
      - noopen
      X-Permitted-Cross-Domain-Policies:
      - none
      Referrer-Policy:
      - strict-origin-when-cross-origin
      Vary:
      - Accept
      Etag:
      - W/"e156c1de751f0fc41f3ce5edefd256d2"
      Cache-Control:
      - max-age=0, private, must-revalidate
      X-Request-Id:
      - 483806310e2608ad8a3b0edd2d467d46
      X-Runtime:
      - '0.009054'
      Strict-Transport-Security:
      - max-age=15724800; includeSubDomains
    body:
      encoding: UTF-8
      string: '{"success":true,"errors":[]}'
  recorded_at: Sat, 16 Jul 2022 15:50:52 GMT
- request:
    method: post
    uri: https://ap-3297-client-involvement-cal-check-financial-uat.cloud-platform.service.justice.gov.uk/assessments/eac2c4fa-0ab2-4d3a-9245-768caaf5e072/state_benefits
    body:
      encoding: UTF-8
      string: '{"state_benefits":[]}'
    headers:
      Content-Type:
      - application/json
      Accept:
      - application/json;version=4
      User-Agent:
      - Faraday v1.10.0
      Accept-Encoding:
      - gzip;q=1.0,deflate;q=0.6,identity;q=0.3
  response:
    status:
      code: 200
      message: OK
    headers:
      Date:
      - Sat, 16 Jul 2022 15:50:53 GMT
      Content-Type:
      - application/json; charset=utf-8
      Transfer-Encoding:
      - chunked
      Connection:
      - keep-alive
      X-Frame-Options:
      - SAMEORIGIN
      X-Xss-Protection:
      - '0'
      X-Content-Type-Options:
      - nosniff
      X-Download-Options:
      - noopen
      X-Permitted-Cross-Domain-Policies:
      - none
      Referrer-Policy:
      - strict-origin-when-cross-origin
      Vary:
      - Accept
      Etag:
      - W/"e156c1de751f0fc41f3ce5edefd256d2"
      Cache-Control:
      - max-age=0, private, must-revalidate
      X-Request-Id:
      - 18e48156d73913a7b7e7358e9cdad663
      X-Runtime:
      - '0.025181'
      Strict-Transport-Security:
      - max-age=15724800; includeSubDomains
    body:
      encoding: UTF-8
      string: '{"success":true,"errors":[]}'
  recorded_at: Sat, 16 Jul 2022 15:50:53 GMT
- request:
    method: post
    uri: https://ap-3297-client-involvement-cal-check-financial-uat.cloud-platform.service.justice.gov.uk/assessments/eac2c4fa-0ab2-4d3a-9245-768caaf5e072/other_incomes
    body:
      encoding: UTF-8
      string: '{"other_incomes":[]}'
    headers:
      Content-Type:
      - application/json
      Accept:
      - application/json;version=4
      User-Agent:
      - Faraday v1.10.0
      Accept-Encoding:
      - gzip;q=1.0,deflate;q=0.6,identity;q=0.3
  response:
    status:
      code: 200
      message: OK
    headers:
      Date:
      - Sat, 16 Jul 2022 15:50:53 GMT
      Content-Type:
      - application/json; charset=utf-8
      Transfer-Encoding:
      - chunked
      Connection:
      - keep-alive
      X-Frame-Options:
      - SAMEORIGIN
      X-Xss-Protection:
      - '0'
      X-Content-Type-Options:
      - nosniff
      X-Download-Options:
      - noopen
      X-Permitted-Cross-Domain-Policies:
      - none
      Referrer-Policy:
      - strict-origin-when-cross-origin
      Vary:
      - Accept
      Etag:
      - W/"e156c1de751f0fc41f3ce5edefd256d2"
      Cache-Control:
      - max-age=0, private, must-revalidate
      X-Request-Id:
      - 50ad836f78667e5008a9d542d972e4a2
      X-Runtime:
      - '0.013131'
      Strict-Transport-Security:
      - max-age=15724800; includeSubDomains
    body:
      encoding: UTF-8
      string: '{"success":true,"errors":[]}'
  recorded_at: Sat, 16 Jul 2022 15:50:53 GMT
- request:
    method: post
    uri: https://ap-3297-client-involvement-cal-check-financial-uat.cloud-platform.service.justice.gov.uk/assessments/eac2c4fa-0ab2-4d3a-9245-768caaf5e072/irregular_incomes
    body:
      encoding: UTF-8
      string: '{"payments":[]}'
    headers:
      Content-Type:
      - application/json
      Accept:
      - application/json;version=4
      User-Agent:
      - Faraday v1.10.0
      Accept-Encoding:
      - gzip;q=1.0,deflate;q=0.6,identity;q=0.3
  response:
    status:
      code: 200
      message: OK
    headers:
      Date:
      - Sat, 16 Jul 2022 15:50:53 GMT
      Content-Type:
      - application/json; charset=utf-8
      Transfer-Encoding:
      - chunked
      Connection:
      - keep-alive
      X-Frame-Options:
      - SAMEORIGIN
      X-Xss-Protection:
      - '0'
      X-Content-Type-Options:
      - nosniff
      X-Download-Options:
      - noopen
      X-Permitted-Cross-Domain-Policies:
      - none
      Referrer-Policy:
      - strict-origin-when-cross-origin
      Vary:
      - Accept
      Etag:
      - W/"e156c1de751f0fc41f3ce5edefd256d2"
      Cache-Control:
      - max-age=0, private, must-revalidate
      X-Request-Id:
      - 452a8b213f142a1edeb198f5d757b606
      X-Runtime:
      - '0.024999'
      Strict-Transport-Security:
      - max-age=15724800; includeSubDomains
    body:
      encoding: UTF-8
      string: '{"success":true,"errors":[]}'
  recorded_at: Sat, 16 Jul 2022 15:50:53 GMT
- request:
    method: post
    uri: https://ap-3297-client-involvement-cal-check-financial-uat.cloud-platform.service.justice.gov.uk/assessments/eac2c4fa-0ab2-4d3a-9245-768caaf5e072/employments
    body:
      encoding: UTF-8
      string: '{"employment_income":[]}'
    headers:
      Content-Type:
      - application/json
      Accept:
      - application/json;version=4
      User-Agent:
      - Faraday v1.10.0
      Accept-Encoding:
      - gzip;q=1.0,deflate;q=0.6,identity;q=0.3
  response:
    status:
      code: 200
      message: OK
    headers:
      Date:
      - Sat, 16 Jul 2022 15:50:53 GMT
      Content-Type:
      - application/json; charset=utf-8
      Transfer-Encoding:
      - chunked
      Connection:
      - keep-alive
      X-Frame-Options:
      - SAMEORIGIN
      X-Xss-Protection:
      - '0'
      X-Content-Type-Options:
      - nosniff
      X-Download-Options:
      - noopen
      X-Permitted-Cross-Domain-Policies:
      - none
      Referrer-Policy:
      - strict-origin-when-cross-origin
      Vary:
      - Accept
      Etag:
      - W/"e156c1de751f0fc41f3ce5edefd256d2"
      Cache-Control:
      - max-age=0, private, must-revalidate
      X-Request-Id:
      - 616242d20d639bab1ac8672508d926b3
      X-Runtime:
      - '0.026620'
      Strict-Transport-Security:
      - max-age=15724800; includeSubDomains
    body:
      encoding: UTF-8
      string: '{"success":true,"errors":[]}'
  recorded_at: Sat, 16 Jul 2022 15:50:53 GMT
- request:
    method: post
    uri: https://ap-3297-client-involvement-cal-check-financial-uat.cloud-platform.service.justice.gov.uk/assessments/eac2c4fa-0ab2-4d3a-9245-768caaf5e072/cash_transactions
    body:
      encoding: UTF-8
      string: '{"income":[],"outgoings":[]}'
    headers:
      Content-Type:
      - application/json
      Accept:
      - application/json;version=4
      User-Agent:
      - Faraday v1.10.0
      Accept-Encoding:
      - gzip;q=1.0,deflate;q=0.6,identity;q=0.3
  response:
    status:
      code: 200
      message: OK
    headers:
      Date:
      - Sat, 16 Jul 2022 15:50:53 GMT
      Content-Type:
      - application/json; charset=utf-8
      Transfer-Encoding:
      - chunked
      Connection:
      - keep-alive
      X-Frame-Options:
      - SAMEORIGIN
      X-Xss-Protection:
      - '0'
      X-Content-Type-Options:
      - nosniff
      X-Download-Options:
      - noopen
      X-Permitted-Cross-Domain-Policies:
      - none
      Referrer-Policy:
      - strict-origin-when-cross-origin
      Vary:
      - Accept
      Etag:
      - W/"e156c1de751f0fc41f3ce5edefd256d2"
      Cache-Control:
      - max-age=0, private, must-revalidate
      X-Request-Id:
      - 0b981d9cc49d01ad4ddbfdd8cd1f7f80
      X-Runtime:
      - '0.011141'
      Strict-Transport-Security:
      - max-age=15724800; includeSubDomains
    body:
      encoding: UTF-8
      string: '{"success":true,"errors":[]}'
  recorded_at: Sat, 16 Jul 2022 15:50:53 GMT
- request:
    method: get
    uri: https://ap-3297-client-involvement-cal-check-financial-uat.cloud-platform.service.justice.gov.uk/assessments/eac2c4fa-0ab2-4d3a-9245-768caaf5e072
    body:
      encoding: US-ASCII
      string: ''
    headers:
      Content-Type:
      - application/json
      Accept:
      - application/json;version=4
      User-Agent:
      - Faraday v1.10.0
      Accept-Encoding:
      - gzip;q=1.0,deflate;q=0.6,identity;q=0.3
  response:
    status:
      code: 200
      message: OK
    headers:
      Date:
      - Sat, 16 Jul 2022 15:50:53 GMT
      Content-Type:
      - application/json; charset=utf-8
      Transfer-Encoding:
      - chunked
      Connection:
      - keep-alive
      X-Frame-Options:
      - SAMEORIGIN
      X-Xss-Protection:
      - '0'
      X-Content-Type-Options:
      - nosniff
      X-Download-Options:
      - noopen
      X-Permitted-Cross-Domain-Policies:
      - none
      Referrer-Policy:
      - strict-origin-when-cross-origin
      Vary:
      - Accept
      Etag:
      - W/"5c18c93456ff6fdd3e84e13c715c18c1"
      Cache-Control:
      - max-age=0, private, must-revalidate
      X-Request-Id:
      - 4f8bc9531f1b52a12c8b0f416c8f9918
      X-Runtime:
      - '0.137299'
      Strict-Transport-Security:
      - max-age=15724800; includeSubDomains
    body:
      encoding: UTF-8
      string: '{"version":"4","timestamp":"2022-07-16T15:50:53.760Z","success":true,"result_summary":{"overall_result":{"result":"contribution_required","capital_contribution":1942408.14,"income_contribution":0.0,"matter_types":[{"matter_type":"domestic_abuse","result":"contribution_required"}],"proceeding_types":[{"ccms_code":"DA005","result":"contribution_required"},{"ccms_code":"DA001","result":"contribution_required"}]},"gross_income":{"total_gross_income":0.0,"proceeding_types":[{"ccms_code":"DA005","upper_threshold":999999999999.0,"result":"eligible"},{"ccms_code":"DA001","upper_threshold":999999999999.0,"result":"eligible"}]},"disposable_income":{"dependant_allowance":0.0,"gross_housing_costs":0.0,"housing_benefit":0.0,"net_housing_costs":0.0,"maintenance_allowance":0.0,"total_outgoings_and_allowances":0.0,"total_disposable_income":0.0,"employment_income":{"gross_income":0.0,"benefits_in_kind":0.0,"tax":0.0,"national_insurance":0.0,"fixed_employment_deduction":0.0,"net_employment_income":0.0},"income_contribution":0.0,"proceeding_types":[{"ccms_code":"DA005","upper_threshold":999999999999.0,"lower_threshold":315.0,"result":"eligible"},{"ccms_code":"DA001","upper_threshold":999999999999.0,"lower_threshold":315.0,"result":"eligible"}]},"capital":{"total_liquid":1945408.14,"total_non_liquid":0.0,"total_vehicle":0.0,"total_property":0.0,"total_mortgage_allowance":999999999999.0,"total_capital":1945408.14,"pensioner_capital_disregard":0.0,"capital_contribution":1942408.14,"assessed_capital":1945408.14,"proceeding_types":[{"ccms_code":"DA005","lower_threshold":3000.0,"upper_threshold":999999999999.0,"result":"contribution_required"},{"ccms_code":"DA001","lower_threshold":3000.0,"upper_threshold":999999999999.0,"result":"contribution_required"}]}},"assessment":{"id":"eac2c4fa-0ab2-4d3a-9245-768caaf5e072","client_reference_id":"L-JYD-25M","submission_date":"2022-07-13","applicant":{"date_of_birth":"1982-07-30","involvement_type":"applicant","has_partner_opponent":false,"receives_qualifying_benefit":false,"self_employed":false},"gross_income":{"employment_income":[],"irregular_income":{"monthly_equivalents":{"student_loan":0.0}},"state_benefits":{"monthly_equivalents":{"all_sources":0.0,"cash_transactions":0.0,"bank_transactions":[]}},"other_income":{"monthly_equivalents":{"all_sources":{"friends_or_family":0.0,"maintenance_in":0.0,"property_or_lodger":0.0,"pension":0.0},"bank_transactions":{"friends_or_family":0.0,"maintenance_in":0.0,"property_or_lodger":0.0,"pension":0.0},"cash_transactions":{"friends_or_family":0.0,"maintenance_in":0.0,"property_or_lodger":0.0,"pension":0.0}}}},"disposable_income":{"monthly_equivalents":{"all_sources":{"child_care":0.0,"rent_or_mortgage":0.0,"maintenance_out":0.0,"legal_aid":0.0},"bank_transactions":{"child_care":0.0,"rent_or_mortgage":0.0,"maintenance_out":0.0,"legal_aid":0.0},"cash_transactions":{"child_care":0.0,"rent_or_mortgage":0.0,"maintenance_out":0.0,"legal_aid":0.0}},"childcare_allowance":0.0,"deductions":{"dependants_allowance":0.0,"disregarded_state_benefits":0.0}},"capital":{"capital_items":{"liquid":[{"description":"Money
        not in a bank account","value":4000.0},{"description":"Online current accounts","value":1364926.04},{"description":"Online
        savings accounts","value":576482.1}],"non_liquid":[],"vehicles":[],"properties":{"main_home":{"value":0.0,"outstanding_mortgage":0.0,"percentage_owned":0.0,"main_home":true,"shared_with_housing_assoc":false,"transaction_allowance":0.0,"allowable_outstanding_mortgage":0.0,"net_value":0.0,"net_equity":0.0,"main_home_equity_disregard":100000.0,"assessed_equity":0.0},"additional_properties":[{"value":0.0,"outstanding_mortgage":0.0,"percentage_owned":0.0,"main_home":false,"shared_with_housing_assoc":false,"transaction_allowance":0.0,"allowable_outstanding_mortgage":0.0,"net_value":0.0,"net_equity":0.0,"main_home_equity_disregard":0.0,"assessed_equity":0.0}]}}},"remarks":{}}}'
  recorded_at: Sat, 16 Jul 2022 15:50:53 GMT
- request:
    method: post
    uri: https://legal-framework-api-staging.cloud-platform.service.justice.gov.uk/merits_tasks
    body:
      encoding: UTF-8
      string: '{"request_id":"feb1fa38-882c-40c0-98b6-5706498eb6d6","proceeding_types":["DA005","DA001"]}'
    headers:
      Content-Type:
      - application/json
      User-Agent:
      - Faraday v1.10.0
      Accept-Encoding:
      - gzip;q=1.0,deflate;q=0.6,identity;q=0.3
      Accept:
      - "*/*"
  response:
    status:
      code: 200
      message: OK
    headers:
      Date:
      - Sat, 16 Jul 2022 15:50:54 GMT
      Content-Type:
      - application/json; charset=utf-8
      Transfer-Encoding:
      - chunked
      Connection:
      - keep-alive
      X-Frame-Options:
      - SAMEORIGIN
      X-Xss-Protection:
      - 1; mode=block
      X-Content-Type-Options:
      - nosniff
      X-Download-Options:
      - noopen
      X-Permitted-Cross-Domain-Policies:
      - none
      Referrer-Policy:
      - strict-origin-when-cross-origin
      Vary:
      - Accept, Origin
      Etag:
      - W/"77dd9dccc4548be99fade5822bda0776"
      Cache-Control:
      - max-age=0, private, must-revalidate
      X-Request-Id:
      - a9f7d5899712b1a392acf5663d02ffe3
      X-Runtime:
      - '0.065125'
      Strict-Transport-Security:
      - max-age=15724800; includeSubDomains
    body:
      encoding: UTF-8
      string: '{"request_id":"feb1fa38-882c-40c0-98b6-5706498eb6d6","success":true,"application":{"tasks":{"latest_incident_details":[],"opponent_details":[],"statement_of_case":[]}},"proceeding_types":[{"ccms_code":"DA005","tasks":{"chances_of_success":[]}},{"ccms_code":"DA001","tasks":{"chances_of_success":[]}}]}'
  recorded_at: Sat, 16 Jul 2022 15:50:54 GMT
recorded_with: VCR 6.1.0
