---
http_interactions:
- request:
    method: post
    uri: https://check-financial-eligibility-staging.apps.live-1.cloud-platform.service.justice.gov.uk/assessments
    body:
      encoding: UTF-8
      string: '{"client_reference_id":"L-6X1-HWP","submission_date":"2021-09-29","matter_proceeding_type":"domestic_abuse"}'
    headers:
      Content-Type:
      - application/json
      Accept:
      - application/json;version=3
      User-Agent:
      - Faraday v1.8.0
      Accept-Encoding:
      - gzip;q=1.0,deflate;q=0.6,identity;q=0.3
  response:
    status:
      code: 200
      message: OK
    headers:
      Date:
      - Wed, 29 Sep 2021 09:24:38 GMT
      Content-Type:
      - application/json; charset=utf-8
      Transfer-Encoding:
      - chunked
      Connection:
      - keep-alive
      Vary:
      - Accept
      Etag:
      - W/"767e9284efaab0a77e24180a78bae88a"
      Cache-Control:
      - max-age=0, private, must-revalidate
      X-Request-Id:
      - 025b0095f3e576578e0737935c75c74f
      X-Runtime:
      - '0.056310'
      Strict-Transport-Security:
      - max-age=15724800; includeSubDomains
      X-Frame-Options:
      - sameorigin
      X-Content-Type-Options:
      - nosniff
      X-Xss-Protection:
      - 1; mode=block
      X-Download-Options:
      - noopen
      X-Permitted-Cross-Domain-Policies:
      - none
      Content-Security-Policy:
      - default-src 'self'; img-src 'self' data:; script-src 'self'; style-src 'self'
        'unsafe-inline'
    body:
      encoding: UTF-8
      string: '{"success":true,"assessment_id":"420a9824-9703-477f-9804-ae49ebfc5ecd","errors":[]}'
  recorded_at: Wed, 29 Sep 2021 09:24:38 GMT
- request:
    method: post
    uri: https://check-financial-eligibility-staging.apps.live-1.cloud-platform.service.justice.gov.uk/assessments/420a9824-9703-477f-9804-ae49ebfc5ecd/applicant
    body:
      encoding: UTF-8
      string: '{"applicant":{"date_of_birth":"1971-08-14","involvement_type":"applicant","has_partner_opponent":false,"receives_qualifying_benefit":false}}'
    headers:
      Content-Type:
      - application/json
      Accept:
      - application/json;version=3
      User-Agent:
      - Faraday v1.8.0
      Accept-Encoding:
      - gzip;q=1.0,deflate;q=0.6,identity;q=0.3
  response:
    status:
      code: 200
      message: OK
    headers:
      Date:
      - Wed, 29 Sep 2021 09:24:38 GMT
      Content-Type:
      - application/json; charset=utf-8
      Transfer-Encoding:
      - chunked
      Connection:
      - keep-alive
      Vary:
      - Accept
      Etag:
      - W/"e156c1de751f0fc41f3ce5edefd256d2"
      Cache-Control:
      - max-age=0, private, must-revalidate
      X-Request-Id:
      - 44530d6a57de2181e41406dd6a2a4e85
      X-Runtime:
      - '0.046331'
      Strict-Transport-Security:
      - max-age=15724800; includeSubDomains
      X-Frame-Options:
      - sameorigin
      X-Content-Type-Options:
      - nosniff
      X-Xss-Protection:
      - 1; mode=block
      X-Download-Options:
      - noopen
      X-Permitted-Cross-Domain-Policies:
      - none
      Content-Security-Policy:
      - default-src 'self'; img-src 'self' data:; script-src 'self'; style-src 'self'
        'unsafe-inline'
    body:
      encoding: UTF-8
      string: '{"success":true,"errors":[]}'
  recorded_at: Wed, 29 Sep 2021 09:24:38 GMT
- request:
    method: post
    uri: https://check-financial-eligibility-staging.apps.live-1.cloud-platform.service.justice.gov.uk/assessments/420a9824-9703-477f-9804-ae49ebfc5ecd/capitals
    body:
      encoding: UTF-8
      string: '{"bank_accounts":[{"description":"Money not in a bank account","value":"4000.0"},{"description":"Online
        current accounts","value":"1455970.78"},{"description":"Online savings accounts","value":"37196.49"}],"non_liquid_capital":[]}'
    headers:
      Content-Type:
      - application/json
      Accept:
      - application/json;version=3
      User-Agent:
      - Faraday v1.8.0
      Accept-Encoding:
      - gzip;q=1.0,deflate;q=0.6,identity;q=0.3
  response:
    status:
      code: 200
      message: OK
    headers:
      Date:
      - Wed, 29 Sep 2021 09:24:39 GMT
      Content-Type:
      - application/json; charset=utf-8
      Transfer-Encoding:
      - chunked
      Connection:
      - keep-alive
      Vary:
      - Accept
      Etag:
      - W/"e156c1de751f0fc41f3ce5edefd256d2"
      Cache-Control:
      - max-age=0, private, must-revalidate
      X-Request-Id:
      - e103a3bd7cd7b0d8f684872b4ad8b099
      X-Runtime:
      - '0.019642'
      Strict-Transport-Security:
      - max-age=15724800; includeSubDomains
      X-Frame-Options:
      - sameorigin
      X-Content-Type-Options:
      - nosniff
      X-Xss-Protection:
      - 1; mode=block
      X-Download-Options:
      - noopen
      X-Permitted-Cross-Domain-Policies:
      - none
      Content-Security-Policy:
      - default-src 'self'; img-src 'self' data:; script-src 'self'; style-src 'self'
        'unsafe-inline'
    body:
      encoding: UTF-8
      string: '{"success":true,"errors":[]}'
  recorded_at: Wed, 29 Sep 2021 09:24:39 GMT
- request:
    method: post
    uri: https://check-financial-eligibility-staging.apps.live-1.cloud-platform.service.justice.gov.uk/assessments/420a9824-9703-477f-9804-ae49ebfc5ecd/vehicles
    body:
      encoding: UTF-8
      string: '{"vehicles":[]}'
    headers:
      Content-Type:
      - application/json
      Accept:
      - application/json;version=3
      User-Agent:
      - Faraday v1.8.0
      Accept-Encoding:
      - gzip;q=1.0,deflate;q=0.6,identity;q=0.3
  response:
    status:
      code: 200
      message: OK
    headers:
      Date:
      - Wed, 29 Sep 2021 09:24:39 GMT
      Content-Type:
      - application/json; charset=utf-8
      Transfer-Encoding:
      - chunked
      Connection:
      - keep-alive
      Vary:
      - Accept
      Etag:
      - W/"e156c1de751f0fc41f3ce5edefd256d2"
      Cache-Control:
      - max-age=0, private, must-revalidate
      X-Request-Id:
      - c0387b9cc1734aa4ca0cc20f5b051a49
      X-Runtime:
      - '0.005110'
      Strict-Transport-Security:
      - max-age=15724800; includeSubDomains
      X-Frame-Options:
      - sameorigin
      X-Content-Type-Options:
      - nosniff
      X-Xss-Protection:
      - 1; mode=block
      X-Download-Options:
      - noopen
      X-Permitted-Cross-Domain-Policies:
      - none
      Content-Security-Policy:
      - default-src 'self'; img-src 'self' data:; script-src 'self'; style-src 'self'
        'unsafe-inline'
    body:
      encoding: UTF-8
      string: '{"success":true,"errors":[]}'
  recorded_at: Wed, 29 Sep 2021 09:24:39 GMT
- request:
    method: post
    uri: https://check-financial-eligibility-staging.apps.live-1.cloud-platform.service.justice.gov.uk/assessments/420a9824-9703-477f-9804-ae49ebfc5ecd/properties
    body:
      encoding: UTF-8
      string: '{"properties":{"main_home":{"value":0.0,"outstanding_mortgage":0.0,"percentage_owned":0.0,"shared_with_housing_assoc":false},"additional_properties":[{"value":0,"outstanding_mortgage":0,"percentage_owned":0,"shared_with_housing_assoc":false}]}}'
    headers:
      Content-Type:
      - application/json
      Accept:
      - application/json;version=3
      User-Agent:
      - Faraday v1.8.0
      Accept-Encoding:
      - gzip;q=1.0,deflate;q=0.6,identity;q=0.3
  response:
    status:
      code: 200
      message: OK
    headers:
      Date:
      - Wed, 29 Sep 2021 09:24:39 GMT
      Content-Type:
      - application/json; charset=utf-8
      Transfer-Encoding:
      - chunked
      Connection:
      - keep-alive
      Vary:
      - Accept
      Etag:
      - W/"e156c1de751f0fc41f3ce5edefd256d2"
      Cache-Control:
      - max-age=0, private, must-revalidate
      X-Request-Id:
      - 305745d13bec9103866ea47f8a9ad358
      X-Runtime:
      - '0.022546'
      Strict-Transport-Security:
      - max-age=15724800; includeSubDomains
      X-Frame-Options:
      - sameorigin
      X-Content-Type-Options:
      - nosniff
      X-Xss-Protection:
      - 1; mode=block
      X-Download-Options:
      - noopen
      X-Permitted-Cross-Domain-Policies:
      - none
      Content-Security-Policy:
      - default-src 'self'; img-src 'self' data:; script-src 'self'; style-src 'self'
        'unsafe-inline'
    body:
      encoding: UTF-8
      string: '{"success":true,"errors":[]}'
  recorded_at: Wed, 29 Sep 2021 09:24:39 GMT
- request:
    method: post
    uri: https://check-financial-eligibility-staging.apps.live-1.cloud-platform.service.justice.gov.uk/assessments/420a9824-9703-477f-9804-ae49ebfc5ecd/explicit_remarks
    body:
      encoding: UTF-8
      string: '{"explicit_remarks":[{"category":"policy_disregards","details":[]}]}'
    headers:
      Content-Type:
      - application/json
      Accept:
      - application/json;version=3
      User-Agent:
      - Faraday v1.8.0
      Accept-Encoding:
      - gzip;q=1.0,deflate;q=0.6,identity;q=0.3
  response:
    status:
      code: 200
      message: OK
    headers:
      Date:
      - Wed, 29 Sep 2021 09:24:39 GMT
      Content-Type:
      - application/json; charset=utf-8
      Transfer-Encoding:
      - chunked
      Connection:
      - keep-alive
      Vary:
      - Accept
      Etag:
      - W/"e156c1de751f0fc41f3ce5edefd256d2"
      Cache-Control:
      - max-age=0, private, must-revalidate
      X-Request-Id:
      - 7d850fbec1d8800d41e0afb51e87fb9d
      X-Runtime:
      - '0.002844'
      Strict-Transport-Security:
      - max-age=15724800; includeSubDomains
      X-Frame-Options:
      - sameorigin
      X-Content-Type-Options:
      - nosniff
      X-Xss-Protection:
      - 1; mode=block
      X-Download-Options:
      - noopen
      X-Permitted-Cross-Domain-Policies:
      - none
      Content-Security-Policy:
      - default-src 'self'; img-src 'self' data:; script-src 'self'; style-src 'self'
        'unsafe-inline'
    body:
      encoding: UTF-8
      string: '{"success":true,"errors":[]}'
  recorded_at: Wed, 29 Sep 2021 09:24:39 GMT
- request:
    method: post
    uri: https://check-financial-eligibility-staging.apps.live-1.cloud-platform.service.justice.gov.uk/assessments/420a9824-9703-477f-9804-ae49ebfc5ecd/dependants
    body:
      encoding: UTF-8
      string: '{"dependants":[]}'
    headers:
      Content-Type:
      - application/json
      Accept:
      - application/json;version=3
      User-Agent:
      - Faraday v1.8.0
      Accept-Encoding:
      - gzip;q=1.0,deflate;q=0.6,identity;q=0.3
  response:
    status:
      code: 200
      message: OK
    headers:
      Date:
      - Wed, 29 Sep 2021 09:24:39 GMT
      Content-Type:
      - application/json; charset=utf-8
      Transfer-Encoding:
      - chunked
      Connection:
      - keep-alive
      Vary:
      - Accept
      Etag:
      - W/"e156c1de751f0fc41f3ce5edefd256d2"
      Cache-Control:
      - max-age=0, private, must-revalidate
      X-Request-Id:
      - fe2222f8c19e47ad31cd8c5328efc057
      X-Runtime:
      - '0.003881'
      Strict-Transport-Security:
      - max-age=15724800; includeSubDomains
      X-Frame-Options:
      - sameorigin
      X-Content-Type-Options:
      - nosniff
      X-Xss-Protection:
      - 1; mode=block
      X-Download-Options:
      - noopen
      X-Permitted-Cross-Domain-Policies:
      - none
      Content-Security-Policy:
      - default-src 'self'; img-src 'self' data:; script-src 'self'; style-src 'self'
        'unsafe-inline'
    body:
      encoding: UTF-8
      string: '{"success":true,"errors":[]}'
  recorded_at: Wed, 29 Sep 2021 09:24:39 GMT
- request:
    method: post
    uri: https://check-financial-eligibility-staging.apps.live-1.cloud-platform.service.justice.gov.uk/assessments/420a9824-9703-477f-9804-ae49ebfc5ecd/outgoings
    body:
      encoding: UTF-8
      string: '{"outgoings":[]}'
    headers:
      Content-Type:
      - application/json
      Accept:
      - application/json;version=3
      User-Agent:
      - Faraday v1.8.0
      Accept-Encoding:
      - gzip;q=1.0,deflate;q=0.6,identity;q=0.3
  response:
    status:
      code: 200
      message: OK
    headers:
      Date:
      - Wed, 29 Sep 2021 09:24:39 GMT
      Content-Type:
      - application/json; charset=utf-8
      Transfer-Encoding:
      - chunked
      Connection:
      - keep-alive
      Vary:
      - Accept
      Etag:
      - W/"e156c1de751f0fc41f3ce5edefd256d2"
      Cache-Control:
      - max-age=0, private, must-revalidate
      X-Request-Id:
      - 9e657f96ef120dd54b61361dc7ac527c
      X-Runtime:
      - '0.003464'
      Strict-Transport-Security:
      - max-age=15724800; includeSubDomains
      X-Frame-Options:
      - sameorigin
      X-Content-Type-Options:
      - nosniff
      X-Xss-Protection:
      - 1; mode=block
      X-Download-Options:
      - noopen
      X-Permitted-Cross-Domain-Policies:
      - none
      Content-Security-Policy:
      - default-src 'self'; img-src 'self' data:; script-src 'self'; style-src 'self'
        'unsafe-inline'
    body:
      encoding: UTF-8
      string: '{"success":true,"errors":[]}'
  recorded_at: Wed, 29 Sep 2021 09:24:39 GMT
- request:
    method: post
    uri: https://check-financial-eligibility-staging.apps.live-1.cloud-platform.service.justice.gov.uk/assessments/420a9824-9703-477f-9804-ae49ebfc5ecd/state_benefits
    body:
      encoding: UTF-8
      string: '{"state_benefits":[]}'
    headers:
      Content-Type:
      - application/json
      Accept:
      - application/json;version=3
      User-Agent:
      - Faraday v1.8.0
      Accept-Encoding:
      - gzip;q=1.0,deflate;q=0.6,identity;q=0.3
  response:
    status:
      code: 200
      message: OK
    headers:
      Date:
      - Wed, 29 Sep 2021 09:24:39 GMT
      Content-Type:
      - application/json; charset=utf-8
      Transfer-Encoding:
      - chunked
      Connection:
      - keep-alive
      Vary:
      - Accept
      Etag:
      - W/"e156c1de751f0fc41f3ce5edefd256d2"
      Cache-Control:
      - max-age=0, private, must-revalidate
      X-Request-Id:
      - 961ca4277a91d10a2aecd825da4c85df
      X-Runtime:
      - '0.004895'
      Strict-Transport-Security:
      - max-age=15724800; includeSubDomains
      X-Frame-Options:
      - sameorigin
      X-Content-Type-Options:
      - nosniff
      X-Xss-Protection:
      - 1; mode=block
      X-Download-Options:
      - noopen
      X-Permitted-Cross-Domain-Policies:
      - none
      Content-Security-Policy:
      - default-src 'self'; img-src 'self' data:; script-src 'self'; style-src 'self'
        'unsafe-inline'
    body:
      encoding: UTF-8
      string: '{"success":true,"errors":[]}'
  recorded_at: Wed, 29 Sep 2021 09:24:39 GMT
- request:
    method: post
    uri: https://check-financial-eligibility-staging.apps.live-1.cloud-platform.service.justice.gov.uk/assessments/420a9824-9703-477f-9804-ae49ebfc5ecd/other_incomes
    body:
      encoding: UTF-8
      string: '{"other_incomes":[]}'
    headers:
      Content-Type:
      - application/json
      Accept:
      - application/json;version=3
      User-Agent:
      - Faraday v1.8.0
      Accept-Encoding:
      - gzip;q=1.0,deflate;q=0.6,identity;q=0.3
  response:
    status:
      code: 200
      message: OK
    headers:
      Date:
      - Wed, 29 Sep 2021 09:24:40 GMT
      Content-Type:
      - application/json; charset=utf-8
      Transfer-Encoding:
      - chunked
      Connection:
      - keep-alive
      Vary:
      - Accept
      Etag:
      - W/"e156c1de751f0fc41f3ce5edefd256d2"
      Cache-Control:
      - max-age=0, private, must-revalidate
      X-Request-Id:
      - 8b94dc0f8728721131b4ace9add887b4
      X-Runtime:
      - '0.027616'
      Strict-Transport-Security:
      - max-age=15724800; includeSubDomains
      X-Frame-Options:
      - sameorigin
      X-Content-Type-Options:
      - nosniff
      X-Xss-Protection:
      - 1; mode=block
      X-Download-Options:
      - noopen
      X-Permitted-Cross-Domain-Policies:
      - none
      Content-Security-Policy:
      - default-src 'self'; img-src 'self' data:; script-src 'self'; style-src 'self'
        'unsafe-inline'
    body:
      encoding: UTF-8
      string: '{"success":true,"errors":[]}'
  recorded_at: Wed, 29 Sep 2021 09:24:40 GMT
- request:
    method: post
    uri: https://check-financial-eligibility-staging.apps.live-1.cloud-platform.service.justice.gov.uk/assessments/420a9824-9703-477f-9804-ae49ebfc5ecd/irregular_incomes
    body:
      encoding: UTF-8
      string: '{"payments":[]}'
    headers:
      Content-Type:
      - application/json
      Accept:
      - application/json;version=3
      User-Agent:
      - Faraday v1.8.0
      Accept-Encoding:
      - gzip;q=1.0,deflate;q=0.6,identity;q=0.3
  response:
    status:
      code: 200
      message: OK
    headers:
      Date:
      - Wed, 29 Sep 2021 09:24:40 GMT
      Content-Type:
      - application/json; charset=utf-8
      Transfer-Encoding:
      - chunked
      Connection:
      - keep-alive
      Vary:
      - Accept
      Etag:
      - W/"e156c1de751f0fc41f3ce5edefd256d2"
      Cache-Control:
      - max-age=0, private, must-revalidate
      X-Request-Id:
      - 3bde8bfdf9f459cf899db725c86709ec
      X-Runtime:
      - '0.007233'
      Strict-Transport-Security:
      - max-age=15724800; includeSubDomains
      X-Frame-Options:
      - sameorigin
      X-Content-Type-Options:
      - nosniff
      X-Xss-Protection:
      - 1; mode=block
      X-Download-Options:
      - noopen
      X-Permitted-Cross-Domain-Policies:
      - none
      Content-Security-Policy:
      - default-src 'self'; img-src 'self' data:; script-src 'self'; style-src 'self'
        'unsafe-inline'
    body:
      encoding: UTF-8
      string: '{"success":true,"errors":[]}'
  recorded_at: Wed, 29 Sep 2021 09:24:40 GMT
- request:
    method: post
    uri: https://check-financial-eligibility-staging.apps.live-1.cloud-platform.service.justice.gov.uk/assessments/420a9824-9703-477f-9804-ae49ebfc5ecd/cash_transactions
    body:
      encoding: UTF-8
      string: '{"income":[],"outgoings":[]}'
    headers:
      Content-Type:
      - application/json
      Accept:
      - application/json;version=3
      User-Agent:
      - Faraday v1.8.0
      Accept-Encoding:
      - gzip;q=1.0,deflate;q=0.6,identity;q=0.3
  response:
    status:
      code: 200
      message: OK
    headers:
      Date:
      - Wed, 29 Sep 2021 09:24:40 GMT
      Content-Type:
      - application/json; charset=utf-8
      Transfer-Encoding:
      - chunked
      Connection:
      - keep-alive
      Vary:
      - Accept
      Etag:
      - W/"e156c1de751f0fc41f3ce5edefd256d2"
      Cache-Control:
      - max-age=0, private, must-revalidate
      X-Request-Id:
      - 47dd62f93cfd431885c3c1b9924e50da
      X-Runtime:
      - '0.003329'
      Strict-Transport-Security:
      - max-age=15724800; includeSubDomains
      X-Frame-Options:
      - sameorigin
      X-Content-Type-Options:
      - nosniff
      X-Xss-Protection:
      - 1; mode=block
      X-Download-Options:
      - noopen
      X-Permitted-Cross-Domain-Policies:
      - none
      Content-Security-Policy:
      - default-src 'self'; img-src 'self' data:; script-src 'self'; style-src 'self'
        'unsafe-inline'
    body:
      encoding: UTF-8
      string: '{"success":true,"errors":[]}'
  recorded_at: Wed, 29 Sep 2021 09:24:40 GMT
- request:
    method: get
    uri: https://check-financial-eligibility-staging.apps.live-1.cloud-platform.service.justice.gov.uk/assessments/420a9824-9703-477f-9804-ae49ebfc5ecd
    body:
      encoding: US-ASCII
      string: ''
    headers:
      Content-Type:
      - application/json
      Accept:
      - application/json;version=3
      User-Agent:
      - Faraday v1.8.0
      Accept-Encoding:
      - gzip;q=1.0,deflate;q=0.6,identity;q=0.3
  response:
    status:
      code: 200
      message: OK
    headers:
      Date:
      - Wed, 29 Sep 2021 09:24:40 GMT
      Content-Type:
      - application/json; charset=utf-8
      Transfer-Encoding:
      - chunked
      Connection:
      - keep-alive
      Vary:
      - Accept
      Etag:
      - W/"65e885d71c303c7889c4cde5d9458701"
      Cache-Control:
      - max-age=0, private, must-revalidate
      X-Request-Id:
      - 8717b22863d7316a001f6d03020f4900
      X-Runtime:
      - '0.138992'
      Strict-Transport-Security:
      - max-age=15724800; includeSubDomains
      X-Frame-Options:
      - sameorigin
      X-Content-Type-Options:
      - nosniff
      X-Xss-Protection:
      - 1; mode=block
      X-Download-Options:
      - noopen
      X-Permitted-Cross-Domain-Policies:
      - none
      Content-Security-Policy:
      - default-src 'self'; img-src 'self' data:; script-src 'self'; style-src 'self'
        'unsafe-inline'
    body:
      encoding: UTF-8
      string: '{"version":"3","timestamp":"2021-09-29T09:24:40.678Z","success":true,"assessment":{"id":"420a9824-9703-477f-9804-ae49ebfc5ecd","client_reference_id":"L-6X1-HWP","submission_date":"2021-09-29","matter_proceeding_type":"domestic_abuse","assessment_result":"contribution_required","applicant":{"date_of_birth":"1971-08-14","involvement_type":"applicant","has_partner_opponent":false,"receives_qualifying_benefit":false,"self_employed":false},"gross_income":{"summary":{"total_gross_income":"0.0","upper_threshold":"999999999999.0","assessment_result":"eligible"},"irregular_income":{"monthly_equivalents":{"student_loan":"0.0"}},"state_benefits":{"monthly_equivalents":{"all_sources":"0.0","cash_transactions":"0.0","bank_transactions":[]}},"other_income":{"monthly_equivalents":{"bank_transactions":{"friends_or_family":"0.0","maintenance_in":"0.0","property_or_lodger":"0.0","pension":"0.0"},"cash_transactions":{"friends_or_family":"0.0","maintenance_in":"0.0","property_or_lodger":"0.0","pension":"0.0"},"all_sources":{"friends_or_family":"0.0","maintenance_in":"0.0","property_or_lodger":"0.0","pension":"0.0"}}}},"disposable_income":{"monthly_equivalents":{"bank_transactions":{"child_care":"0.0","rent_or_mortgage":"0.0","maintenance_out":"0.0","legal_aid":"0.0"},"cash_transactions":{"child_care":"0.0","rent_or_mortgage":"0.0","maintenance_out":"0.0","legal_aid":"0.0"},"all_sources":{"child_care":"0.0","rent_or_mortgage":"0.0","maintenance_out":"0.0","legal_aid":"0.0"}},"childcare_allowance":"0.0","deductions":{"dependants_allowance":"0.0","disregarded_state_benefits":0.0},"dependant_allowance":"0.0","maintenance_allowance":"0.0","gross_housing_costs":"0.0","housing_benefit":"0.0","net_housing_costs":"0.0","total_outgoings_and_allowances":"0.0","total_disposable_income":"0.0","lower_threshold":"315.0","upper_threshold":"999999999999.0","assessment_result":"eligible","income_contribution":"0.0"},"capital":{"capital_items":{"liquid":[{"description":"Money
        not in a bank account","value":"4000.0"},{"description":"Online current accounts","value":"1455970.78"},{"description":"Online
        savings accounts","value":"37196.49"}],"non_liquid":[],"vehicles":[],"properties":{"main_home":{"value":"0.0","outstanding_mortgage":"0.0","percentage_owned":"0.0","main_home":true,"shared_with_housing_assoc":false,"transaction_allowance":"0.0","allowable_outstanding_mortgage":"0.0","net_value":"0.0","net_equity":"0.0","main_home_equity_disregard":"100000.0","assessed_equity":"0.0"},"additional_properties":[{"value":"0.0","outstanding_mortgage":"0.0","percentage_owned":"0.0","main_home":false,"shared_with_housing_assoc":false,"transaction_allowance":"0.0","allowable_outstanding_mortgage":"0.0","net_value":"0.0","net_equity":"0.0","main_home_equity_disregard":"0.0","assessed_equity":"0.0"}]}},"total_liquid":"1497167.27","total_non_liquid":"0.0","total_vehicle":"0.0","total_property":"0.0","total_mortgage_allowance":"999999999999.0","total_capital":"1497167.27","pensioner_capital_disregard":"0.0","assessed_capital":"1497167.27","lower_threshold":"3000.0","upper_threshold":"999999999999.0","assessment_result":"contribution_required","capital_contribution":"1494167.27"},"remarks":{}}}'
  recorded_at: Wed, 29 Sep 2021 09:24:40 GMT
- request:
    method: post
    uri: https://legal-framework-api-staging.apps.live-1.cloud-platform.service.justice.gov.uk/merits_tasks
    body:
      encoding: UTF-8
      string: '{"request_id":"7a4080c9-4271-4003-9928-8c9bc67b2dfb","proceeding_types":["DA001","DA005"]}'
    headers:
      Content-Type:
      - application/json
      User-Agent:
      - Faraday v1.8.0
      Accept-Encoding:
      - gzip;q=1.0,deflate;q=0.6,identity;q=0.3
      Accept:
      - "*/*"
  response:
    status:
      code: 200
      message: OK
    headers:
      Date:
      - Wed, 29 Sep 2021 09:24:41 GMT
      Content-Type:
      - application/json; charset=utf-8
      Transfer-Encoding:
      - chunked
      Connection:
      - keep-alive
      X-Frame-Options:
      - SAMEORIGIN
      X-Xss-Protection:
      - 1; mode=block
      X-Content-Type-Options:
      - nosniff
      X-Download-Options:
      - noopen
      X-Permitted-Cross-Domain-Policies:
      - none
      Referrer-Policy:
      - strict-origin-when-cross-origin
      Vary:
      - Accept
      Etag:
      - W/"c16af8449976506e9d2115bf45ca38ef"
      Cache-Control:
      - max-age=0, private, must-revalidate
      X-Request-Id:
      - 653663855ae63f316d51a9ba724ab9f8
      X-Runtime:
      - '0.095543'
      Strict-Transport-Security:
      - max-age=15724800; includeSubDomains
    body:
      encoding: UTF-8
      string: '{"request_id":"7a4080c9-4271-4003-9928-8c9bc67b2dfb","success":true,"application":{"tasks":{"latest_incident_details":[],"opponent_details":[],"statement_of_case":[]}},"proceeding_types":[{"ccms_code":"DA001","tasks":{"chances_of_success":[]}},{"ccms_code":"DA005","tasks":{"chances_of_success":[]}}]}'
  recorded_at: Wed, 29 Sep 2021 09:24:41 GMT
recorded_with: VCR 6.0.0
