---
http_interactions:
- request:
    method: post
    uri: https://legal-framework-api-staging.cloud-platform.service.justice.gov.uk/proceeding_type_defaults
    body:
      encoding: UTF-8
      string: '{"proceeding_type_ccms_code":"DA001","delegated_functions_used":true,"client_involvement_type":"A"}'
    headers:
      Content-Type:
      - application/json
      User-Agent:
      - Faraday v2.13.1
      Accept-Encoding:
      - gzip;q=1.0,deflate;q=0.6,identity;q=0.3
      Accept:
      - "*/*"
  response:
    status:
      code: 200
      message: OK
    headers:
      Date:
      - Tue, 08 Jul 2025 13:56:29 GMT
      Content-Type:
      - application/json; charset=utf-8
      Content-Length:
      - '477'
      Connection:
      - keep-alive
      X-Frame-Options:
      - SAMEORIGIN
      X-Xss-Protection:
      - '0'
      X-Content-Type-Options:
      - nosniff
      X-Permitted-Cross-Domain-Policies:
      - none
      Referrer-Policy:
      - strict-origin-when-cross-origin
      Vary:
      - Accept, Origin
      Etag:
      - W/"394350725076183ab4ae0116449123c3"
      Cache-Control:
      - max-age=0, private, must-revalidate
      X-Request-Id:
      - fb8f5dd0b076e46af87e51f6f04a1ff3
      X-Runtime:
      - '0.008903'
      Strict-Transport-Security:
      - max-age=31536000; includeSubDomains
    body:
      encoding: UTF-8
      string: '{"success":true,"requested_params":{"proceeding_type_ccms_code":"DA001","delegated_functions_used":true,"client_involvement_type":"A"},"default_level_of_service":{"level":3,"name":"Full
        Representation","stage":8},"default_scope":{"code":"CV117","meaning":"Interim
        order inc. return date","description":"Limited to all steps necessary to apply
        for an interim order; where application is made without notice to include
        representation on the return date.","additional_params":[]}}'
  recorded_at: Tue, 08 Jul 2025 13:56:29 GMT
- request:
    method: post
    uri: https://legal-framework-api-staging.cloud-platform.service.justice.gov.uk/proceeding_type_defaults
    body:
      encoding: UTF-8
      string: '{"proceeding_type_ccms_code":"SE014","delegated_functions_used":true,"client_involvement_type":"A"}'
    headers:
      Content-Type:
      - application/json
      User-Agent:
      - Faraday v2.13.1
      Accept-Encoding:
      - gzip;q=1.0,deflate;q=0.6,identity;q=0.3
      Accept:
      - "*/*"
  response:
    status:
      code: 200
      message: OK
    headers:
      Date:
      - Tue, 08 Jul 2025 13:56:29 GMT
      Content-Type:
      - application/json; charset=utf-8
      Content-Length:
      - '478'
      Connection:
      - keep-alive
      X-Frame-Options:
      - SAMEORIGIN
      X-Xss-Protection:
      - '0'
      X-Content-Type-Options:
      - nosniff
      X-Permitted-Cross-Domain-Policies:
      - none
      Referrer-Policy:
      - strict-origin-when-cross-origin
      Vary:
      - Accept, Origin
      Etag:
      - W/"e3662e528ef090ff8b1405f4c4132dfd"
      Cache-Control:
      - max-age=0, private, must-revalidate
      X-Request-Id:
      - 7231e55b384ddf405fe4d04330e86acb
      X-Runtime:
      - '0.007171'
      Strict-Transport-Security:
      - max-age=31536000; includeSubDomains
    body:
      encoding: UTF-8
      string: '{"success":true,"requested_params":{"proceeding_type_ccms_code":"SE014","delegated_functions_used":true,"client_involvement_type":"A"},"default_level_of_service":{"level":1,"name":"Family
        Help (Higher)","stage":1},"default_scope":{"code":"CV117","meaning":"Interim
        order inc. return date","description":"Limited to all steps necessary to apply
        for an interim order; where application is made without notice to include
        representation on the return date.","additional_params":[]}}'
  recorded_at: Tue, 08 Jul 2025 13:56:29 GMT
- request:
    method: get
    uri: https://legal-framework-api-staging.cloud-platform.service.justice.gov.uk/proceeding_types/DA001
    body:
      encoding: US-ASCII
      string: ''
    headers:
      Content-Type:
      - application/json
      User-Agent:
      - Faraday v2.13.1
      Accept-Encoding:
      - gzip;q=1.0,deflate;q=0.6,identity;q=0.3
      Accept:
      - "*/*"
  response:
    status:
      code: 200
      message: OK
    headers:
      Date:
      - Tue, 08 Jul 2025 13:56:29 GMT
      Content-Type:
      - application/json; charset=utf-8
      Content-Length:
      - '1435'
      Connection:
      - keep-alive
      X-Frame-Options:
      - SAMEORIGIN
      X-Xss-Protection:
      - '0'
      X-Content-Type-Options:
      - nosniff
      X-Permitted-Cross-Domain-Policies:
      - none
      Referrer-Policy:
      - strict-origin-when-cross-origin
      Vary:
      - Accept, Origin
      Etag:
      - W/"a6faf5b40ae4f261a2276ae6e89280be"
      Cache-Control:
      - max-age=0, private, must-revalidate
      X-Request-Id:
      - fc507b17da4e9167b0530113af8cd3e6
      X-Runtime:
      - '0.014099'
      Strict-Transport-Security:
      - max-age=31536000; includeSubDomains
    body:
      encoding: UTF-8
      string: '{"success":true,"ccms_code":"DA001","meaning":"Inherent jurisdiction
        - high court injunction","ccms_category_law_code":"MAT","ccms_matter_code":"MINJN","name":"inherent_jurisdiction_high_court_injunction","description":"to
        be represented on an application for an injunction, order or declaration under
        the inherent jurisdiction of the court.","sca_core":false,"sca_related":false,"ccms_category_law":"Family","ccms_matter":"domestic
        abuse (DA)","cost_limitations":{"substantive":{"start_date":"1970-01-01","value":"25000.0"},"delegated_functions":{"start_date":"2021-09-13","value":"2250.0"}},"default_scope_limitations":{"substantive":{"code":"AA019","meaning":"Injunction
        FLA-to final hearing","description":"As to proceedings under Part IV Family
        Law Act 1996 limited to all steps up to and including obtaining and serving
        a final order and in the event of breach leading to the exercise of a power
        of arrest to representation on the consideration of the breach by the court
        (but excluding applying for a warrant of arrest, if not attached, and representation
        in contempt proceedings)."},"delegated_functions":{"code":"CV117","meaning":"Interim
        order inc. return date","description":"Limited to all steps necessary to apply
        for an interim order; where application is made without notice to include
        representation on the return date."}},"service_levels":[{"level":3,"name":"Full
        Representation","stage":8,"proceeding_default":true}]}'
  recorded_at: Tue, 08 Jul 2025 13:56:29 GMT
- request:
    method: get
    uri: https://legal-framework-api-staging.cloud-platform.service.justice.gov.uk/client_involvement_types/DA001
    body:
      encoding: US-ASCII
      string: ''
    headers:
      Content-Type:
      - application/json
      User-Agent:
      - Faraday v2.13.1
      Accept-Encoding:
      - gzip;q=1.0,deflate;q=0.6,identity;q=0.3
      Accept:
      - "*/*"
  response:
    status:
      code: 200
      message: OK
    headers:
      Date:
      - Tue, 08 Jul 2025 13:56:29 GMT
      Content-Type:
      - application/json; charset=utf-8
      Content-Length:
      - '320'
      Connection:
      - keep-alive
      X-Frame-Options:
      - SAMEORIGIN
      X-Xss-Protection:
      - '0'
      X-Content-Type-Options:
      - nosniff
      X-Permitted-Cross-Domain-Policies:
      - none
      Referrer-Policy:
      - strict-origin-when-cross-origin
      Vary:
      - Accept, Origin
      Etag:
      - W/"634b8c627a1b078b5d1fffcb51ca2121"
      Cache-Control:
      - max-age=0, private, must-revalidate
      X-Request-Id:
      - 251627411f5a6022d6f7fbb732431bf3
      X-Runtime:
      - '0.002791'
      Strict-Transport-Security:
      - max-age=31536000; includeSubDomains
    body:
      encoding: UTF-8
      string: '{"success":true,"client_involvement_type":[{"ccms_code":"A","description":"Applicant/claimant/petitioner"},{"ccms_code":"D","description":"Defendant/respondent"},{"ccms_code":"W","description":"Subject
        of proceedings (child)"},{"ccms_code":"I","description":"Intervenor"},{"ccms_code":"Z","description":"Joined
        party"}]}'
  recorded_at: Tue, 08 Jul 2025 13:56:29 GMT
- request:
    method: get
    uri: https://legal-framework-api-staging.cloud-platform.service.justice.gov.uk/client_involvement_types/SE014
    body:
      encoding: US-ASCII
      string: ''
    headers:
      Content-Type:
      - application/json
      User-Agent:
      - Faraday v2.13.1
      Accept-Encoding:
      - gzip;q=1.0,deflate;q=0.6,identity;q=0.3
      Accept:
      - "*/*"
  response:
    status:
      code: 200
      message: OK
    headers:
      Date:
      - Tue, 08 Jul 2025 13:56:29 GMT
      Content-Type:
      - application/json; charset=utf-8
      Content-Length:
      - '320'
      Connection:
      - keep-alive
      X-Frame-Options:
      - SAMEORIGIN
      X-Xss-Protection:
      - '0'
      X-Content-Type-Options:
      - nosniff
      X-Permitted-Cross-Domain-Policies:
      - none
      Referrer-Policy:
      - strict-origin-when-cross-origin
      Vary:
      - Accept, Origin
      Etag:
      - W/"634b8c627a1b078b5d1fffcb51ca2121"
      Cache-Control:
      - max-age=0, private, must-revalidate
      X-Request-Id:
      - 6346e455b6f5372d0ef001aa725b3784
      X-Runtime:
      - '0.002732'
      Strict-Transport-Security:
      - max-age=31536000; includeSubDomains
    body:
      encoding: UTF-8
      string: '{"success":true,"client_involvement_type":[{"ccms_code":"A","description":"Applicant/claimant/petitioner"},{"ccms_code":"D","description":"Defendant/respondent"},{"ccms_code":"W","description":"Subject
        of proceedings (child)"},{"ccms_code":"I","description":"Intervenor"},{"ccms_code":"Z","description":"Joined
        party"}]}'
  recorded_at: Tue, 08 Jul 2025 13:56:29 GMT
recorded_with: VCR 6.3.1
