---
http_interactions:
- request:
    method: post
    uri: https://legal-framework-api-staging.cloud-platform.service.justice.gov.uk/proceeding_type_defaults
    body:
      encoding: UTF-8
      string: '{"proceeding_type_ccms_code":"DA001","delegated_functions_used":true,"client_involvement_type":null}'
    headers:
      Content-Type:
      - application/json
      User-Agent:
      - Faraday v2.13.2
      Accept-Encoding:
      - gzip;q=1.0,deflate;q=0.6,identity;q=0.3
      Accept:
      - "*/*"
  response:
    status:
      code: 400
      message: Bad Request
    headers:
      Date:
      - Tue, 15 Jul 2025 08:00:40 GMT
      Content-Type:
      - application/json; charset=utf-8
      Content-Length:
      - '157'
      Connection:
      - keep-alive
      X-Frame-Options:
      - SAMEORIGIN
      X-Xss-Protection:
      - '0'
      X-Content-Type-Options:
      - nosniff
      X-Permitted-Cross-Domain-Policies:
      - none
      Referrer-Policy:
      - strict-origin-when-cross-origin
      Vary:
      - Accept, Origin
      Cache-Control:
      - no-cache
      X-Request-Id:
      - 134112086a907a5d1b2f0658913494dc
      X-Runtime:
      - '0.003917'
      Strict-Transport-Security:
      - max-age=31536000; includeSubDomains
    body:
      encoding: UTF-8
      string: '{"success":false,"errors":["The property ''#/client_involvement_type''
        value nil did not match one of the following values: A, D, W, Z, I in schema
        file://#"]}'
  recorded_at: Tue, 15 Jul 2025 08:00:40 GMT
- request:
    method: post
    uri: https://legal-framework-api-staging.cloud-platform.service.justice.gov.uk/proceeding_type_defaults
    body:
      encoding: UTF-8
      string: '{"proceeding_type_ccms_code":"SE014","delegated_functions_used":true,"client_involvement_type":"A"}'
    headers:
      Content-Type:
      - application/json
      User-Agent:
      - Faraday v2.13.2
      Accept-Encoding:
      - gzip;q=1.0,deflate;q=0.6,identity;q=0.3
      Accept:
      - "*/*"
  response:
    status:
      code: 200
      message: OK
    headers:
      Date:
      - Tue, 15 Jul 2025 08:00:40 GMT
      Content-Type:
      - application/json; charset=utf-8
      Content-Length:
      - '478'
      Connection:
      - keep-alive
      X-Frame-Options:
      - SAMEORIGIN
      X-Xss-Protection:
      - '0'
      X-Content-Type-Options:
      - nosniff
      X-Permitted-Cross-Domain-Policies:
      - none
      Referrer-Policy:
      - strict-origin-when-cross-origin
      Vary:
      - Accept, Origin
      Etag:
      - W/"e3662e528ef090ff8b1405f4c4132dfd"
      Cache-Control:
      - max-age=0, private, must-revalidate
      X-Request-Id:
      - c8f280dda901d105ea61996980631b8d
      X-Runtime:
      - '0.009609'
      Strict-Transport-Security:
      - max-age=31536000; includeSubDomains
    body:
      encoding: UTF-8
      string: '{"success":true,"requested_params":{"proceeding_type_ccms_code":"SE014","delegated_functions_used":true,"client_involvement_type":"A"},"default_level_of_service":{"level":1,"name":"Family
        Help (Higher)","stage":1},"default_scope":{"code":"CV117","meaning":"Interim
        order inc. return date","description":"Limited to all steps necessary to apply
        for an interim order; where application is made without notice to include
        representation on the return date.","additional_params":[]}}'
  recorded_at: Tue, 15 Jul 2025 08:00:40 GMT
- request:
    method: post
    uri: https://legal-framework-api-staging.cloud-platform.service.justice.gov.uk/proceeding_type_defaults
    body:
      encoding: UTF-8
      string: '{"proceeding_type_ccms_code":"DA001","delegated_functions_used":false,"client_involvement_type":null}'
    headers:
      Content-Type:
      - application/json
      User-Agent:
      - Faraday v2.13.2
      Accept-Encoding:
      - gzip;q=1.0,deflate;q=0.6,identity;q=0.3
      Accept:
      - "*/*"
  response:
    status:
      code: 400
      message: Bad Request
    headers:
      Date:
      - Tue, 15 Jul 2025 08:00:40 GMT
      Content-Type:
      - application/json; charset=utf-8
      Content-Length:
      - '157'
      Connection:
      - keep-alive
      X-Frame-Options:
      - SAMEORIGIN
      X-Xss-Protection:
      - '0'
      X-Content-Type-Options:
      - nosniff
      X-Permitted-Cross-Domain-Policies:
      - none
      Referrer-Policy:
      - strict-origin-when-cross-origin
      Vary:
      - Accept, Origin
      Cache-Control:
      - no-cache
      X-Request-Id:
      - 630340517d66ea1720e9e7c4fcaff540
      X-Runtime:
      - '0.004167'
      Strict-Transport-Security:
      - max-age=31536000; includeSubDomains
    body:
      encoding: UTF-8
      string: '{"success":false,"errors":["The property ''#/client_involvement_type''
        value nil did not match one of the following values: A, D, W, Z, I in schema
        file://#"]}'
  recorded_at: Tue, 15 Jul 2025 08:00:40 GMT
- request:
    method: post
    uri: https://legal-framework-api-staging.cloud-platform.service.justice.gov.uk/proceeding_type_defaults
    body:
      encoding: UTF-8
      string: '{"proceeding_type_ccms_code":"SE014","delegated_functions_used":false,"client_involvement_type":"A"}'
    headers:
      Content-Type:
      - application/json
      User-Agent:
      - Faraday v2.13.2
      Accept-Encoding:
      - gzip;q=1.0,deflate;q=0.6,identity;q=0.3
      Accept:
      - "*/*"
  response:
    status:
      code: 200
      message: OK
    headers:
      Date:
      - Tue, 15 Jul 2025 08:00:40 GMT
      Content-Type:
      - application/json; charset=utf-8
      Content-Length:
      - '540'
      Connection:
      - keep-alive
      X-Frame-Options:
      - SAMEORIGIN
      X-Xss-Protection:
      - '0'
      X-Content-Type-Options:
      - nosniff
      X-Permitted-Cross-Domain-Policies:
      - none
      Referrer-Policy:
      - strict-origin-when-cross-origin
      Vary:
      - Accept, Origin
      Etag:
      - W/"1886b353521eb91de6839b95785fe23e"
      Cache-Control:
      - max-age=0, private, must-revalidate
      X-Request-Id:
      - 01fd9e9103077a01aaa71ca033b5643d
      X-Runtime:
      - '0.007513'
      Strict-Transport-Security:
      - max-age=31536000; includeSubDomains
    body:
      encoding: UTF-8
      string: '{"success":true,"requested_params":{"proceeding_type_ccms_code":"SE014","delegated_functions_used":false,"client_involvement_type":"A"},"default_level_of_service":{"level":1,"name":"Family
        Help (Higher)","stage":1},"default_scope":{"code":"FM059","meaning":"FHH Children","description":"Limited
        to Family Help (Higher) and to all steps necessary to negotiate and conclude
        a settlement. To include the issue of proceedings and representation in those
        proceedings save in relation to or at a contested final hearing.","additional_params":[]}}'
  recorded_at: Tue, 15 Jul 2025 08:00:40 GMT
recorded_with: VCR 6.3.1
