---
http_interactions:
- request:
    method: post
    uri: https://check-financial-eligibility-staging.apps.live-1.cloud-platform.service.justice.gov.uk/assessments
    body:
      encoding: UTF-8
      string: '{"client_reference_id":"L-039-65X","submission_date":"2021-07-29","matter_proceeding_type":"domestic_abuse"}'
    headers:
      Content-Type:
      - application/json
      Accept:
      - application/json;version=3
      User-Agent:
      - Faraday v1.5.1
      Accept-Encoding:
      - gzip;q=1.0,deflate;q=0.6,identity;q=0.3
  response:
    status:
      code: 200
      message: OK
    headers:
      Date:
      - Thu, 29 Jul 2021 12:23:52 GMT
      Content-Type:
      - application/json; charset=utf-8
      Transfer-Encoding:
      - chunked
      Connection:
      - keep-alive
      Vary:
      - Accept
      Etag:
      - W/"8fe5e6fb62e8b270195dc01b348849bd"
      Cache-Control:
      - max-age=0, private, must-revalidate
      X-Request-Id:
      - 2d24ee70ba17ea7274da81413eb25a54
      X-Runtime:
      - '0.050479'
      Strict-Transport-Security:
      - max-age=15724800; includeSubDomains
      X-Frame-Options:
      - sameorigin
      X-Content-Type-Options:
      - nosniff
      X-Xss-Protection:
      - 1; mode=block
      X-Download-Options:
      - noopen
      X-Permitted-Cross-Domain-Policies:
      - none
      Content-Security-Policy:
      - default-src 'self'; img-src 'self' data:; script-src 'self'; style-src 'self'
        'unsafe-inline'
    body:
      encoding: UTF-8
      string: '{"success":true,"assessment_id":"d2d100bd-a5e5-4c8a-9c19-18cb590a5590","errors":[]}'
  recorded_at: Thu, 29 Jul 2021 12:23:52 GMT
- request:
    method: post
    uri: https://check-financial-eligibility-staging.apps.live-1.cloud-platform.service.justice.gov.uk/assessments/d2d100bd-a5e5-4c8a-9c19-18cb590a5590/applicant
    body:
      encoding: UTF-8
      string: '{"applicant":{"date_of_birth":"1994-12-21","involvement_type":"applicant","has_partner_opponent":false,"receives_qualifying_benefit":false}}'
    headers:
      Content-Type:
      - application/json
      Accept:
      - application/json;version=3
      User-Agent:
      - Faraday v1.5.1
      Accept-Encoding:
      - gzip;q=1.0,deflate;q=0.6,identity;q=0.3
  response:
    status:
      code: 200
      message: OK
    headers:
      Date:
      - Thu, 29 Jul 2021 12:23:52 GMT
      Content-Type:
      - application/json; charset=utf-8
      Transfer-Encoding:
      - chunked
      Connection:
      - keep-alive
      Vary:
      - Accept
      Etag:
      - W/"e156c1de751f0fc41f3ce5edefd256d2"
      Cache-Control:
      - max-age=0, private, must-revalidate
      X-Request-Id:
      - b9f49bd9b9a35476420aca022d4ed79a
      X-Runtime:
      - '0.012321'
      Strict-Transport-Security:
      - max-age=15724800; includeSubDomains
      X-Frame-Options:
      - sameorigin
      X-Content-Type-Options:
      - nosniff
      X-Xss-Protection:
      - 1; mode=block
      X-Download-Options:
      - noopen
      X-Permitted-Cross-Domain-Policies:
      - none
      Content-Security-Policy:
      - default-src 'self'; img-src 'self' data:; script-src 'self'; style-src 'self'
        'unsafe-inline'
    body:
      encoding: UTF-8
      string: '{"success":true,"errors":[]}'
  recorded_at: Thu, 29 Jul 2021 12:23:52 GMT
- request:
    method: post
    uri: https://check-financial-eligibility-staging.apps.live-1.cloud-platform.service.justice.gov.uk/assessments/d2d100bd-a5e5-4c8a-9c19-18cb590a5590/capitals
    body:
      encoding: UTF-8
      string: '{"bank_accounts":[{"description":"Online current accounts","value":"264114.16"},{"description":"Online
        savings accounts","value":0}],"non_liquid_capital":[{"description":"Land","value":"50000.0"}]}'
    headers:
      Content-Type:
      - application/json
      Accept:
      - application/json;version=3
      User-Agent:
      - Faraday v1.5.1
      Accept-Encoding:
      - gzip;q=1.0,deflate;q=0.6,identity;q=0.3
  response:
    status:
      code: 200
      message: OK
    headers:
      Date:
      - Thu, 29 Jul 2021 12:23:53 GMT
      Content-Type:
      - application/json; charset=utf-8
      Transfer-Encoding:
      - chunked
      Connection:
      - keep-alive
      Vary:
      - Accept
      Etag:
      - W/"e156c1de751f0fc41f3ce5edefd256d2"
      Cache-Control:
      - max-age=0, private, must-revalidate
      X-Request-Id:
      - 3a11805f185bf6e5a56c93969540494c
      X-Runtime:
      - '0.053949'
      Strict-Transport-Security:
      - max-age=15724800; includeSubDomains
      X-Frame-Options:
      - sameorigin
      X-Content-Type-Options:
      - nosniff
      X-Xss-Protection:
      - 1; mode=block
      X-Download-Options:
      - noopen
      X-Permitted-Cross-Domain-Policies:
      - none
      Content-Security-Policy:
      - default-src 'self'; img-src 'self' data:; script-src 'self'; style-src 'self'
        'unsafe-inline'
    body:
      encoding: UTF-8
      string: '{"success":true,"errors":[]}'
  recorded_at: Thu, 29 Jul 2021 12:23:53 GMT
- request:
    method: post
    uri: https://check-financial-eligibility-staging.apps.live-1.cloud-platform.service.justice.gov.uk/assessments/d2d100bd-a5e5-4c8a-9c19-18cb590a5590/vehicles
    body:
      encoding: UTF-8
      string: '{"vehicles":[]}'
    headers:
      Content-Type:
      - application/json
      Accept:
      - application/json;version=3
      User-Agent:
      - Faraday v1.5.1
      Accept-Encoding:
      - gzip;q=1.0,deflate;q=0.6,identity;q=0.3
  response:
    status:
      code: 200
      message: OK
    headers:
      Date:
      - Thu, 29 Jul 2021 12:23:53 GMT
      Content-Type:
      - application/json; charset=utf-8
      Transfer-Encoding:
      - chunked
      Connection:
      - keep-alive
      Vary:
      - Accept
      Etag:
      - W/"e156c1de751f0fc41f3ce5edefd256d2"
      Cache-Control:
      - max-age=0, private, must-revalidate
      X-Request-Id:
      - a974d71d921e3e95269759c0b0f771c2
      X-Runtime:
      - '0.006293'
      Strict-Transport-Security:
      - max-age=15724800; includeSubDomains
      X-Frame-Options:
      - sameorigin
      X-Content-Type-Options:
      - nosniff
      X-Xss-Protection:
      - 1; mode=block
      X-Download-Options:
      - noopen
      X-Permitted-Cross-Domain-Policies:
      - none
      Content-Security-Policy:
      - default-src 'self'; img-src 'self' data:; script-src 'self'; style-src 'self'
        'unsafe-inline'
    body:
      encoding: UTF-8
      string: '{"success":true,"errors":[]}'
  recorded_at: Thu, 29 Jul 2021 12:23:53 GMT
- request:
    method: post
    uri: https://check-financial-eligibility-staging.apps.live-1.cloud-platform.service.justice.gov.uk/assessments/d2d100bd-a5e5-4c8a-9c19-18cb590a5590/properties
    body:
      encoding: UTF-8
      string: '{"properties":{"main_home":{"value":0.0,"outstanding_mortgage":0.0,"percentage_owned":0.0,"shared_with_housing_assoc":false},"additional_properties":[{"value":0,"outstanding_mortgage":0,"percentage_owned":0,"shared_with_housing_assoc":false}]}}'
    headers:
      Content-Type:
      - application/json
      Accept:
      - application/json;version=3
      User-Agent:
      - Faraday v1.5.1
      Accept-Encoding:
      - gzip;q=1.0,deflate;q=0.6,identity;q=0.3
  response:
    status:
      code: 200
      message: OK
    headers:
      Date:
      - Thu, 29 Jul 2021 12:23:53 GMT
      Content-Type:
      - application/json; charset=utf-8
      Transfer-Encoding:
      - chunked
      Connection:
      - keep-alive
      Vary:
      - Accept
      Etag:
      - W/"e156c1de751f0fc41f3ce5edefd256d2"
      Cache-Control:
      - max-age=0, private, must-revalidate
      X-Request-Id:
      - f9bf19695e218c9fe1235e41b60c2571
      X-Runtime:
      - '0.016135'
      Strict-Transport-Security:
      - max-age=15724800; includeSubDomains
      X-Frame-Options:
      - sameorigin
      X-Content-Type-Options:
      - nosniff
      X-Xss-Protection:
      - 1; mode=block
      X-Download-Options:
      - noopen
      X-Permitted-Cross-Domain-Policies:
      - none
      Content-Security-Policy:
      - default-src 'self'; img-src 'self' data:; script-src 'self'; style-src 'self'
        'unsafe-inline'
    body:
      encoding: UTF-8
      string: '{"success":true,"errors":[]}'
  recorded_at: Thu, 29 Jul 2021 12:23:53 GMT
- request:
    method: post
    uri: https://check-financial-eligibility-staging.apps.live-1.cloud-platform.service.justice.gov.uk/assessments/d2d100bd-a5e5-4c8a-9c19-18cb590a5590/explicit_remarks
    body:
      encoding: UTF-8
      string: '{"explicit_remarks":[{"category":"policy_disregards","details":["england_infected_blood_support"]}]}'
    headers:
      Content-Type:
      - application/json
      Accept:
      - application/json;version=3
      User-Agent:
      - Faraday v1.5.1
      Accept-Encoding:
      - gzip;q=1.0,deflate;q=0.6,identity;q=0.3
  response:
    status:
      code: 200
      message: OK
    headers:
      Date:
      - Thu, 29 Jul 2021 12:23:53 GMT
      Content-Type:
      - application/json; charset=utf-8
      Transfer-Encoding:
      - chunked
      Connection:
      - keep-alive
      Vary:
      - Accept
      Etag:
      - W/"e156c1de751f0fc41f3ce5edefd256d2"
      Cache-Control:
      - max-age=0, private, must-revalidate
      X-Request-Id:
      - '0959448fd411b62ec3aa412811ee4514'
      X-Runtime:
      - '0.009189'
      Strict-Transport-Security:
      - max-age=15724800; includeSubDomains
      X-Frame-Options:
      - sameorigin
      X-Content-Type-Options:
      - nosniff
      X-Xss-Protection:
      - 1; mode=block
      X-Download-Options:
      - noopen
      X-Permitted-Cross-Domain-Policies:
      - none
      Content-Security-Policy:
      - default-src 'self'; img-src 'self' data:; script-src 'self'; style-src 'self'
        'unsafe-inline'
    body:
      encoding: UTF-8
      string: '{"success":true,"errors":[]}'
  recorded_at: Thu, 29 Jul 2021 12:23:53 GMT
- request:
    method: post
    uri: https://check-financial-eligibility-staging.apps.live-1.cloud-platform.service.justice.gov.uk/assessments/d2d100bd-a5e5-4c8a-9c19-18cb590a5590/dependants
    body:
      encoding: UTF-8
      string: '{"dependants":[]}'
    headers:
      Content-Type:
      - application/json
      Accept:
      - application/json;version=3
      User-Agent:
      - Faraday v1.5.1
      Accept-Encoding:
      - gzip;q=1.0,deflate;q=0.6,identity;q=0.3
  response:
    status:
      code: 200
      message: OK
    headers:
      Date:
      - Thu, 29 Jul 2021 12:23:53 GMT
      Content-Type:
      - application/json; charset=utf-8
      Transfer-Encoding:
      - chunked
      Connection:
      - keep-alive
      Vary:
      - Accept
      Etag:
      - W/"e156c1de751f0fc41f3ce5edefd256d2"
      Cache-Control:
      - max-age=0, private, must-revalidate
      X-Request-Id:
      - 88d23a768113a454e8e33e8c39b35829
      X-Runtime:
      - '0.005306'
      Strict-Transport-Security:
      - max-age=15724800; includeSubDomains
      X-Frame-Options:
      - sameorigin
      X-Content-Type-Options:
      - nosniff
      X-Xss-Protection:
      - 1; mode=block
      X-Download-Options:
      - noopen
      X-Permitted-Cross-Domain-Policies:
      - none
      Content-Security-Policy:
      - default-src 'self'; img-src 'self' data:; script-src 'self'; style-src 'self'
        'unsafe-inline'
    body:
      encoding: UTF-8
      string: '{"success":true,"errors":[]}'
  recorded_at: Thu, 29 Jul 2021 12:23:53 GMT
- request:
    method: post
    uri: https://check-financial-eligibility-staging.apps.live-1.cloud-platform.service.justice.gov.uk/assessments/d2d100bd-a5e5-4c8a-9c19-18cb590a5590/outgoings
    body:
      encoding: UTF-8
      string: '{"outgoings":[]}'
    headers:
      Content-Type:
      - application/json
      Accept:
      - application/json;version=3
      User-Agent:
      - Faraday v1.5.1
      Accept-Encoding:
      - gzip;q=1.0,deflate;q=0.6,identity;q=0.3
  response:
    status:
      code: 200
      message: OK
    headers:
      Date:
      - Thu, 29 Jul 2021 12:23:54 GMT
      Content-Type:
      - application/json; charset=utf-8
      Transfer-Encoding:
      - chunked
      Connection:
      - keep-alive
      Vary:
      - Accept
      Etag:
      - W/"e156c1de751f0fc41f3ce5edefd256d2"
      Cache-Control:
      - max-age=0, private, must-revalidate
      X-Request-Id:
      - bc7878eb9914700e720c7aabef7bbbe0
      X-Runtime:
      - '0.002586'
      Strict-Transport-Security:
      - max-age=15724800; includeSubDomains
      X-Frame-Options:
      - sameorigin
      X-Content-Type-Options:
      - nosniff
      X-Xss-Protection:
      - 1; mode=block
      X-Download-Options:
      - noopen
      X-Permitted-Cross-Domain-Policies:
      - none
      Content-Security-Policy:
      - default-src 'self'; img-src 'self' data:; script-src 'self'; style-src 'self'
        'unsafe-inline'
    body:
      encoding: UTF-8
      string: '{"success":true,"errors":[]}'
  recorded_at: Thu, 29 Jul 2021 12:23:54 GMT
- request:
    method: post
    uri: https://check-financial-eligibility-staging.apps.live-1.cloud-platform.service.justice.gov.uk/assessments/d2d100bd-a5e5-4c8a-9c19-18cb590a5590/state_benefits
    body:
      encoding: UTF-8
      string: '{"state_benefits":[{"name":"child_benefit","payments":[{"date":"2021-04-30","amount":815343.99,"client_id":"96000600-60b0-4591-bd42-261cef41d9a9"},{"date":"2021-05-30","amount":531234.45,"client_id":"0570cfc7-d56d-4e4f-b60b-af2b6b4b46ed"},{"date":"2021-06-29","amount":72350.5,"client_id":"df4dc5c6-c14b-4625-a62e-026373050c0a"}]}]}'
    headers:
      Content-Type:
      - application/json
      Accept:
      - application/json;version=3
      User-Agent:
      - Faraday v1.5.1
      Accept-Encoding:
      - gzip;q=1.0,deflate;q=0.6,identity;q=0.3
  response:
    status:
      code: 200
      message: OK
    headers:
      Date:
      - Thu, 29 Jul 2021 12:23:54 GMT
      Content-Type:
      - application/json; charset=utf-8
      Transfer-Encoding:
      - chunked
      Connection:
      - keep-alive
      Vary:
      - Accept
      Etag:
      - W/"e156c1de751f0fc41f3ce5edefd256d2"
      Cache-Control:
      - max-age=0, private, must-revalidate
      X-Request-Id:
      - 618631865397b4f37451bbd14833d184
      X-Runtime:
      - '0.027650'
      Strict-Transport-Security:
      - max-age=15724800; includeSubDomains
      X-Frame-Options:
      - sameorigin
      X-Content-Type-Options:
      - nosniff
      X-Xss-Protection:
      - 1; mode=block
      X-Download-Options:
      - noopen
      X-Permitted-Cross-Domain-Policies:
      - none
      Content-Security-Policy:
      - default-src 'self'; img-src 'self' data:; script-src 'self'; style-src 'self'
        'unsafe-inline'
    body:
      encoding: UTF-8
      string: '{"success":true,"errors":[]}'
  recorded_at: Thu, 29 Jul 2021 12:23:54 GMT
- request:
    method: post
    uri: https://check-financial-eligibility-staging.apps.live-1.cloud-platform.service.justice.gov.uk/assessments/d2d100bd-a5e5-4c8a-9c19-18cb590a5590/other_incomes
    body:
      encoding: UTF-8
      string: '{"other_incomes":[]}'
    headers:
      Content-Type:
      - application/json
      Accept:
      - application/json;version=3
      User-Agent:
      - Faraday v1.5.1
      Accept-Encoding:
      - gzip;q=1.0,deflate;q=0.6,identity;q=0.3
  response:
    status:
      code: 200
      message: OK
    headers:
      Date:
      - Thu, 29 Jul 2021 12:23:54 GMT
      Content-Type:
      - application/json; charset=utf-8
      Transfer-Encoding:
      - chunked
      Connection:
      - keep-alive
      Vary:
      - Accept
      Etag:
      - W/"e156c1de751f0fc41f3ce5edefd256d2"
      Cache-Control:
      - max-age=0, private, must-revalidate
      X-Request-Id:
      - bfffa8b3419f795ab678ed67ce319859
      X-Runtime:
      - '0.004735'
      Strict-Transport-Security:
      - max-age=15724800; includeSubDomains
      X-Frame-Options:
      - sameorigin
      X-Content-Type-Options:
      - nosniff
      X-Xss-Protection:
      - 1; mode=block
      X-Download-Options:
      - noopen
      X-Permitted-Cross-Domain-Policies:
      - none
      Content-Security-Policy:
      - default-src 'self'; img-src 'self' data:; script-src 'self'; style-src 'self'
        'unsafe-inline'
    body:
      encoding: UTF-8
      string: '{"success":true,"errors":[]}'
  recorded_at: Thu, 29 Jul 2021 12:23:54 GMT
- request:
    method: post
    uri: https://check-financial-eligibility-staging.apps.live-1.cloud-platform.service.justice.gov.uk/assessments/d2d100bd-a5e5-4c8a-9c19-18cb590a5590/irregular_incomes
    body:
      encoding: UTF-8
      string: '{"payments":[]}'
    headers:
      Content-Type:
      - application/json
      Accept:
      - application/json;version=3
      User-Agent:
      - Faraday v1.5.1
      Accept-Encoding:
      - gzip;q=1.0,deflate;q=0.6,identity;q=0.3
  response:
    status:
      code: 200
      message: OK
    headers:
      Date:
      - Thu, 29 Jul 2021 12:23:54 GMT
      Content-Type:
      - application/json; charset=utf-8
      Transfer-Encoding:
      - chunked
      Connection:
      - keep-alive
      Vary:
      - Accept
      Etag:
      - W/"e156c1de751f0fc41f3ce5edefd256d2"
      Cache-Control:
      - max-age=0, private, must-revalidate
      X-Request-Id:
      - 31fc1ceb6522ed40e8f793c062286037
      X-Runtime:
      - '0.004537'
      Strict-Transport-Security:
      - max-age=15724800; includeSubDomains
      X-Frame-Options:
      - sameorigin
      X-Content-Type-Options:
      - nosniff
      X-Xss-Protection:
      - 1; mode=block
      X-Download-Options:
      - noopen
      X-Permitted-Cross-Domain-Policies:
      - none
      Content-Security-Policy:
      - default-src 'self'; img-src 'self' data:; script-src 'self'; style-src 'self'
        'unsafe-inline'
    body:
      encoding: UTF-8
      string: '{"success":true,"errors":[]}'
  recorded_at: Thu, 29 Jul 2021 12:23:54 GMT
- request:
    method: post
    uri: https://check-financial-eligibility-staging.apps.live-1.cloud-platform.service.justice.gov.uk/assessments/d2d100bd-a5e5-4c8a-9c19-18cb590a5590/cash_transactions
    body:
      encoding: UTF-8
      string: '{"income":[],"outgoings":[]}'
    headers:
      Content-Type:
      - application/json
      Accept:
      - application/json;version=3
      User-Agent:
      - Faraday v1.5.1
      Accept-Encoding:
      - gzip;q=1.0,deflate;q=0.6,identity;q=0.3
  response:
    status:
      code: 200
      message: OK
    headers:
      Date:
      - Thu, 29 Jul 2021 12:23:54 GMT
      Content-Type:
      - application/json; charset=utf-8
      Transfer-Encoding:
      - chunked
      Connection:
      - keep-alive
      Vary:
      - Accept
      Etag:
      - W/"e156c1de751f0fc41f3ce5edefd256d2"
      Cache-Control:
      - max-age=0, private, must-revalidate
      X-Request-Id:
      - 5aa7258b978d109a0c692e4c68bb4d94
      X-Runtime:
      - '0.003092'
      Strict-Transport-Security:
      - max-age=15724800; includeSubDomains
      X-Frame-Options:
      - sameorigin
      X-Content-Type-Options:
      - nosniff
      X-Xss-Protection:
      - 1; mode=block
      X-Download-Options:
      - noopen
      X-Permitted-Cross-Domain-Policies:
      - none
      Content-Security-Policy:
      - default-src 'self'; img-src 'self' data:; script-src 'self'; style-src 'self'
        'unsafe-inline'
    body:
      encoding: UTF-8
      string: '{"success":true,"errors":[]}'
  recorded_at: Thu, 29 Jul 2021 12:23:54 GMT
- request:
    method: get
    uri: https://check-financial-eligibility-staging.apps.live-1.cloud-platform.service.justice.gov.uk/assessments/d2d100bd-a5e5-4c8a-9c19-18cb590a5590
    body:
      encoding: US-ASCII
      string: ''
    headers:
      Content-Type:
      - application/json
      Accept:
      - application/json;version=3
      User-Agent:
      - Faraday v1.5.1
      Accept-Encoding:
      - gzip;q=1.0,deflate;q=0.6,identity;q=0.3
  response:
    status:
      code: 200
      message: OK
    headers:
      Date:
      - Thu, 29 Jul 2021 12:23:55 GMT
      Content-Type:
      - application/json; charset=utf-8
      Transfer-Encoding:
      - chunked
      Connection:
      - keep-alive
      Vary:
      - Accept
      Etag:
      - W/"4dfbb0b749532bcff42baa39ca855581"
      Cache-Control:
      - max-age=0, private, must-revalidate
      X-Request-Id:
      - aeafe8a08a42d81bfb6a3d31eb35ccc8
      X-Runtime:
      - '0.414866'
      Strict-Transport-Security:
      - max-age=15724800; includeSubDomains
      X-Frame-Options:
      - sameorigin
      X-Content-Type-Options:
      - nosniff
      X-Xss-Protection:
      - 1; mode=block
      X-Download-Options:
      - noopen
      X-Permitted-Cross-Domain-Policies:
      - none
      Content-Security-Policy:
      - default-src 'self'; img-src 'self' data:; script-src 'self'; style-src 'self'
        'unsafe-inline'
    body:
      encoding: UTF-8
      string: '{"version":"3","timestamp":"2021-07-29T12:23:55.562Z","success":true,"assessment":{"id":"d2d100bd-a5e5-4c8a-9c19-18cb590a5590","client_reference_id":"L-039-65X","submission_date":"2021-07-29","matter_proceeding_type":"domestic_abuse","assessment_result":"contribution_required","applicant":{"date_of_birth":"1994-12-21","involvement_type":"applicant","has_partner_opponent":false,"receives_qualifying_benefit":false,"self_employed":false},"gross_income":{"summary":{"total_gross_income":"472976.31","upper_threshold":"999999999999.0","assessment_result":"eligible"},"irregular_income":{"monthly_equivalents":{"student_loan":"0.0"}},"state_benefits":{"monthly_equivalents":{"all_sources":"472976.31","cash_transactions":"0.0","bank_transactions":[{"name":"Child
        Benefit","monthly_value":"472976.31","excluded_from_income_assessment":false}]}},"other_income":{"monthly_equivalents":{"bank_transactions":{"friends_or_family":"0.0","maintenance_in":"0.0","property_or_lodger":"0.0","pension":"0.0"},"cash_transactions":{"friends_or_family":"0.0","maintenance_in":"0.0","property_or_lodger":"0.0","pension":"0.0"},"all_sources":{"friends_or_family":"0.0","maintenance_in":"0.0","property_or_lodger":"0.0","pension":"0.0"}}}},"disposable_income":{"monthly_equivalents":{"bank_transactions":{"child_care":"0.0","rent_or_mortgage":"0.0","maintenance_out":"0.0","legal_aid":"0.0"},"cash_transactions":{"child_care":"0.0","rent_or_mortgage":"0.0","maintenance_out":"0.0","legal_aid":"0.0"},"all_sources":{"child_care":"0.0","rent_or_mortgage":"0.0","maintenance_out":"0.0","legal_aid":"0.0"}},"childcare_allowance":"0.0","deductions":{"dependants_allowance":"0.0","disregarded_state_benefits":0.0},"dependant_allowance":"0.0","maintenance_allowance":"0.0","gross_housing_costs":"0.0","housing_benefit":"0.0","net_housing_costs":"0.0","total_outgoings_and_allowances":"0.0","total_disposable_income":"472976.31","lower_threshold":"315.0","upper_threshold":"999999999999.0","assessment_result":"contribution_required","income_contribution":"330774.07"},"capital":{"capital_items":{"liquid":[{"description":"Online
        current accounts","value":"264114.16"},{"description":"Online savings accounts","value":"0.0"}],"non_liquid":[{"description":"Land","value":"50000.0"}],"vehicles":[],"properties":{"main_home":{"value":"0.0","outstanding_mortgage":"0.0","percentage_owned":"0.0","main_home":true,"shared_with_housing_assoc":false,"transaction_allowance":"0.0","allowable_outstanding_mortgage":"0.0","net_value":"0.0","net_equity":"0.0","main_home_equity_disregard":"100000.0","assessed_equity":"0.0"},"additional_properties":[{"value":"0.0","outstanding_mortgage":"0.0","percentage_owned":"0.0","main_home":false,"shared_with_housing_assoc":false,"transaction_allowance":"0.0","allowable_outstanding_mortgage":"0.0","net_value":"0.0","net_equity":"0.0","main_home_equity_disregard":"0.0","assessed_equity":"0.0"}]}},"total_liquid":"264114.16","total_non_liquid":"50000.0","total_vehicle":"0.0","total_property":"0.0","total_mortgage_allowance":"999999999999.0","total_capital":"314114.16","pensioner_capital_disregard":"0.0","assessed_capital":"314114.16","lower_threshold":"3000.0","upper_threshold":"999999999999.0","assessment_result":"contribution_required","capital_contribution":"311114.16"},"remarks":{"state_benefit_payment":{"amount_variation":["96000600-60b0-4591-bd42-261cef41d9a9","0570cfc7-d56d-4e4f-b60b-af2b6b4b46ed","df4dc5c6-c14b-4625-a62e-026373050c0a"]},"policy_disregards":["england_infected_blood_support"]}}}'
  recorded_at: Thu, 29 Jul 2021 12:23:55 GMT
- request:
    method: post
    uri: https://legal-framework-api-staging.apps.live-1.cloud-platform.service.justice.gov.uk/merits_tasks
    body:
      encoding: UTF-8
      string: '{"request_id":"80f00426-1eb8-4eb5-911a-932a0f95100b","proceeding_types":["DA001"]}'
    headers:
      Content-Type:
      - application/json
      User-Agent:
      - Faraday v1.5.1
      Accept-Encoding:
      - gzip;q=1.0,deflate;q=0.6,identity;q=0.3
      Accept:
      - "*/*"
  response:
    status:
      code: 200
      message: OK
    headers:
      Date:
      - Thu, 29 Jul 2021 12:23:56 GMT
      Content-Type:
      - application/json; charset=utf-8
      Transfer-Encoding:
      - chunked
      Connection:
      - keep-alive
      X-Frame-Options:
      - SAMEORIGIN
      X-Xss-Protection:
      - 1; mode=block
      X-Content-Type-Options:
      - nosniff
      X-Download-Options:
      - noopen
      X-Permitted-Cross-Domain-Policies:
      - none
      Referrer-Policy:
      - strict-origin-when-cross-origin
      Vary:
      - Accept
      Etag:
      - W/"363d1cf0345eae8db3982a6c6bd8cc8c"
      Cache-Control:
      - max-age=0, private, must-revalidate
      X-Request-Id:
      - b1d8fb0aeb9627356ed5fa38e53ef1ff
      X-Runtime:
      - '0.082113'
      Strict-Transport-Security:
      - max-age=15724800; includeSubDomains
    body:
      encoding: UTF-8
      string: '{"request_id":"80f00426-1eb8-4eb5-911a-932a0f95100b","success":true,"application":{"tasks":{"latest_incident_details":[],"opponent_details":[],"statement_of_case":[]}},"proceeding_types":[{"ccms_code":"DA001","tasks":{"chances_of_success":[]}}]}'
  recorded_at: Thu, 29 Jul 2021 12:23:56 GMT
recorded_with: VCR 6.0.0
